[2024-05-13T23:23:01.933+0530][gc,heap] Heap region size: 1M
[2024-05-13T23:23:01.942+0530][gc     ] Using G1
[2024-05-13T23:23:01.942+0530][gc,heap,coops] Heap address: 0x00000000c0000000, size: 1024 MB, Compressed Oops mode: 32-bit
[2024-05-13T23:23:01.943+0530][gc,cds       ] Mark closed archive regions in map: [0x00000000fff00000, 0x00000000fff6bff8]
[2024-05-13T23:23:01.943+0530][gc,cds       ] Mark open archive regions in map: [0x00000000ffe00000, 0x00000000ffe47ff8]
[2024-05-13T23:23:03.255+0530][gc,start     ] GC(0) Pause Young (Normal) (G1 Evacuation Pause)
[2024-05-13T23:23:03.257+0530][gc,task      ] GC(0) Using 10 workers of 10 for evacuation
[2024-05-13T23:23:03.269+0530][gc,phases    ] GC(0)   Pre Evacuate Collection Set: 0.0ms
[2024-05-13T23:23:03.269+0530][gc,phases    ] GC(0)   Evacuate Collection Set: 10.1ms
[2024-05-13T23:23:03.269+0530][gc,phases    ] GC(0)   Post Evacuate Collection Set: 1.1ms
[2024-05-13T23:23:03.270+0530][gc,phases    ] GC(0)   Other: 1.9ms
[2024-05-13T23:23:03.270+0530][gc,heap      ] GC(0) Eden regions: 51->0(44)
[2024-05-13T23:23:03.270+0530][gc,heap      ] GC(0) Survivor regions: 0->7(7)
[2024-05-13T23:23:03.270+0530][gc,heap      ] GC(0) Old regions: 2->3
[2024-05-13T23:23:03.271+0530][gc,heap      ] GC(0) Humongous regions: 0->0
[2024-05-13T23:23:03.271+0530][gc,metaspace ] GC(0) Metaspace: 13981K(14592K)->13981K(14592K) NonClass: 12257K(12544K)->12257K(12544K) Class: 1724K(2048K)->1724K(2048K)
[2024-05-13T23:23:03.271+0530][gc           ] GC(0) Pause Young (Normal) (G1 Evacuation Pause) 51M->8M(1024M) 15.615ms
[2024-05-13T23:23:03.271+0530][gc,cpu       ] GC(0) User=0.05s Sys=0.06s Real=0.02s
[2024-05-13T23:23:03.851+0530][gc,start     ] GC(1) Pause Young (Concurrent Start) (Metadata GC Threshold)
[2024-05-13T23:23:03.852+0530][gc,task      ] GC(1) Using 10 workers of 10 for evacuation
[2024-05-13T23:23:03.857+0530][gc,phases    ] GC(1)   Pre Evacuate Collection Set: 0.1ms
[2024-05-13T23:23:03.858+0530][gc,phases    ] GC(1)   Evacuate Collection Set: 4.4ms
[2024-05-13T23:23:03.858+0530][gc,phases    ] GC(1)   Post Evacuate Collection Set: 0.7ms
[2024-05-13T23:23:03.858+0530][gc,phases    ] GC(1)   Other: 0.7ms
[2024-05-13T23:23:03.858+0530][gc,heap      ] GC(1) Eden regions: 31->0(49)
[2024-05-13T23:23:03.858+0530][gc,heap      ] GC(1) Survivor regions: 7->2(7)
[2024-05-13T23:23:03.858+0530][gc,heap      ] GC(1) Old regions: 3->10
[2024-05-13T23:23:03.858+0530][gc,heap      ] GC(1) Humongous regions: 0->0
[2024-05-13T23:23:03.859+0530][gc,metaspace ] GC(1) Metaspace: 20545K(21248K)->20545K(21248K) NonClass: 18065K(18432K)->18065K(18432K) Class: 2480K(2816K)->2480K(2816K)
[2024-05-13T23:23:03.859+0530][gc           ] GC(1) Pause Young (Concurrent Start) (Metadata GC Threshold) 38M->9M(1024M) 7.312ms
[2024-05-13T23:23:03.859+0530][gc,cpu       ] GC(1) User=0.03s Sys=0.01s Real=0.00s
[2024-05-13T23:23:03.859+0530][gc           ] GC(2) Concurrent Cycle
[2024-05-13T23:23:03.859+0530][gc,marking   ] GC(2) Concurrent Clear Claimed Marks
[2024-05-13T23:23:03.859+0530][gc,marking   ] GC(2) Concurrent Clear Claimed Marks 0.256ms
[2024-05-13T23:23:03.860+0530][gc,marking   ] GC(2) Concurrent Scan Root Regions
[2024-05-13T23:23:03.861+0530][gc,marking   ] GC(2) Concurrent Scan Root Regions 1.348ms
[2024-05-13T23:23:03.861+0530][gc,marking   ] GC(2) Concurrent Mark (1.964s)
[2024-05-13T23:23:03.861+0530][gc,marking   ] GC(2) Concurrent Mark From Roots
[2024-05-13T23:23:03.862+0530][gc,task      ] GC(2) Using 3 workers of 3 for marking
[2024-05-13T23:23:03.865+0530][gc,marking   ] GC(2) Concurrent Mark From Roots 3.876ms
[2024-05-13T23:23:03.866+0530][gc,marking   ] GC(2) Concurrent Preclean
[2024-05-13T23:23:03.866+0530][gc,marking   ] GC(2) Concurrent Preclean 0.327ms
[2024-05-13T23:23:03.866+0530][gc,marking   ] GC(2) Concurrent Mark (1.964s, 1.969s) 4.926ms
[2024-05-13T23:23:03.867+0530][gc,start     ] GC(2) Pause Remark
[2024-05-13T23:23:03.868+0530][gc,stringtable] GC(2) Cleaned string and symbol table, strings: 5646 processed, 0 removed, symbols: 53594 processed, 39 removed
[2024-05-13T23:23:03.869+0530][gc            ] GC(2) Pause Remark 9M->9M(1024M) 2.189ms
[2024-05-13T23:23:03.869+0530][gc,cpu        ] GC(2) User=0.01s Sys=0.00s Real=0.00s
[2024-05-13T23:23:03.869+0530][gc,marking    ] GC(2) Concurrent Rebuild Remembered Sets
[2024-05-13T23:23:03.871+0530][gc,marking    ] GC(2) Concurrent Rebuild Remembered Sets 1.948ms
[2024-05-13T23:23:03.872+0530][gc,start      ] GC(2) Pause Cleanup
[2024-05-13T23:23:03.872+0530][gc            ] GC(2) Pause Cleanup 9M->9M(1024M) 0.468ms
[2024-05-13T23:23:03.872+0530][gc,cpu        ] GC(2) User=0.00s Sys=0.00s Real=0.00s
[2024-05-13T23:23:03.873+0530][gc,marking    ] GC(2) Concurrent Cleanup for Next Mark
[2024-05-13T23:23:03.875+0530][gc,marking    ] GC(2) Concurrent Cleanup for Next Mark 1.914ms
[2024-05-13T23:23:03.875+0530][gc            ] GC(2) Concurrent Cycle 15.870ms
[2024-05-13T23:23:04.765+0530][gc,start      ] GC(3) Pause Young (Normal) (G1 Evacuation Pause)
[2024-05-13T23:23:04.765+0530][gc,task       ] GC(3) Using 10 workers of 10 for evacuation
[2024-05-13T23:23:04.767+0530][gc,phases     ] GC(3)   Pre Evacuate Collection Set: 0.0ms
[2024-05-13T23:23:04.767+0530][gc,phases     ] GC(3)   Evacuate Collection Set: 1.5ms
[2024-05-13T23:23:04.768+0530][gc,phases     ] GC(3)   Post Evacuate Collection Set: 0.5ms
[2024-05-13T23:23:04.768+0530][gc,phases     ] GC(3)   Other: 0.4ms
[2024-05-13T23:23:04.768+0530][gc,heap       ] GC(3) Eden regions: 49->0(47)
[2024-05-13T23:23:04.768+0530][gc,heap       ] GC(3) Survivor regions: 2->4(7)
[2024-05-13T23:23:04.769+0530][gc,heap       ] GC(3) Old regions: 10->10
[2024-05-13T23:23:04.769+0530][gc,heap       ] GC(3) Humongous regions: 129->129
[2024-05-13T23:23:04.769+0530][gc,metaspace  ] GC(3) Metaspace: 27708K(28800K)->27708K(28800K) NonClass: 24444K(25088K)->24444K(25088K) Class: 3264K(3712K)->3264K(3712K)
[2024-05-13T23:23:04.769+0530][gc            ] GC(3) Pause Young (Normal) (G1 Evacuation Pause) 187M->139M(1024M) 4.133ms
[2024-05-13T23:23:04.769+0530][gc,cpu        ] GC(3) User=0.02s Sys=0.00s Real=0.00s
[2024-05-13T23:23:05.329+0530][gc,start      ] GC(4) Pause Young (Concurrent Start) (Metadata GC Threshold)
[2024-05-13T23:23:05.329+0530][gc,task       ] GC(4) Using 10 workers of 10 for evacuation
[2024-05-13T23:23:05.337+0530][gc,phases     ] GC(4)   Pre Evacuate Collection Set: 0.1ms
[2024-05-13T23:23:05.338+0530][gc,phases     ] GC(4)   Evacuate Collection Set: 6.7ms
[2024-05-13T23:23:05.338+0530][gc,phases     ] GC(4)   Post Evacuate Collection Set: 0.6ms
[2024-05-13T23:23:05.338+0530][gc,phases     ] GC(4)   Other: 0.7ms
[2024-05-13T23:23:05.338+0530][gc,heap       ] GC(4) Eden regions: 46->0(44)
[2024-05-13T23:23:05.338+0530][gc,heap       ] GC(4) Survivor regions: 4->7(7)
[2024-05-13T23:23:05.339+0530][gc,heap       ] GC(4) Old regions: 10->10
[2024-05-13T23:23:05.339+0530][gc,heap       ] GC(4) Humongous regions: 129->129
[2024-05-13T23:23:05.339+0530][gc,metaspace  ] GC(4) Metaspace: 34479K(35840K)->34479K(35840K) NonClass: 30524K(31232K)->30524K(31232K) Class: 3955K(4608K)->3955K(4608K)
[2024-05-13T23:23:05.339+0530][gc            ] GC(4) Pause Young (Concurrent Start) (Metadata GC Threshold) 185M->143M(1024M) 9.905ms
[2024-05-13T23:23:05.339+0530][gc,cpu        ] GC(4) User=0.05s Sys=0.00s Real=0.01s
[2024-05-13T23:23:05.339+0530][gc            ] GC(5) Concurrent Cycle
[2024-05-13T23:23:05.357+0530][gc,marking    ] GC(5) Concurrent Clear Claimed Marks
[2024-05-13T23:23:05.358+0530][gc,marking    ] GC(5) Concurrent Clear Claimed Marks 0.520ms
[2024-05-13T23:23:05.358+0530][gc,marking    ] GC(5) Concurrent Scan Root Regions
[2024-05-13T23:23:05.360+0530][gc,marking    ] GC(5) Concurrent Scan Root Regions 1.636ms
[2024-05-13T23:23:05.360+0530][gc,marking    ] GC(5) Concurrent Mark (3.463s)
[2024-05-13T23:23:05.360+0530][gc,marking    ] GC(5) Concurrent Mark From Roots
[2024-05-13T23:23:05.361+0530][gc,task       ] GC(5) Using 3 workers of 3 for marking
[2024-05-13T23:23:05.364+0530][gc,marking    ] GC(5) Concurrent Mark From Roots 3.746ms
[2024-05-13T23:23:05.365+0530][gc,marking    ] GC(5) Concurrent Preclean
[2024-05-13T23:23:05.365+0530][gc,marking    ] GC(5) Concurrent Preclean 0.413ms
[2024-05-13T23:23:05.365+0530][gc,marking    ] GC(5) Concurrent Mark (3.463s, 3.468s) 4.973ms
[2024-05-13T23:23:05.366+0530][gc,start      ] GC(5) Pause Remark
[2024-05-13T23:23:05.368+0530][gc,stringtable] GC(5) Cleaned string and symbol table, strings: 10007 processed, 9 removed, symbols: 84209 processed, 18 removed
[2024-05-13T23:23:05.369+0530][gc            ] GC(5) Pause Remark 144M->144M(1024M) 2.874ms
[2024-05-13T23:23:05.369+0530][gc,cpu        ] GC(5) User=0.02s Sys=0.00s Real=0.00s
[2024-05-13T23:23:05.369+0530][gc,marking    ] GC(5) Concurrent Rebuild Remembered Sets
[2024-05-13T23:23:05.371+0530][gc,marking    ] GC(5) Concurrent Rebuild Remembered Sets 2.048ms
[2024-05-13T23:23:05.372+0530][gc,start      ] GC(5) Pause Cleanup
[2024-05-13T23:23:05.373+0530][gc            ] GC(5) Pause Cleanup 144M->144M(1024M) 0.596ms
[2024-05-13T23:23:05.373+0530][gc,cpu        ] GC(5) User=0.01s Sys=0.00s Real=0.00s
[2024-05-13T23:23:05.373+0530][gc,marking    ] GC(5) Concurrent Cleanup for Next Mark
[2024-05-13T23:23:05.381+0530][gc,marking    ] GC(5) Concurrent Cleanup for Next Mark 8.031ms
[2024-05-13T23:23:05.382+0530][gc            ] GC(5) Concurrent Cycle 42.104ms
[2024-05-13T23:23:06.312+0530][gc,start      ] GC(6) Pause Young (Normal) (G1 Evacuation Pause)
[2024-05-13T23:23:06.312+0530][gc,task       ] GC(6) Using 10 workers of 10 for evacuation
[2024-05-13T23:23:06.321+0530][gc,phases     ] GC(6)   Pre Evacuate Collection Set: 0.0ms
[2024-05-13T23:23:06.322+0530][gc,phases     ] GC(6)   Evacuate Collection Set: 7.8ms
[2024-05-13T23:23:06.322+0530][gc,phases     ] GC(6)   Post Evacuate Collection Set: 0.9ms
[2024-05-13T23:23:06.323+0530][gc,phases     ] GC(6)   Other: 0.5ms
[2024-05-13T23:23:06.323+0530][gc,heap       ] GC(6) Eden regions: 44->0(48)
[2024-05-13T23:23:06.323+0530][gc,heap       ] GC(6) Survivor regions: 7->3(7)
[2024-05-13T23:23:06.324+0530][gc,heap       ] GC(6) Old regions: 10->16
[2024-05-13T23:23:06.324+0530][gc,heap       ] GC(6) Humongous regions: 207->135
[2024-05-13T23:23:06.324+0530][gc,metaspace  ] GC(6) Metaspace: 41200K(43648K)->41200K(43648K) NonClass: 36044K(37376K)->36044K(37376K) Class: 5156K(6272K)->5156K(6272K)
[2024-05-13T23:23:06.325+0530][gc            ] GC(6) Pause Young (Normal) (G1 Evacuation Pause) 265M->152M(1024M) 12.475ms
[2024-05-13T23:23:06.325+0530][gc,cpu        ] GC(6) User=0.09s Sys=0.01s Real=0.01s
[2024-05-13T23:28:21.311+0530][gc,start      ] GC(7) Pause Young (Normal) (G1 Evacuation Pause)
[2024-05-13T23:28:21.311+0530][gc,task       ] GC(7) Using 10 workers of 10 for evacuation
[2024-05-13T23:28:21.318+0530][gc,phases     ] GC(7)   Pre Evacuate Collection Set: 0.6ms
[2024-05-13T23:28:21.318+0530][gc,phases     ] GC(7)   Evacuate Collection Set: 3.6ms
[2024-05-13T23:28:21.319+0530][gc,phases     ] GC(7)   Post Evacuate Collection Set: 1.6ms
[2024-05-13T23:28:21.319+0530][gc,phases     ] GC(7)   Other: 1.2ms
[2024-05-13T23:28:21.319+0530][gc,heap       ] GC(7) Eden regions: 48->0(45)
[2024-05-13T23:28:21.320+0530][gc,heap       ] GC(7) Survivor regions: 3->6(7)
[2024-05-13T23:28:21.320+0530][gc,heap       ] GC(7) Old regions: 16->16
[2024-05-13T23:28:21.320+0530][gc,heap       ] GC(7) Humongous regions: 185->129
[2024-05-13T23:28:21.321+0530][gc,metaspace  ] GC(7) Metaspace: 44635K(47488K)->44635K(47488K) NonClass: 38953K(40448K)->38953K(40448K) Class: 5681K(7040K)->5681K(7040K)
[2024-05-13T23:28:21.321+0530][gc            ] GC(7) Pause Young (Normal) (G1 Evacuation Pause) 250M->149M(1024M) 9.903ms
[2024-05-13T23:28:21.321+0530][gc,cpu        ] GC(7) User=0.03s Sys=0.01s Real=0.01s
[2024-05-13T23:32:55.320+0530][gc,start      ] GC(8) Pause Young (Normal) (G1 Evacuation Pause)
[2024-05-13T23:32:55.321+0530][gc,task       ] GC(8) Using 10 workers of 10 for evacuation
[2024-05-13T23:32:55.325+0530][gc,phases     ] GC(8)   Pre Evacuate Collection Set: 0.5ms
[2024-05-13T23:32:55.325+0530][gc,phases     ] GC(8)   Evacuate Collection Set: 2.4ms
[2024-05-13T23:32:55.325+0530][gc,phases     ] GC(8)   Post Evacuate Collection Set: 0.9ms
[2024-05-13T23:32:55.325+0530][gc,phases     ] GC(8)   Other: 0.8ms
[2024-05-13T23:32:55.326+0530][gc,heap       ] GC(8) Eden regions: 45->0(48)
[2024-05-13T23:32:55.326+0530][gc,heap       ] GC(8) Survivor regions: 6->3(7)
[2024-05-13T23:32:55.326+0530][gc,heap       ] GC(8) Old regions: 16->19
[2024-05-13T23:32:55.326+0530][gc,heap       ] GC(8) Humongous regions: 157->129
[2024-05-13T23:32:55.326+0530][gc,metaspace  ] GC(8) Metaspace: 44996K(48000K)->44996K(48000K) NonClass: 39289K(40960K)->39289K(40960K) Class: 5706K(7040K)->5706K(7040K)
[2024-05-13T23:32:55.327+0530][gc            ] GC(8) Pause Young (Normal) (G1 Evacuation Pause) 222M->148M(1024M) 6.346ms
[2024-05-13T23:32:55.327+0530][gc,cpu        ] GC(8) User=0.02s Sys=0.00s Real=0.00s
[2024-05-13T23:37:29.839+0530][gc,start      ] GC(9) Pause Young (Normal) (G1 Evacuation Pause)
[2024-05-13T23:37:29.840+0530][gc,task       ] GC(9) Using 10 workers of 10 for evacuation
[2024-05-13T23:37:29.844+0530][gc,phases     ] GC(9)   Pre Evacuate Collection Set: 0.5ms
[2024-05-13T23:37:29.845+0530][gc,phases     ] GC(9)   Evacuate Collection Set: 2.5ms
[2024-05-13T23:37:29.845+0530][gc,phases     ] GC(9)   Post Evacuate Collection Set: 0.8ms
[2024-05-13T23:37:29.845+0530][gc,phases     ] GC(9)   Other: 1.3ms
[2024-05-13T23:37:29.846+0530][gc,heap       ] GC(9) Eden regions: 48->0(45)
[2024-05-13T23:37:29.846+0530][gc,heap       ] GC(9) Survivor regions: 3->6(7)
[2024-05-13T23:37:29.846+0530][gc,heap       ] GC(9) Old regions: 19->19
[2024-05-13T23:37:29.846+0530][gc,heap       ] GC(9) Humongous regions: 129->129
[2024-05-13T23:37:29.846+0530][gc,metaspace  ] GC(9) Metaspace: 45374K(48384K)->45374K(48384K) NonClass: 39621K(41216K)->39621K(41216K) Class: 5753K(7168K)->5753K(7168K)
[2024-05-13T23:37:29.847+0530][gc            ] GC(9) Pause Young (Normal) (G1 Evacuation Pause) 196M->152M(1024M) 7.586ms
[2024-05-13T23:37:29.847+0530][gc,cpu        ] GC(9) User=0.02s Sys=0.00s Real=0.00s
[2024-05-13T23:41:45.575+0530][gc,start      ] GC(10) Pause Young (Normal) (G1 Evacuation Pause)
[2024-05-13T23:41:45.575+0530][gc,task       ] GC(10) Using 10 workers of 10 for evacuation
[2024-05-13T23:41:45.580+0530][gc,phases     ] GC(10)   Pre Evacuate Collection Set: 0.2ms
[2024-05-13T23:41:45.580+0530][gc,phases     ] GC(10)   Evacuate Collection Set: 3.2ms
[2024-05-13T23:41:45.580+0530][gc,phases     ] GC(10)   Post Evacuate Collection Set: 0.8ms
[2024-05-13T23:41:45.580+0530][gc,phases     ] GC(10)   Other: 0.8ms
[2024-05-13T23:41:45.580+0530][gc,heap       ] GC(10) Eden regions: 45->0(47)
[2024-05-13T23:41:45.580+0530][gc,heap       ] GC(10) Survivor regions: 6->4(7)
[2024-05-13T23:41:45.581+0530][gc,heap       ] GC(10) Old regions: 19->23
[2024-05-13T23:41:45.581+0530][gc,heap       ] GC(10) Humongous regions: 136->129
[2024-05-13T23:41:45.581+0530][gc,metaspace  ] GC(10) Metaspace: 45911K(49024K)->45911K(49024K) NonClass: 40071K(41728K)->40071K(41728K) Class: 5839K(7296K)->5839K(7296K)
[2024-05-13T23:41:45.581+0530][gc            ] GC(10) Pause Young (Normal) (G1 Evacuation Pause) 204M->154M(1024M) 6.475ms
[2024-05-13T23:41:45.581+0530][gc,cpu        ] GC(10) User=0.04s Sys=0.00s Real=0.01s
[2024-05-13T23:46:31.662+0530][gc,start      ] GC(11) Pause Young (Normal) (G1 Evacuation Pause)
[2024-05-13T23:46:31.662+0530][gc,task       ] GC(11) Using 10 workers of 10 for evacuation
[2024-05-13T23:46:31.667+0530][gc,phases     ] GC(11)   Pre Evacuate Collection Set: 0.4ms
[2024-05-13T23:46:31.667+0530][gc,phases     ] GC(11)   Evacuate Collection Set: 2.6ms
[2024-05-13T23:46:31.668+0530][gc,phases     ] GC(11)   Post Evacuate Collection Set: 0.9ms
[2024-05-13T23:46:31.668+0530][gc,phases     ] GC(11)   Other: 1.1ms
[2024-05-13T23:46:31.668+0530][gc,heap       ] GC(11) Eden regions: 47->0(45)
[2024-05-13T23:46:31.668+0530][gc,heap       ] GC(11) Survivor regions: 4->6(7)
[2024-05-13T23:46:31.668+0530][gc,heap       ] GC(11) Old regions: 23->23
[2024-05-13T23:46:31.669+0530][gc,heap       ] GC(11) Humongous regions: 129->129
[2024-05-13T23:46:31.669+0530][gc,metaspace  ] GC(11) Metaspace: 45973K(49024K)->45973K(49024K) NonClass: 40132K(41728K)->40132K(41728K) Class: 5841K(7296K)->5841K(7296K)
[2024-05-13T23:46:31.669+0530][gc            ] GC(11) Pause Young (Normal) (G1 Evacuation Pause) 201M->156M(1024M) 7.068ms
[2024-05-13T23:46:31.669+0530][gc,cpu        ] GC(11) User=0.02s Sys=0.00s Real=0.01s
[2024-05-13T23:51:14.040+0530][gc,start      ] GC(12) Pause Young (Normal) (G1 Evacuation Pause)
[2024-05-13T23:51:14.041+0530][gc,task       ] GC(12) Using 10 workers of 10 for evacuation
[2024-05-13T23:51:14.047+0530][gc,phases     ] GC(12)   Pre Evacuate Collection Set: 0.5ms
[2024-05-13T23:51:14.047+0530][gc,phases     ] GC(12)   Evacuate Collection Set: 3.6ms
[2024-05-13T23:51:14.048+0530][gc,phases     ] GC(12)   Post Evacuate Collection Set: 1.0ms
[2024-05-13T23:51:14.048+0530][gc,phases     ] GC(12)   Other: 1.2ms
[2024-05-13T23:51:14.048+0530][gc,heap       ] GC(12) Eden regions: 45->0(44)
[2024-05-13T23:51:14.048+0530][gc,heap       ] GC(12) Survivor regions: 6->7(7)
[2024-05-13T23:51:14.049+0530][gc,heap       ] GC(12) Old regions: 23->26
[2024-05-13T23:51:14.049+0530][gc,heap       ] GC(12) Humongous regions: 129->129
[2024-05-13T23:51:14.049+0530][gc,metaspace  ] GC(12) Metaspace: 46014K(49024K)->46014K(49024K) NonClass: 40173K(41728K)->40173K(41728K) Class: 5841K(7296K)->5841K(7296K)
[2024-05-13T23:51:14.049+0530][gc            ] GC(12) Pause Young (Normal) (G1 Evacuation Pause) 201M->160M(1024M) 8.928ms
[2024-05-13T23:51:14.049+0530][gc,cpu        ] GC(12) User=0.04s Sys=0.01s Real=0.01s
[2024-05-13T23:55:48.853+0530][gc,start      ] GC(13) Pause Young (Normal) (G1 Evacuation Pause)
[2024-05-13T23:55:48.853+0530][gc,task       ] GC(13) Using 10 workers of 10 for evacuation
[2024-05-13T23:55:48.859+0530][gc,phases     ] GC(13)   Pre Evacuate Collection Set: 0.1ms
[2024-05-13T23:55:48.860+0530][gc,phases     ] GC(13)   Evacuate Collection Set: 4.3ms
[2024-05-13T23:55:48.860+0530][gc,phases     ] GC(13)   Post Evacuate Collection Set: 1.0ms
[2024-05-13T23:55:48.860+0530][gc,phases     ] GC(13)   Other: 0.8ms
[2024-05-13T23:55:48.860+0530][gc,heap       ] GC(13) Eden regions: 44->0(47)
[2024-05-13T23:55:48.861+0530][gc,heap       ] GC(13) Survivor regions: 7->5(7)
[2024-05-13T23:55:48.861+0530][gc,heap       ] GC(13) Old regions: 26->32
[2024-05-13T23:55:48.861+0530][gc,heap       ] GC(13) Humongous regions: 129->129
[2024-05-13T23:55:48.862+0530][gc,metaspace  ] GC(13) Metaspace: 46048K(49280K)->46048K(49280K) NonClass: 40206K(41984K)->40206K(41984K) Class: 5841K(7296K)->5841K(7296K)
[2024-05-13T23:55:48.862+0530][gc            ] GC(13) Pause Young (Normal) (G1 Evacuation Pause) 204M->163M(1024M) 8.852ms
[2024-05-13T23:55:48.862+0530][gc,cpu        ] GC(13) User=0.04s Sys=0.00s Real=0.01s
[2024-05-14T00:00:43.761+0530][gc,start      ] GC(14) Pause Young (Normal) (G1 Evacuation Pause)
[2024-05-14T00:00:43.762+0530][gc,task       ] GC(14) Using 10 workers of 10 for evacuation
[2024-05-14T00:00:43.768+0530][gc,phases     ] GC(14)   Pre Evacuate Collection Set: 0.1ms
[2024-05-14T00:00:43.769+0530][gc,phases     ] GC(14)   Evacuate Collection Set: 3.8ms
[2024-05-14T00:00:43.769+0530][gc,phases     ] GC(14)   Post Evacuate Collection Set: 1.0ms
[2024-05-14T00:00:43.769+0530][gc,phases     ] GC(14)   Other: 2.7ms
[2024-05-14T00:00:43.770+0530][gc,heap       ] GC(14) Eden regions: 47->0(57)
[2024-05-14T00:00:43.770+0530][gc,heap       ] GC(14) Survivor regions: 5->4(7)
[2024-05-14T00:00:43.770+0530][gc,heap       ] GC(14) Old regions: 32->35
[2024-05-14T00:00:43.770+0530][gc,heap       ] GC(14) Humongous regions: 129->129
[2024-05-14T00:00:43.771+0530][gc,metaspace  ] GC(14) Metaspace: 46069K(49280K)->46069K(49280K) NonClass: 40227K(41984K)->40227K(41984K) Class: 5841K(7296K)->5841K(7296K)
[2024-05-14T00:00:43.771+0530][gc            ] GC(14) Pause Young (Normal) (G1 Evacuation Pause) 210M->165M(1024M) 10.235ms
[2024-05-14T00:00:43.771+0530][gc,cpu        ] GC(14) User=0.04s Sys=0.00s Real=0.01s
[2024-05-14T00:06:38.273+0530][gc,start      ] GC(15) Pause Young (Normal) (G1 Evacuation Pause)
[2024-05-14T00:06:38.274+0530][gc,task       ] GC(15) Using 10 workers of 10 for evacuation
[2024-05-14T00:06:38.279+0530][gc,phases     ] GC(15)   Pre Evacuate Collection Set: 0.0ms
[2024-05-14T00:06:38.280+0530][gc,phases     ] GC(15)   Evacuate Collection Set: 4.0ms
[2024-05-14T00:06:38.280+0530][gc,phases     ] GC(15)   Post Evacuate Collection Set: 0.9ms
[2024-05-14T00:06:38.281+0530][gc,phases     ] GC(15)   Other: 1.1ms
[2024-05-14T00:06:38.281+0530][gc,heap       ] GC(15) Eden regions: 57->0(62)
[2024-05-14T00:06:38.281+0530][gc,heap       ] GC(15) Survivor regions: 4->8(8)
[2024-05-14T00:06:38.281+0530][gc,heap       ] GC(15) Old regions: 35->35
[2024-05-14T00:06:38.281+0530][gc,heap       ] GC(15) Humongous regions: 129->129
[2024-05-14T00:06:38.282+0530][gc,metaspace  ] GC(15) Metaspace: 46095K(49280K)->46095K(49280K) NonClass: 40254K(41984K)->40254K(41984K) Class: 5841K(7296K)->5841K(7296K)
[2024-05-14T00:06:38.282+0530][gc            ] GC(15) Pause Young (Normal) (G1 Evacuation Pause) 222M->169M(1024M) 8.354ms
[2024-05-14T00:06:38.282+0530][gc,cpu        ] GC(15) User=0.04s Sys=0.00s Real=0.01s
[2024-05-14T00:13:07.125+0530][gc,start      ] GC(16) Pause Young (Normal) (G1 Evacuation Pause)
[2024-05-14T00:13:07.125+0530][gc,task       ] GC(16) Using 10 workers of 10 for evacuation
[2024-05-14T00:13:07.131+0530][gc,phases     ] GC(16)   Pre Evacuate Collection Set: 0.0ms
[2024-05-14T00:13:07.132+0530][gc,phases     ] GC(16)   Evacuate Collection Set: 5.0ms
[2024-05-14T00:13:07.132+0530][gc,phases     ] GC(16)   Post Evacuate Collection Set: 1.1ms
[2024-05-14T00:13:07.133+0530][gc,phases     ] GC(16)   Other: 0.8ms
[2024-05-14T00:13:07.133+0530][gc,heap       ] GC(16) Eden regions: 62->0(85)
[2024-05-14T00:13:07.133+0530][gc,heap       ] GC(16) Survivor regions: 8->9(9)
[2024-05-14T00:13:07.133+0530][gc,heap       ] GC(16) Old regions: 35->38
[2024-05-14T00:13:07.133+0530][gc,heap       ] GC(16) Humongous regions: 129->129
[2024-05-14T00:13:07.134+0530][gc,metaspace  ] GC(16) Metaspace: 46151K(49280K)->46151K(49280K) NonClass: 40309K(41984K)->40309K(41984K) Class: 5841K(7296K)->5841K(7296K)
[2024-05-14T00:13:07.134+0530][gc            ] GC(16) Pause Young (Normal) (G1 Evacuation Pause) 231M->173M(1024M) 9.113ms
[2024-05-14T00:13:07.134+0530][gc,cpu        ] GC(16) User=0.04s Sys=0.01s Real=0.00s
[2024-05-14T00:22:03.011+0530][gc,start      ] GC(17) Pause Young (Normal) (G1 Evacuation Pause)
[2024-05-14T00:22:03.012+0530][gc,task       ] GC(17) Using 10 workers of 10 for evacuation
[2024-05-14T00:22:03.020+0530][gc,phases     ] GC(17)   Pre Evacuate Collection Set: 0.0ms
[2024-05-14T00:22:03.020+0530][gc,phases     ] GC(17)   Evacuate Collection Set: 6.5ms
[2024-05-14T00:22:03.021+0530][gc,phases     ] GC(17)   Post Evacuate Collection Set: 0.9ms
[2024-05-14T00:22:03.021+0530][gc,phases     ] GC(17)   Other: 1.0ms
[2024-05-14T00:22:03.021+0530][gc,heap       ] GC(17) Eden regions: 85->0(88)
[2024-05-14T00:22:03.022+0530][gc,heap       ] GC(17) Survivor regions: 9->12(12)
[2024-05-14T00:22:03.022+0530][gc,heap       ] GC(17) Old regions: 38->41
[2024-05-14T00:22:03.022+0530][gc,heap       ] GC(17) Humongous regions: 129->129
[2024-05-14T00:22:03.022+0530][gc,metaspace  ] GC(17) Metaspace: 46180K(49280K)->46180K(49280K) NonClass: 40338K(41984K)->40338K(41984K) Class: 5841K(7296K)->5841K(7296K)
[2024-05-14T00:22:03.022+0530][gc            ] GC(17) Pause Young (Normal) (G1 Evacuation Pause) 258M->180M(1024M) 11.024ms
[2024-05-14T00:22:03.023+0530][gc,cpu        ] GC(17) User=0.02s Sys=0.05s Real=0.01s
[2024-05-14T12:30:34.222+0530][gc,start      ] GC(18) Pause Young (Normal) (G1 Evacuation Pause)
[2024-05-14T12:30:34.222+0530][gc,task       ] GC(18) Using 10 workers of 10 for evacuation
[2024-05-14T12:30:34.262+0530][gc,mmu        ] GC(18) MMU target violated: 21.0ms (20.0ms/21.0ms)
[2024-05-14T12:30:34.262+0530][gc,phases     ] GC(18)   Pre Evacuate Collection Set: 1.9ms
[2024-05-14T12:30:34.263+0530][gc,phases     ] GC(18)   Evacuate Collection Set: 35.9ms
[2024-05-14T12:30:34.263+0530][gc,phases     ] GC(18)   Post Evacuate Collection Set: 1.2ms
[2024-05-14T12:30:34.263+0530][gc,phases     ] GC(18)   Other: 2.3ms
[2024-05-14T12:30:34.263+0530][gc,heap       ] GC(18) Eden regions: 88->0(44)
[2024-05-14T12:30:34.264+0530][gc,heap       ] GC(18) Survivor regions: 12->7(13)
[2024-05-14T12:30:34.264+0530][gc,heap       ] GC(18) Old regions: 41->51
[2024-05-14T12:30:34.264+0530][gc,heap       ] GC(18) Humongous regions: 136->129
[2024-05-14T12:30:34.264+0530][gc,metaspace  ] GC(18) Metaspace: 46258K(49280K)->46258K(49280K) NonClass: 40411K(41984K)->40411K(41984K) Class: 5847K(7296K)->5847K(7296K)
[2024-05-14T12:30:34.265+0530][gc            ] GC(18) Pause Young (Normal) (G1 Evacuation Pause) 275M->184M(1024M) 43.000ms
[2024-05-14T12:30:34.265+0530][gc,cpu        ] GC(18) User=0.35s Sys=0.00s Real=0.05s
[2024-05-14T12:43:04.956+0530][gc,start      ] GC(19) Pause Young (Normal) (G1 Evacuation Pause)
[2024-05-14T12:43:04.956+0530][gc,task       ] GC(19) Using 10 workers of 10 for evacuation
[2024-05-14T12:43:04.974+0530][gc,phases     ] GC(19)   Pre Evacuate Collection Set: 0.4ms
[2024-05-14T12:43:04.974+0530][gc,phases     ] GC(19)   Evacuate Collection Set: 9.2ms
[2024-05-14T12:43:04.975+0530][gc,phases     ] GC(19)   Post Evacuate Collection Set: 1.0ms
[2024-05-14T12:43:04.975+0530][gc,phases     ] GC(19)   Other: 7.6ms
[2024-05-14T12:43:04.975+0530][gc,heap       ] GC(19) Eden regions: 44->0(48)
[2024-05-14T12:43:04.976+0530][gc,heap       ] GC(19) Survivor regions: 7->3(7)
[2024-05-14T12:43:04.976+0530][gc,heap       ] GC(19) Old regions: 51->54
[2024-05-14T12:43:04.976+0530][gc,heap       ] GC(19) Humongous regions: 136->129
[2024-05-14T12:43:04.976+0530][gc,metaspace  ] GC(19) Metaspace: 46297K(49536K)->46297K(49536K) NonClass: 40450K(42240K)->40450K(42240K) Class: 5847K(7296K)->5847K(7296K)
[2024-05-14T12:43:04.976+0530][gc            ] GC(19) Pause Young (Normal) (G1 Evacuation Pause) 235M->184M(1024M) 20.182ms
[2024-05-14T12:43:04.977+0530][gc,cpu        ] GC(19) User=0.10s Sys=0.00s Real=0.02s
[2024-05-14T13:05:14.532+0530][gc,start      ] GC(20) Pause Young (Normal) (G1 Evacuation Pause)
[2024-05-14T13:05:14.533+0530][gc,task       ] GC(20) Using 10 workers of 10 for evacuation
[2024-05-14T13:05:14.568+0530][gc,mmu        ] GC(20) MMU target violated: 21.0ms (20.0ms/21.0ms)
[2024-05-14T13:05:14.569+0530][gc,phases     ] GC(20)   Pre Evacuate Collection Set: 8.5ms
[2024-05-14T13:05:14.569+0530][gc,phases     ] GC(20)   Evacuate Collection Set: 22.5ms
[2024-05-14T13:05:14.570+0530][gc,phases     ] GC(20)   Post Evacuate Collection Set: 2.9ms
[2024-05-14T13:05:14.570+0530][gc,phases     ] GC(20)   Other: 3.0ms
[2024-05-14T13:05:14.570+0530][gc,heap       ] GC(20) Eden regions: 48->0(44)
[2024-05-14T13:05:14.571+0530][gc,heap       ] GC(20) Survivor regions: 3->7(7)
[2024-05-14T13:05:14.571+0530][gc,heap       ] GC(20) Old regions: 54->54
[2024-05-14T13:05:14.571+0530][gc,heap       ] GC(20) Humongous regions: 136->129
[2024-05-14T13:05:14.572+0530][gc,metaspace  ] GC(20) Metaspace: 46530K(49792K)->46530K(49792K) NonClass: 40650K(42496K)->40650K(42496K) Class: 5879K(7296K)->5879K(7296K)
[2024-05-14T13:05:14.572+0530][gc            ] GC(20) Pause Young (Normal) (G1 Evacuation Pause) 239M->187M(1024M) 39.412ms
[2024-05-14T13:05:14.572+0530][gc,cpu        ] GC(20) User=0.23s Sys=0.00s Real=0.04s
[2024-05-14T13:09:34.048+0530][gc,start      ] GC(21) Pause Young (Normal) (G1 Evacuation Pause)
[2024-05-14T13:09:34.048+0530][gc,task       ] GC(21) Using 10 workers of 10 for evacuation
[2024-05-14T13:09:34.065+0530][gc,phases     ] GC(21)   Pre Evacuate Collection Set: 0.8ms
[2024-05-14T13:09:34.066+0530][gc,phases     ] GC(21)   Evacuate Collection Set: 14.8ms
[2024-05-14T13:09:34.066+0530][gc,phases     ] GC(21)   Post Evacuate Collection Set: 1.0ms
[2024-05-14T13:09:34.066+0530][gc,phases     ] GC(21)   Other: 1.1ms
[2024-05-14T13:09:34.066+0530][gc,heap       ] GC(21) Eden regions: 44->0(46)
[2024-05-14T13:09:34.066+0530][gc,heap       ] GC(21) Survivor regions: 7->5(7)
[2024-05-14T13:09:34.066+0530][gc,heap       ] GC(21) Old regions: 54->58
[2024-05-14T13:09:34.066+0530][gc,heap       ] GC(21) Humongous regions: 136->129
[2024-05-14T13:09:34.067+0530][gc,metaspace  ] GC(21) Metaspace: 46534K(49792K)->46534K(49792K) NonClass: 40654K(42496K)->40654K(42496K) Class: 5879K(7296K)->5879K(7296K)
[2024-05-14T13:09:34.067+0530][gc            ] GC(21) Pause Young (Normal) (G1 Evacuation Pause) 238M->189M(1024M) 18.729ms
[2024-05-14T13:09:34.067+0530][gc,cpu        ] GC(21) User=0.15s Sys=0.00s Real=0.02s
[2024-05-14T13:14:33.747+0530][gc,start      ] GC(22) Pause Young (Normal) (G1 Evacuation Pause)
[2024-05-14T13:14:33.747+0530][gc,task       ] GC(22) Using 10 workers of 10 for evacuation
[2024-05-14T13:14:33.757+0530][gc,phases     ] GC(22)   Pre Evacuate Collection Set: 1.0ms
[2024-05-14T13:14:33.757+0530][gc,phases     ] GC(22)   Evacuate Collection Set: 5.4ms
[2024-05-14T13:14:33.758+0530][gc,phases     ] GC(22)   Post Evacuate Collection Set: 2.0ms
[2024-05-14T13:14:33.758+0530][gc,phases     ] GC(22)   Other: 2.1ms
[2024-05-14T13:14:33.758+0530][gc,heap       ] GC(22) Eden regions: 46->0(47)
[2024-05-14T13:14:33.758+0530][gc,heap       ] GC(22) Survivor regions: 5->4(7)
[2024-05-14T13:14:33.759+0530][gc,heap       ] GC(22) Old regions: 58->61
[2024-05-14T13:14:33.759+0530][gc,heap       ] GC(22) Humongous regions: 136->129
[2024-05-14T13:14:33.759+0530][gc,metaspace  ] GC(22) Metaspace: 46572K(49792K)->46572K(49792K) NonClass: 40692K(42496K)->40692K(42496K) Class: 5879K(7296K)->5879K(7296K)
[2024-05-14T13:14:33.759+0530][gc            ] GC(22) Pause Young (Normal) (G1 Evacuation Pause) 242M->191M(1024M) 12.718ms
[2024-05-14T13:14:33.760+0530][gc,cpu        ] GC(22) User=0.03s Sys=0.02s Real=0.01s
[2024-05-14T13:19:19.637+0530][gc,start      ] GC(23) Pause Young (Normal) (G1 Evacuation Pause)
[2024-05-14T13:19:19.638+0530][gc,task       ] GC(23) Using 10 workers of 10 for evacuation
[2024-05-14T13:19:19.649+0530][gc,phases     ] GC(23)   Pre Evacuate Collection Set: 0.3ms
[2024-05-14T13:19:19.649+0530][gc,phases     ] GC(23)   Evacuate Collection Set: 8.4ms
[2024-05-14T13:19:19.649+0530][gc,phases     ] GC(23)   Post Evacuate Collection Set: 0.9ms
[2024-05-14T13:19:19.650+0530][gc,phases     ] GC(23)   Other: 2.3ms
[2024-05-14T13:19:19.650+0530][gc,heap       ] GC(23) Eden regions: 47->0(44)
[2024-05-14T13:19:19.650+0530][gc,heap       ] GC(23) Survivor regions: 4->7(7)
[2024-05-14T13:19:19.650+0530][gc,heap       ] GC(23) Old regions: 61->61
[2024-05-14T13:19:19.651+0530][gc,heap       ] GC(23) Humongous regions: 129->129
[2024-05-14T13:19:19.651+0530][gc,metaspace  ] GC(23) Metaspace: 46576K(49792K)->46576K(49792K) NonClass: 40696K(42496K)->40696K(42496K) Class: 5879K(7296K)->5879K(7296K)
[2024-05-14T13:19:19.651+0530][gc            ] GC(23) Pause Young (Normal) (G1 Evacuation Pause) 238M->195M(1024M) 14.135ms
[2024-05-14T13:19:19.651+0530][gc,cpu        ] GC(23) User=0.07s Sys=0.00s Real=0.01s
[2024-05-14T13:23:57.422+0530][gc,start      ] GC(24) Pause Young (Normal) (G1 Evacuation Pause)
[2024-05-14T13:23:57.422+0530][gc,task       ] GC(24) Using 10 workers of 10 for evacuation
[2024-05-14T13:23:57.432+0530][gc,phases     ] GC(24)   Pre Evacuate Collection Set: 0.2ms
[2024-05-14T13:23:57.432+0530][gc,phases     ] GC(24)   Evacuate Collection Set: 7.2ms
[2024-05-14T13:23:57.433+0530][gc,phases     ] GC(24)   Post Evacuate Collection Set: 1.2ms
[2024-05-14T13:23:57.433+0530][gc,phases     ] GC(24)   Other: 2.5ms
[2024-05-14T13:23:57.434+0530][gc,heap       ] GC(24) Eden regions: 44->0(47)
[2024-05-14T13:23:57.434+0530][gc,heap       ] GC(24) Survivor regions: 7->4(7)
[2024-05-14T13:23:57.434+0530][gc,heap       ] GC(24) Old regions: 61->67
[2024-05-14T13:23:57.434+0530][gc,heap       ] GC(24) Humongous regions: 136->129
[2024-05-14T13:23:57.435+0530][gc,metaspace  ] GC(24) Metaspace: 46596K(49792K)->46596K(49792K) NonClass: 40716K(42496K)->40716K(42496K) Class: 5879K(7296K)->5879K(7296K)
[2024-05-14T13:23:57.435+0530][gc            ] GC(24) Pause Young (Normal) (G1 Evacuation Pause) 246M->197M(1024M) 13.020ms
[2024-05-14T13:23:57.435+0530][gc,cpu        ] GC(24) User=0.07s Sys=0.00s Real=0.02s
[2024-05-14T13:28:44.822+0530][gc,start      ] GC(25) Pause Young (Normal) (G1 Evacuation Pause)
[2024-05-14T13:28:44.823+0530][gc,task       ] GC(25) Using 10 workers of 10 for evacuation
[2024-05-14T13:28:44.833+0530][gc,phases     ] GC(25)   Pre Evacuate Collection Set: 0.5ms
[2024-05-14T13:28:44.834+0530][gc,phases     ] GC(25)   Evacuate Collection Set: 6.0ms
[2024-05-14T13:28:44.834+0530][gc,phases     ] GC(25)   Post Evacuate Collection Set: 2.1ms
[2024-05-14T13:28:44.834+0530][gc,phases     ] GC(25)   Other: 4.7ms
[2024-05-14T13:28:44.834+0530][gc,heap       ] GC(25) Eden regions: 47->0(44)
[2024-05-14T13:28:44.835+0530][gc,heap       ] GC(25) Survivor regions: 4->7(7)
[2024-05-14T13:28:44.835+0530][gc,heap       ] GC(25) Old regions: 67->68
[2024-05-14T13:28:44.835+0530][gc,heap       ] GC(25) Humongous regions: 129->129
[2024-05-14T13:28:44.835+0530][gc,metaspace  ] GC(25) Metaspace: 46613K(49792K)->46613K(49792K) NonClass: 40733K(42496K)->40733K(42496K) Class: 5879K(7296K)->5879K(7296K)
[2024-05-14T13:28:44.835+0530][gc            ] GC(25) Pause Young (Normal) (G1 Evacuation Pause) 244M->201M(1024M) 13.239ms
[2024-05-14T13:28:44.835+0530][gc,cpu        ] GC(25) User=0.03s Sys=0.02s Real=0.01s
[2024-05-14T13:33:29.242+0530][gc,start      ] GC(26) Pause Young (Normal) (G1 Evacuation Pause)
[2024-05-14T13:33:29.243+0530][gc,task       ] GC(26) Using 10 workers of 10 for evacuation
[2024-05-14T13:33:29.250+0530][gc,phases     ] GC(26)   Pre Evacuate Collection Set: 0.4ms
[2024-05-14T13:33:29.250+0530][gc,phases     ] GC(26)   Evacuate Collection Set: 4.4ms
[2024-05-14T13:33:29.250+0530][gc,phases     ] GC(26)   Post Evacuate Collection Set: 1.0ms
[2024-05-14T13:33:29.251+0530][gc,phases     ] GC(26)   Other: 2.6ms
[2024-05-14T13:33:29.251+0530][gc,heap       ] GC(26) Eden regions: 44->0(48)
[2024-05-14T13:33:29.251+0530][gc,heap       ] GC(26) Survivor regions: 7->3(7)
[2024-05-14T13:33:29.251+0530][gc,heap       ] GC(26) Old regions: 68->73
[2024-05-14T13:33:29.251+0530][gc,heap       ] GC(26) Humongous regions: 136->129
[2024-05-14T13:33:29.251+0530][gc,metaspace  ] GC(26) Metaspace: 46622K(49792K)->46622K(49792K) NonClass: 40742K(42496K)->40742K(42496K) Class: 5879K(7296K)->5879K(7296K)
[2024-05-14T13:33:29.251+0530][gc            ] GC(26) Pause Young (Normal) (G1 Evacuation Pause) 252M->203M(1024M) 9.848ms
[2024-05-14T13:33:29.252+0530][gc,cpu        ] GC(26) User=0.02s Sys=0.03s Real=0.01s
[2024-05-14T13:40:03.140+0530][gc,start      ] GC(27) Pause Young (Normal) (G1 Evacuation Pause)
[2024-05-14T13:40:03.145+0530][gc,task       ] GC(27) Using 10 workers of 10 for evacuation
[2024-05-14T13:40:03.168+0530][gc,phases     ] GC(27)   Pre Evacuate Collection Set: 1.5ms
[2024-05-14T13:40:03.168+0530][gc,phases     ] GC(27)   Evacuate Collection Set: 8.9ms
[2024-05-14T13:40:03.169+0530][gc,phases     ] GC(27)   Post Evacuate Collection Set: 2.8ms
[2024-05-14T13:40:03.170+0530][gc,phases     ] GC(27)   Other: 16.0ms
[2024-05-14T13:40:03.171+0530][gc,heap       ] GC(27) Eden regions: 48->0(49)
[2024-05-14T13:40:03.171+0530][gc,heap       ] GC(27) Survivor regions: 3->2(7)
[2024-05-14T13:40:03.171+0530][gc,heap       ] GC(27) Old regions: 73->73
[2024-05-14T13:40:03.171+0530][gc,heap       ] GC(27) Humongous regions: 129->129
[2024-05-14T13:40:03.172+0530][gc,metaspace  ] GC(27) Metaspace: 46634K(49792K)->46634K(49792K) NonClass: 40754K(42496K)->40754K(42496K) Class: 5879K(7296K)->5879K(7296K)
[2024-05-14T13:40:03.177+0530][gc            ] GC(27) Pause Young (Normal) (G1 Evacuation Pause) 251M->202M(1024M) 36.075ms
[2024-05-14T13:40:03.178+0530][gc,cpu        ] GC(27) User=0.02s Sys=0.02s Real=0.04s
[2024-05-14T13:53:53.980+0530][gc,start      ] GC(28) Pause Young (Normal) (G1 Evacuation Pause)
[2024-05-14T13:53:53.981+0530][gc,task       ] GC(28) Using 10 workers of 10 for evacuation
[2024-05-14T13:53:53.988+0530][gc,phases     ] GC(28)   Pre Evacuate Collection Set: 0.2ms
[2024-05-14T13:53:53.988+0530][gc,phases     ] GC(28)   Evacuate Collection Set: 4.5ms
[2024-05-14T13:53:53.988+0530][gc,phases     ] GC(28)   Post Evacuate Collection Set: 0.9ms
[2024-05-14T13:53:53.989+0530][gc,phases     ] GC(28)   Other: 2.1ms
[2024-05-14T13:53:53.989+0530][gc,heap       ] GC(28) Eden regions: 49->0(57)
[2024-05-14T13:53:53.989+0530][gc,heap       ] GC(28) Survivor regions: 2->3(7)
[2024-05-14T13:53:53.989+0530][gc,heap       ] GC(28) Old regions: 73->73
[2024-05-14T13:53:53.990+0530][gc,heap       ] GC(28) Humongous regions: 129->129
[2024-05-14T13:53:53.990+0530][gc,metaspace  ] GC(28) Metaspace: 46662K(49792K)->46662K(49792K) NonClass: 40780K(42496K)->40780K(42496K) Class: 5881K(7296K)->5881K(7296K)
[2024-05-14T13:53:53.990+0530][gc            ] GC(28) Pause Young (Normal) (G1 Evacuation Pause) 251M->202M(1024M) 9.823ms
[2024-05-14T13:53:53.990+0530][gc,cpu        ] GC(28) User=0.06s Sys=0.00s Real=0.01s
[2024-05-14T13:53:54.817+0530][gc,heap,exit  ] Heap
[2024-05-14T13:53:54.818+0530][gc,heap,exit  ]  garbage-first heap   total 1048576K, used 217055K [0x00000000c0000000, 0x0000000100000000)
[2024-05-14T13:53:54.818+0530][gc,heap,exit  ]   region size 1024K, 14 young (14336K), 3 survivors (3072K)
[2024-05-14T13:53:54.818+0530][gc,heap,exit  ]  Metaspace       used 47602K, capacity 50682K, committed 50944K, reserved 1093632K
[2024-05-14T13:53:54.818+0530][gc,heap,exit  ]   class space    used 6105K, capacity 7582K, committed 7680K, reserved 1048576K
