[2024-05-14T13:54:10.082+0530][gc,heap] Heap region size: 1M
[2024-05-14T13:54:10.086+0530][gc     ] Using G1
[2024-05-14T13:54:10.087+0530][gc,heap,coops] Heap address: 0x00000000c0000000, size: 1024 MB, Compressed Oops mode: 32-bit
[2024-05-14T13:54:10.087+0530][gc,cds       ] Mark closed archive regions in map: [0x00000000fff00000, 0x00000000fff6bff8]
[2024-05-14T13:54:10.087+0530][gc,cds       ] Mark open archive regions in map: [0x00000000ffe00000, 0x00000000ffe47ff8]
[2024-05-14T13:54:11.503+0530][gc,start     ] GC(0) Pause Young (Normal) (G1 Evacuation Pause)
[2024-05-14T13:54:11.504+0530][gc,task      ] GC(0) Using 10 workers of 10 for evacuation
[2024-05-14T13:54:11.515+0530][gc,phases    ] GC(0)   Pre Evacuate Collection Set: 0.0ms
[2024-05-14T13:54:11.516+0530][gc,phases    ] GC(0)   Evacuate Collection Set: 9.2ms
[2024-05-14T13:54:11.516+0530][gc,phases    ] GC(0)   Post Evacuate Collection Set: 1.1ms
[2024-05-14T13:54:11.516+0530][gc,phases    ] GC(0)   Other: 2.3ms
[2024-05-14T13:54:11.516+0530][gc,heap      ] GC(0) Eden regions: 51->0(44)
[2024-05-14T13:54:11.516+0530][gc,heap      ] GC(0) Survivor regions: 0->7(7)
[2024-05-14T13:54:11.517+0530][gc,heap      ] GC(0) Old regions: 2->3
[2024-05-14T13:54:11.517+0530][gc,heap      ] GC(0) Humongous regions: 0->0
[2024-05-14T13:54:11.517+0530][gc,metaspace ] GC(0) Metaspace: 13980K(14592K)->13980K(14592K) NonClass: 12255K(12544K)->12255K(12544K) Class: 1724K(2048K)->1724K(2048K)
[2024-05-14T13:54:11.517+0530][gc           ] GC(0) Pause Young (Normal) (G1 Evacuation Pause) 51M->8M(1024M) 14.294ms
[2024-05-14T13:54:11.517+0530][gc,cpu       ] GC(0) User=0.07s Sys=0.02s Real=0.02s
[2024-05-14T13:54:12.063+0530][gc,start     ] GC(1) Pause Young (Concurrent Start) (Metadata GC Threshold)
[2024-05-14T13:54:12.064+0530][gc,task      ] GC(1) Using 10 workers of 10 for evacuation
[2024-05-14T13:54:12.069+0530][gc,phases    ] GC(1)   Pre Evacuate Collection Set: 0.1ms
[2024-05-14T13:54:12.069+0530][gc,phases    ] GC(1)   Evacuate Collection Set: 4.6ms
[2024-05-14T13:54:12.069+0530][gc,phases    ] GC(1)   Post Evacuate Collection Set: 0.5ms
[2024-05-14T13:54:12.070+0530][gc,phases    ] GC(1)   Other: 0.5ms
[2024-05-14T13:54:12.070+0530][gc,heap      ] GC(1) Eden regions: 30->0(49)
[2024-05-14T13:54:12.070+0530][gc,heap      ] GC(1) Survivor regions: 7->2(7)
[2024-05-14T13:54:12.070+0530][gc,heap      ] GC(1) Old regions: 3->10
[2024-05-14T13:54:12.070+0530][gc,heap      ] GC(1) Humongous regions: 0->0
[2024-05-14T13:54:12.070+0530][gc,metaspace ] GC(1) Metaspace: 20434K(21296K)->20434K(21296K) NonClass: 17976K(18608K)->17976K(18608K) Class: 2458K(2688K)->2458K(2688K)
[2024-05-14T13:54:12.070+0530][gc           ] GC(1) Pause Young (Concurrent Start) (Metadata GC Threshold) 38M->9M(1024M) 6.793ms
[2024-05-14T13:54:12.070+0530][gc,cpu       ] GC(1) User=0.02s Sys=0.01s Real=0.01s
[2024-05-14T13:54:12.071+0530][gc           ] GC(2) Concurrent Cycle
[2024-05-14T13:54:12.071+0530][gc,marking   ] GC(2) Concurrent Clear Claimed Marks
[2024-05-14T13:54:12.071+0530][gc,marking   ] GC(2) Concurrent Clear Claimed Marks 0.197ms
[2024-05-14T13:54:12.071+0530][gc,marking   ] GC(2) Concurrent Scan Root Regions
[2024-05-14T13:54:12.072+0530][gc,marking   ] GC(2) Concurrent Scan Root Regions 1.077ms
[2024-05-14T13:54:12.072+0530][gc,marking   ] GC(2) Concurrent Mark (2.028s)
[2024-05-14T13:54:12.072+0530][gc,marking   ] GC(2) Concurrent Mark From Roots
[2024-05-14T13:54:12.073+0530][gc,task      ] GC(2) Using 3 workers of 3 for marking
[2024-05-14T13:54:12.075+0530][gc,marking   ] GC(2) Concurrent Mark From Roots 2.832ms
[2024-05-14T13:54:12.076+0530][gc,marking   ] GC(2) Concurrent Preclean
[2024-05-14T13:54:12.076+0530][gc,marking   ] GC(2) Concurrent Preclean 0.207ms
[2024-05-14T13:54:12.076+0530][gc,marking   ] GC(2) Concurrent Mark (2.028s, 2.031s) 3.582ms
[2024-05-14T13:54:12.076+0530][gc,start     ] GC(2) Pause Remark
[2024-05-14T13:54:12.078+0530][gc,stringtable] GC(2) Cleaned string and symbol table, strings: 5625 processed, 0 removed, symbols: 53512 processed, 39 removed
[2024-05-14T13:54:12.079+0530][gc            ] GC(2) Pause Remark 9M->9M(1024M) 2.209ms
[2024-05-14T13:54:12.079+0530][gc,cpu        ] GC(2) User=0.01s Sys=0.00s Real=0.00s
[2024-05-14T13:54:12.079+0530][gc,marking    ] GC(2) Concurrent Rebuild Remembered Sets
[2024-05-14T13:54:12.081+0530][gc,marking    ] GC(2) Concurrent Rebuild Remembered Sets 1.752ms
[2024-05-14T13:54:12.081+0530][gc,start      ] GC(2) Pause Cleanup
[2024-05-14T13:54:12.082+0530][gc            ] GC(2) Pause Cleanup 9M->9M(1024M) 0.388ms
[2024-05-14T13:54:12.082+0530][gc,cpu        ] GC(2) User=0.00s Sys=0.00s Real=0.00s
[2024-05-14T13:54:12.082+0530][gc,marking    ] GC(2) Concurrent Cleanup for Next Mark
[2024-05-14T13:54:12.083+0530][gc,marking    ] GC(2) Concurrent Cleanup for Next Mark 1.445ms
[2024-05-14T13:54:12.084+0530][gc            ] GC(2) Concurrent Cycle 13.157ms
[2024-05-14T13:54:13.110+0530][gc,start      ] GC(3) Pause Young (Normal) (G1 Evacuation Pause)
[2024-05-14T13:54:13.110+0530][gc,task       ] GC(3) Using 10 workers of 10 for evacuation
[2024-05-14T13:54:13.112+0530][gc,phases     ] GC(3)   Pre Evacuate Collection Set: 0.0ms
[2024-05-14T13:54:13.112+0530][gc,phases     ] GC(3)   Evacuate Collection Set: 1.5ms
[2024-05-14T13:54:13.112+0530][gc,phases     ] GC(3)   Post Evacuate Collection Set: 0.5ms
[2024-05-14T13:54:13.112+0530][gc,phases     ] GC(3)   Other: 0.4ms
[2024-05-14T13:54:13.113+0530][gc,heap       ] GC(3) Eden regions: 49->0(47)
[2024-05-14T13:54:13.113+0530][gc,heap       ] GC(3) Survivor regions: 2->4(7)
[2024-05-14T13:54:13.113+0530][gc,heap       ] GC(3) Old regions: 10->10
[2024-05-14T13:54:13.113+0530][gc,heap       ] GC(3) Humongous regions: 129->129
[2024-05-14T13:54:13.113+0530][gc,metaspace  ] GC(3) Metaspace: 27631K(28720K)->27631K(28720K) NonClass: 24371K(25008K)->24371K(25008K) Class: 3260K(3712K)->3260K(3712K)
[2024-05-14T13:54:13.113+0530][gc            ] GC(3) Pause Young (Normal) (G1 Evacuation Pause) 187M->140M(1024M) 3.627ms
[2024-05-14T13:54:13.113+0530][gc,cpu        ] GC(3) User=0.02s Sys=0.00s Real=0.00s
[2024-05-14T13:54:13.689+0530][gc,start      ] GC(4) Pause Young (Concurrent Start) (Metadata GC Threshold)
[2024-05-14T13:54:13.689+0530][gc,task       ] GC(4) Using 10 workers of 10 for evacuation
[2024-05-14T13:54:13.696+0530][gc,phases     ] GC(4)   Pre Evacuate Collection Set: 0.1ms
[2024-05-14T13:54:13.696+0530][gc,phases     ] GC(4)   Evacuate Collection Set: 5.9ms
[2024-05-14T13:54:13.696+0530][gc,phases     ] GC(4)   Post Evacuate Collection Set: 0.5ms
[2024-05-14T13:54:13.696+0530][gc,phases     ] GC(4)   Other: 0.5ms
[2024-05-14T13:54:13.696+0530][gc,heap       ] GC(4) Eden regions: 46->0(44)
[2024-05-14T13:54:13.696+0530][gc,heap       ] GC(4) Survivor regions: 4->7(7)
[2024-05-14T13:54:13.697+0530][gc,heap       ] GC(4) Old regions: 10->10
[2024-05-14T13:54:13.697+0530][gc,heap       ] GC(4) Humongous regions: 129->129
[2024-05-14T13:54:13.697+0530][gc,metaspace  ] GC(4) Metaspace: 34470K(35708K)->34470K(35708K) NonClass: 30517K(31152K)->30517K(31152K) Class: 3953K(4556K)->3953K(4556K)
[2024-05-14T13:54:13.697+0530][gc            ] GC(4) Pause Young (Concurrent Start) (Metadata GC Threshold) 186M->144M(1024M) 8.299ms
[2024-05-14T13:54:13.697+0530][gc,cpu        ] GC(4) User=0.03s Sys=0.00s Real=0.01s
[2024-05-14T13:54:13.697+0530][gc            ] GC(5) Concurrent Cycle
[2024-05-14T13:54:13.697+0530][gc,marking    ] GC(5) Concurrent Clear Claimed Marks
[2024-05-14T13:54:13.698+0530][gc,marking    ] GC(5) Concurrent Clear Claimed Marks 0.271ms
[2024-05-14T13:54:13.698+0530][gc,marking    ] GC(5) Concurrent Scan Root Regions
[2024-05-14T13:54:13.699+0530][gc,marking    ] GC(5) Concurrent Scan Root Regions 1.611ms
[2024-05-14T13:54:13.700+0530][gc,marking    ] GC(5) Concurrent Mark (3.655s)
[2024-05-14T13:54:13.700+0530][gc,marking    ] GC(5) Concurrent Mark From Roots
[2024-05-14T13:54:13.700+0530][gc,task       ] GC(5) Using 3 workers of 3 for marking
[2024-05-14T13:54:13.703+0530][gc,marking    ] GC(5) Concurrent Mark From Roots 3.156ms
[2024-05-14T13:54:13.703+0530][gc,marking    ] GC(5) Concurrent Preclean
[2024-05-14T13:54:13.704+0530][gc,marking    ] GC(5) Concurrent Preclean 0.380ms
[2024-05-14T13:54:13.704+0530][gc,marking    ] GC(5) Concurrent Mark (3.655s, 3.660s) 4.350ms
[2024-05-14T13:54:13.705+0530][gc,start      ] GC(5) Pause Remark
[2024-05-14T13:54:13.706+0530][gc,stringtable] GC(5) Cleaned string and symbol table, strings: 9999 processed, 9 removed, symbols: 84181 processed, 19 removed
[2024-05-14T13:54:13.707+0530][gc            ] GC(5) Pause Remark 144M->144M(1024M) 2.195ms
[2024-05-14T13:54:13.707+0530][gc,cpu        ] GC(5) User=0.02s Sys=0.01s Real=0.01s
[2024-05-14T13:54:13.707+0530][gc,marking    ] GC(5) Concurrent Rebuild Remembered Sets
[2024-05-14T13:54:13.709+0530][gc,marking    ] GC(5) Concurrent Rebuild Remembered Sets 2.207ms
[2024-05-14T13:54:13.710+0530][gc,start      ] GC(5) Pause Cleanup
[2024-05-14T13:54:13.710+0530][gc            ] GC(5) Pause Cleanup 144M->144M(1024M) 0.465ms
[2024-05-14T13:54:13.711+0530][gc,cpu        ] GC(5) User=0.00s Sys=0.00s Real=0.00s
[2024-05-14T13:54:13.711+0530][gc,marking    ] GC(5) Concurrent Cleanup for Next Mark
[2024-05-14T13:54:13.721+0530][gc,marking    ] GC(5) Concurrent Cleanup for Next Mark 9.903ms
[2024-05-14T13:54:13.721+0530][gc            ] GC(5) Concurrent Cycle 23.677ms
[2024-05-14T13:54:14.525+0530][gc,start      ] GC(6) Pause Young (Normal) (G1 Evacuation Pause)
[2024-05-14T13:54:14.526+0530][gc,task       ] GC(6) Using 10 workers of 10 for evacuation
[2024-05-14T13:54:14.534+0530][gc,phases     ] GC(6)   Pre Evacuate Collection Set: 0.0ms
[2024-05-14T13:54:14.534+0530][gc,phases     ] GC(6)   Evacuate Collection Set: 6.6ms
[2024-05-14T13:54:14.534+0530][gc,phases     ] GC(6)   Post Evacuate Collection Set: 1.1ms
[2024-05-14T13:54:14.535+0530][gc,phases     ] GC(6)   Other: 0.5ms
[2024-05-14T13:54:14.535+0530][gc,heap       ] GC(6) Eden regions: 44->0(48)
[2024-05-14T13:54:14.535+0530][gc,heap       ] GC(6) Survivor regions: 7->3(7)
[2024-05-14T13:54:14.535+0530][gc,heap       ] GC(6) Old regions: 10->16
[2024-05-14T13:54:14.535+0530][gc,heap       ] GC(6) Humongous regions: 159->135
[2024-05-14T13:54:14.536+0530][gc,metaspace  ] GC(6) Metaspace: 40697K(42876K)->40697K(42876K) NonClass: 35689K(36784K)->35689K(36784K) Class: 5008K(6092K)->5008K(6092K)
[2024-05-14T13:54:14.536+0530][gc            ] GC(6) Pause Young (Normal) (G1 Evacuation Pause) 218M->151M(1024M) 10.249ms
[2024-05-14T13:54:14.536+0530][gc,cpu        ] GC(6) User=0.06s Sys=0.01s Real=0.01s
