[2024-04-24T16:31:03.789+0530][gc,heap] Heap region size: 1M
[2024-04-24T16:31:03.799+0530][gc     ] Using G1
[2024-04-24T16:31:03.799+0530][gc,heap,coops] Heap address: 0x00000000c0000000, size: 1024 MB, Compressed Oops mode: 32-bit
[2024-04-24T16:31:03.800+0530][gc,cds       ] Mark closed archive regions in map: [0x00000000fff00000, 0x00000000fff6bff8]
[2024-04-24T16:31:03.800+0530][gc,cds       ] Mark open archive regions in map: [0x00000000ffe00000, 0x00000000ffe47ff8]
[2024-04-24T16:31:05.226+0530][gc,start     ] GC(0) Pause Young (Normal) (G1 Evacuation Pause)
[2024-04-24T16:31:05.227+0530][gc,task      ] GC(0) Using 10 workers of 10 for evacuation
[2024-04-24T16:31:05.237+0530][gc,phases    ] GC(0)   Pre Evacuate Collection Set: 0.0ms
[2024-04-24T16:31:05.237+0530][gc,phases    ] GC(0)   Evacuate Collection Set: 8.9ms
[2024-04-24T16:31:05.238+0530][gc,phases    ] GC(0)   Post Evacuate Collection Set: 0.8ms
[2024-04-24T16:31:05.238+0530][gc,phases    ] GC(0)   Other: 1.7ms
[2024-04-24T16:31:05.238+0530][gc,heap      ] GC(0) Eden regions: 51->0(44)
[2024-04-24T16:31:05.238+0530][gc,heap      ] GC(0) Survivor regions: 0->7(7)
[2024-04-24T16:31:05.238+0530][gc,heap      ] GC(0) Old regions: 2->4
[2024-04-24T16:31:05.238+0530][gc,heap      ] GC(0) Humongous regions: 0->0
[2024-04-24T16:31:05.239+0530][gc,metaspace ] GC(0) Metaspace: 13967K(14592K)->13967K(14592K) NonClass: 12242K(12544K)->12242K(12544K) Class: 1724K(2048K)->1724K(2048K)
[2024-04-24T16:31:05.239+0530][gc           ] GC(0) Pause Young (Normal) (G1 Evacuation Pause) 51M->8M(1024M) 13.075ms
[2024-04-24T16:31:05.239+0530][gc,cpu       ] GC(0) User=0.06s Sys=0.03s Real=0.02s
[2024-04-24T16:31:05.998+0530][gc,start     ] GC(1) Pause Young (Concurrent Start) (Metadata GC Threshold)
[2024-04-24T16:31:05.998+0530][gc,task      ] GC(1) Using 10 workers of 10 for evacuation
[2024-04-24T16:31:06.004+0530][gc,phases    ] GC(1)   Pre Evacuate Collection Set: 0.0ms
[2024-04-24T16:31:06.004+0530][gc,phases    ] GC(1)   Evacuate Collection Set: 4.9ms
[2024-04-24T16:31:06.004+0530][gc,phases    ] GC(1)   Post Evacuate Collection Set: 0.6ms
[2024-04-24T16:31:06.004+0530][gc,phases    ] GC(1)   Other: 0.5ms
[2024-04-24T16:31:06.004+0530][gc,heap      ] GC(1) Eden regions: 31->0(50)
[2024-04-24T16:31:06.005+0530][gc,heap      ] GC(1) Survivor regions: 7->1(7)
[2024-04-24T16:31:06.005+0530][gc,heap      ] GC(1) Old regions: 4->10
[2024-04-24T16:31:06.005+0530][gc,heap      ] GC(1) Humongous regions: 0->0
[2024-04-24T16:31:06.005+0530][gc,metaspace ] GC(1) Metaspace: 20426K(21248K)->20426K(21248K) NonClass: 17973K(18432K)->17973K(18432K) Class: 2453K(2816K)->2453K(2816K)
[2024-04-24T16:31:06.005+0530][gc           ] GC(1) Pause Young (Concurrent Start) (Metadata GC Threshold) 39M->9M(1024M) 7.478ms
[2024-04-24T16:31:06.005+0530][gc,cpu       ] GC(1) User=0.04s Sys=0.00s Real=0.00s
[2024-04-24T16:31:06.005+0530][gc           ] GC(2) Concurrent Cycle
[2024-04-24T16:31:06.006+0530][gc,marking   ] GC(2) Concurrent Clear Claimed Marks
[2024-04-24T16:31:06.006+0530][gc,marking   ] GC(2) Concurrent Clear Claimed Marks 0.330ms
[2024-04-24T16:31:06.006+0530][gc,marking   ] GC(2) Concurrent Scan Root Regions
[2024-04-24T16:31:06.008+0530][gc,marking   ] GC(2) Concurrent Scan Root Regions 1.902ms
[2024-04-24T16:31:06.008+0530][gc,marking   ] GC(2) Concurrent Mark (2.224s)
[2024-04-24T16:31:06.008+0530][gc,marking   ] GC(2) Concurrent Mark From Roots
[2024-04-24T16:31:06.009+0530][gc,task      ] GC(2) Using 3 workers of 3 for marking
[2024-04-24T16:31:06.012+0530][gc,marking   ] GC(2) Concurrent Mark From Roots 3.638ms
[2024-04-24T16:31:06.012+0530][gc,marking   ] GC(2) Concurrent Preclean
[2024-04-24T16:31:06.013+0530][gc,marking   ] GC(2) Concurrent Preclean 0.686ms
[2024-04-24T16:31:06.013+0530][gc,marking   ] GC(2) Concurrent Mark (2.224s, 2.229s) 5.105ms
[2024-04-24T16:31:06.014+0530][gc,start     ] GC(2) Pause Remark
[2024-04-24T16:31:06.016+0530][gc,stringtable] GC(2) Cleaned string and symbol table, strings: 5678 processed, 0 removed, symbols: 53799 processed, 42 removed
[2024-04-24T16:31:06.017+0530][gc            ] GC(2) Pause Remark 9M->9M(1024M) 3.329ms
[2024-04-24T16:31:06.017+0530][gc,cpu        ] GC(2) User=0.01s Sys=0.00s Real=0.01s
[2024-04-24T16:31:06.018+0530][gc,marking    ] GC(2) Concurrent Rebuild Remembered Sets
[2024-04-24T16:31:06.020+0530][gc,marking    ] GC(2) Concurrent Rebuild Remembered Sets 2.076ms
[2024-04-24T16:31:06.020+0530][gc,start      ] GC(2) Pause Cleanup
[2024-04-24T16:31:06.021+0530][gc            ] GC(2) Pause Cleanup 9M->9M(1024M) 0.501ms
[2024-04-24T16:31:06.021+0530][gc,cpu        ] GC(2) User=0.00s Sys=0.00s Real=0.00s
[2024-04-24T16:31:06.021+0530][gc,marking    ] GC(2) Concurrent Cleanup for Next Mark
[2024-04-24T16:31:06.023+0530][gc,marking    ] GC(2) Concurrent Cleanup for Next Mark 2.003ms
[2024-04-24T16:31:06.024+0530][gc            ] GC(2) Concurrent Cycle 18.414ms
[2024-04-24T16:31:06.951+0530][gc,start      ] GC(3) Pause Young (Normal) (G1 Evacuation Pause)
[2024-04-24T16:31:06.951+0530][gc,task       ] GC(3) Using 10 workers of 10 for evacuation
[2024-04-24T16:31:06.960+0530][gc,phases     ] GC(3)   Pre Evacuate Collection Set: 0.1ms
[2024-04-24T16:31:06.961+0530][gc,phases     ] GC(3)   Evacuate Collection Set: 8.0ms
[2024-04-24T16:31:06.961+0530][gc,phases     ] GC(3)   Post Evacuate Collection Set: 0.7ms
[2024-04-24T16:31:06.962+0530][gc,phases     ] GC(3)   Other: 0.8ms
[2024-04-24T16:31:06.962+0530][gc,heap       ] GC(3) Eden regions: 50->0(46)
[2024-04-24T16:31:06.963+0530][gc,heap       ] GC(3) Survivor regions: 1->5(7)
[2024-04-24T16:31:06.963+0530][gc,heap       ] GC(3) Old regions: 10->10
[2024-04-24T16:31:06.963+0530][gc,heap       ] GC(3) Humongous regions: 129->129
[2024-04-24T16:31:06.963+0530][gc,metaspace  ] GC(3) Metaspace: 28875K(29952K)->28875K(29952K) NonClass: 25516K(26112K)->25516K(26112K) Class: 3358K(3840K)->3358K(3840K)
[2024-04-24T16:31:06.964+0530][gc            ] GC(3) Pause Young (Normal) (G1 Evacuation Pause) 188M->141M(1024M) 12.787ms
[2024-04-24T16:31:06.964+0530][gc,cpu        ] GC(3) User=0.08s Sys=0.00s Real=0.01s
[2024-04-24T16:31:07.463+0530][gc,start      ] GC(4) Pause Young (Concurrent Start) (Metadata GC Threshold)
[2024-04-24T16:31:07.464+0530][gc,task       ] GC(4) Using 10 workers of 10 for evacuation
[2024-04-24T16:31:07.467+0530][gc,phases     ] GC(4)   Pre Evacuate Collection Set: 0.1ms
[2024-04-24T16:31:07.467+0530][gc,phases     ] GC(4)   Evacuate Collection Set: 2.5ms
[2024-04-24T16:31:07.467+0530][gc,phases     ] GC(4)   Post Evacuate Collection Set: 0.5ms
[2024-04-24T16:31:07.468+0530][gc,phases     ] GC(4)   Other: 0.5ms
[2024-04-24T16:31:07.468+0530][gc,heap       ] GC(4) Eden regions: 35->0(44)
[2024-04-24T16:31:07.468+0530][gc,heap       ] GC(4) Survivor regions: 5->7(7)
[2024-04-24T16:31:07.468+0530][gc,heap       ] GC(4) Old regions: 10->11
[2024-04-24T16:31:07.468+0530][gc,heap       ] GC(4) Humongous regions: 129->129
[2024-04-24T16:31:07.468+0530][gc,metaspace  ] GC(4) Metaspace: 34595K(35840K)->34595K(35840K) NonClass: 30621K(31232K)->30621K(31232K) Class: 3974K(4608K)->3974K(4608K)
[2024-04-24T16:31:07.468+0530][gc            ] GC(4) Pause Young (Concurrent Start) (Metadata GC Threshold) 175M->144M(1024M) 4.925ms
[2024-04-24T16:31:07.469+0530][gc,cpu        ] GC(4) User=0.02s Sys=0.00s Real=0.01s
[2024-04-24T16:31:07.469+0530][gc            ] GC(5) Concurrent Cycle
[2024-04-24T16:31:07.469+0530][gc,marking    ] GC(5) Concurrent Clear Claimed Marks
[2024-04-24T16:31:07.469+0530][gc,marking    ] GC(5) Concurrent Clear Claimed Marks 0.217ms
[2024-04-24T16:31:07.469+0530][gc,marking    ] GC(5) Concurrent Scan Root Regions
[2024-04-24T16:31:07.471+0530][gc,marking    ] GC(5) Concurrent Scan Root Regions 1.471ms
[2024-04-24T16:31:07.471+0530][gc,marking    ] GC(5) Concurrent Mark (3.687s)
[2024-04-24T16:31:07.471+0530][gc,marking    ] GC(5) Concurrent Mark From Roots
[2024-04-24T16:31:07.471+0530][gc,task       ] GC(5) Using 3 workers of 3 for marking
[2024-04-24T16:31:07.476+0530][gc,marking    ] GC(5) Concurrent Mark From Roots 4.356ms
[2024-04-24T16:31:07.476+0530][gc,marking    ] GC(5) Concurrent Preclean
[2024-04-24T16:31:07.476+0530][gc,marking    ] GC(5) Concurrent Preclean 0.313ms
[2024-04-24T16:31:07.476+0530][gc,marking    ] GC(5) Concurrent Mark (3.687s, 3.692s) 5.231ms
[2024-04-24T16:31:07.477+0530][gc,start      ] GC(5) Pause Remark
[2024-04-24T16:31:07.479+0530][gc,stringtable] GC(5) Cleaned string and symbol table, strings: 11596 processed, 10 removed, symbols: 88523 processed, 19 removed
[2024-04-24T16:31:07.479+0530][gc            ] GC(5) Pause Remark 145M->145M(1024M) 2.352ms
[2024-04-24T16:31:07.479+0530][gc,cpu        ] GC(5) User=0.01s Sys=0.00s Real=0.00s
[2024-04-24T16:31:07.479+0530][gc,marking    ] GC(5) Concurrent Rebuild Remembered Sets
[2024-04-24T16:31:07.482+0530][gc,marking    ] GC(5) Concurrent Rebuild Remembered Sets 2.472ms
[2024-04-24T16:31:07.482+0530][gc,start      ] GC(5) Pause Cleanup
[2024-04-24T16:31:07.483+0530][gc            ] GC(5) Pause Cleanup 145M->145M(1024M) 0.355ms
[2024-04-24T16:31:07.483+0530][gc,cpu        ] GC(5) User=0.00s Sys=0.00s Real=0.00s
[2024-04-24T16:31:07.483+0530][gc,marking    ] GC(5) Concurrent Cleanup for Next Mark
[2024-04-24T16:31:07.489+0530][gc,marking    ] GC(5) Concurrent Cleanup for Next Mark 5.795ms
[2024-04-24T16:31:07.489+0530][gc            ] GC(5) Concurrent Cycle 20.390ms
[2024-04-24T16:46:19.715+0530][gc,start      ] GC(6) Pause Young (Normal) (G1 Evacuation Pause)
[2024-04-24T16:46:19.715+0530][gc,task       ] GC(6) Using 10 workers of 10 for evacuation
[2024-04-24T16:46:19.721+0530][gc,phases     ] GC(6)   Pre Evacuate Collection Set: 0.7ms
[2024-04-24T16:46:19.721+0530][gc,phases     ] GC(6)   Evacuate Collection Set: 4.1ms
[2024-04-24T16:46:19.722+0530][gc,phases     ] GC(6)   Post Evacuate Collection Set: 0.8ms
[2024-04-24T16:46:19.722+0530][gc,phases     ] GC(6)   Other: 0.9ms
[2024-04-24T16:46:19.722+0530][gc,heap       ] GC(6) Eden regions: 44->0(46)
[2024-04-24T16:46:19.722+0530][gc,heap       ] GC(6) Survivor regions: 7->5(7)
[2024-04-24T16:46:19.723+0530][gc,heap       ] GC(6) Old regions: 11->14
[2024-04-24T16:46:19.723+0530][gc,heap       ] GC(6) Humongous regions: 129->129
[2024-04-24T16:46:19.723+0530][gc,metaspace  ] GC(6) Metaspace: 41132K(43520K)->41132K(43520K) NonClass: 35843K(37120K)->35843K(37120K) Class: 5288K(6400K)->5288K(6400K)
[2024-04-24T16:46:19.723+0530][gc            ] GC(6) Pause Young (Normal) (G1 Evacuation Pause) 188M->145M(1024M) 8.367ms
[2024-04-24T16:46:19.723+0530][gc,cpu        ] GC(6) User=0.04s Sys=0.01s Real=0.01s
[2024-04-26T12:09:15.209+0530][gc,start      ] GC(7) Pause Young (Normal) (G1 Evacuation Pause)
[2024-04-26T12:09:15.211+0530][gc,task       ] GC(7) Using 10 workers of 10 for evacuation
[2024-04-26T12:09:15.305+0530][gc,mmu        ] GC(7) MMU target violated: 21.0ms (20.0ms/21.0ms)
[2024-04-26T12:09:15.305+0530][gc,phases     ] GC(7)   Pre Evacuate Collection Set: 17.4ms
[2024-04-26T12:09:15.306+0530][gc,phases     ] GC(7)   Evacuate Collection Set: 61.1ms
[2024-04-26T12:09:15.306+0530][gc,phases     ] GC(7)   Post Evacuate Collection Set: 6.4ms
[2024-04-26T12:09:15.306+0530][gc,phases     ] GC(7)   Other: 13.4ms
[2024-04-26T12:09:15.306+0530][gc,heap       ] GC(7) Eden regions: 46->0(49)
[2024-04-26T12:09:15.307+0530][gc,heap       ] GC(7) Survivor regions: 5->2(7)
[2024-04-26T12:09:15.307+0530][gc,heap       ] GC(7) Old regions: 14->17
[2024-04-26T12:09:15.307+0530][gc,heap       ] GC(7) Humongous regions: 129->129
[2024-04-26T12:09:15.307+0530][gc,metaspace  ] GC(7) Metaspace: 41781K(44160K)->41781K(44160K) NonClass: 36475K(37632K)->36475K(37632K) Class: 5306K(6528K)->5306K(6528K)
[2024-04-26T12:09:15.308+0530][gc            ] GC(7) Pause Young (Normal) (G1 Evacuation Pause) 191M->146M(1024M) 98.941ms
[2024-04-26T12:09:15.308+0530][gc,cpu        ] GC(7) User=0.65s Sys=0.00s Real=0.10s
[2024-04-26T13:59:01.333+0530][gc,start      ] GC(8) Pause Young (Normal) (G1 Evacuation Pause)
[2024-04-26T13:59:01.333+0530][gc,task       ] GC(8) Using 10 workers of 10 for evacuation
[2024-04-26T13:59:01.341+0530][gc,phases     ] GC(8)   Pre Evacuate Collection Set: 2.6ms
[2024-04-26T13:59:01.341+0530][gc,phases     ] GC(8)   Evacuate Collection Set: 3.9ms
[2024-04-26T13:59:01.342+0530][gc,phases     ] GC(8)   Post Evacuate Collection Set: 0.9ms
[2024-04-26T13:59:01.342+0530][gc,phases     ] GC(8)   Other: 1.9ms
[2024-04-26T13:59:01.342+0530][gc,heap       ] GC(8) Eden regions: 49->0(49)
[2024-04-26T13:59:01.342+0530][gc,heap       ] GC(8) Survivor regions: 2->2(7)
[2024-04-26T13:59:01.342+0530][gc,heap       ] GC(8) Old regions: 17->17
[2024-04-26T13:59:01.342+0530][gc,heap       ] GC(8) Humongous regions: 129->129
[2024-04-26T13:59:01.342+0530][gc,metaspace  ] GC(8) Metaspace: 41896K(44416K)->41896K(44416K) NonClass: 36590K(37888K)->36590K(37888K) Class: 5306K(6528K)->5306K(6528K)
[2024-04-26T13:59:01.343+0530][gc            ] GC(8) Pause Young (Normal) (G1 Evacuation Pause) 195M->145M(1024M) 10.054ms
[2024-04-26T13:59:01.343+0530][gc,cpu        ] GC(8) User=0.03s Sys=0.02s Real=0.01s
[2024-04-26T16:08:24.025+0530][gc,start      ] GC(9) Pause Young (Normal) (G1 Evacuation Pause)
[2024-04-26T16:08:24.025+0530][gc,task       ] GC(9) Using 10 workers of 10 for evacuation
[2024-04-26T16:08:24.042+0530][gc,phases     ] GC(9)   Pre Evacuate Collection Set: 6.5ms
[2024-04-26T16:08:24.043+0530][gc,phases     ] GC(9)   Evacuate Collection Set: 7.9ms
[2024-04-26T16:08:24.043+0530][gc,phases     ] GC(9)   Post Evacuate Collection Set: 1.7ms
[2024-04-26T16:08:24.043+0530][gc,phases     ] GC(9)   Other: 1.6ms
[2024-04-26T16:08:24.044+0530][gc,heap       ] GC(9) Eden regions: 49->0(49)
[2024-04-26T16:08:24.044+0530][gc,heap       ] GC(9) Survivor regions: 2->2(7)
[2024-04-26T16:08:24.044+0530][gc,heap       ] GC(9) Old regions: 17->17
[2024-04-26T16:08:24.044+0530][gc,heap       ] GC(9) Humongous regions: 129->129
[2024-04-26T16:08:24.044+0530][gc,metaspace  ] GC(9) Metaspace: 41923K(44416K)->41923K(44416K) NonClass: 36616K(37888K)->36616K(37888K) Class: 5306K(6528K)->5306K(6528K)
[2024-04-26T16:08:24.045+0530][gc            ] GC(9) Pause Young (Normal) (G1 Evacuation Pause) 194M->145M(1024M) 19.721ms
[2024-04-26T16:08:24.045+0530][gc,cpu        ] GC(9) User=0.09s Sys=0.00s Real=0.02s
[2024-04-28T01:10:08.152+0530][gc,start      ] GC(10) Pause Young (Normal) (G1 Evacuation Pause)
[2024-04-28T01:10:08.153+0530][gc,task       ] GC(10) Using 10 workers of 10 for evacuation
[2024-04-28T01:10:08.200+0530][gc,mmu        ] GC(10) MMU target violated: 21.0ms (20.0ms/21.0ms)
[2024-04-28T01:10:08.200+0530][gc,phases     ] GC(10)   Pre Evacuate Collection Set: 18.0ms
[2024-04-28T01:10:08.201+0530][gc,phases     ] GC(10)   Evacuate Collection Set: 24.7ms
[2024-04-28T01:10:08.201+0530][gc,phases     ] GC(10)   Post Evacuate Collection Set: 2.1ms
[2024-04-28T01:10:08.201+0530][gc,phases     ] GC(10)   Other: 5.6ms
[2024-04-28T01:10:08.202+0530][gc,heap       ] GC(10) Eden regions: 49->0(49)
[2024-04-28T01:10:08.202+0530][gc,heap       ] GC(10) Survivor regions: 2->2(7)
[2024-04-28T01:10:08.202+0530][gc,heap       ] GC(10) Old regions: 17->17
[2024-04-28T01:10:08.202+0530][gc,heap       ] GC(10) Humongous regions: 129->129
[2024-04-28T01:10:08.202+0530][gc,metaspace  ] GC(10) Metaspace: 42005K(44416K)->42005K(44416K) NonClass: 36698K(37888K)->36698K(37888K) Class: 5307K(6528K)->5307K(6528K)
[2024-04-28T01:10:08.202+0530][gc            ] GC(10) Pause Young (Normal) (G1 Evacuation Pause) 194M->145M(1024M) 50.232ms
[2024-04-28T01:10:08.203+0530][gc,cpu        ] GC(10) User=0.25s Sys=0.02s Real=0.05s
[2024-04-28T02:12:24.660+0530][gc,start      ] GC(11) Pause Young (Normal) (G1 Evacuation Pause)
[2024-04-28T02:12:24.661+0530][gc,task       ] GC(11) Using 10 workers of 10 for evacuation
[2024-04-28T02:12:24.665+0530][gc,phases     ] GC(11)   Pre Evacuate Collection Set: 0.3ms
[2024-04-28T02:12:24.665+0530][gc,phases     ] GC(11)   Evacuate Collection Set: 2.8ms
[2024-04-28T02:12:24.665+0530][gc,phases     ] GC(11)   Post Evacuate Collection Set: 0.9ms
[2024-04-28T02:12:24.666+0530][gc,phases     ] GC(11)   Other: 0.6ms
[2024-04-28T02:12:24.666+0530][gc,heap       ] GC(11) Eden regions: 49->0(49)
[2024-04-28T02:12:24.666+0530][gc,heap       ] GC(11) Survivor regions: 2->2(7)
[2024-04-28T02:12:24.666+0530][gc,heap       ] GC(11) Old regions: 17->17
[2024-04-28T02:12:24.666+0530][gc,heap       ] GC(11) Humongous regions: 129->129
[2024-04-28T02:12:24.666+0530][gc,metaspace  ] GC(11) Metaspace: 42028K(44416K)->42028K(44416K) NonClass: 36721K(37888K)->36721K(37888K) Class: 5307K(6528K)->5307K(6528K)
[2024-04-28T02:12:24.666+0530][gc            ] GC(11) Pause Young (Normal) (G1 Evacuation Pause) 194M->146M(1024M) 6.099ms
[2024-04-28T02:12:24.667+0530][gc,cpu        ] GC(11) User=0.02s Sys=0.00s Real=0.01s
[2024-04-28T21:09:21.481+0530][gc,start      ] GC(12) Pause Young (Normal) (G1 Evacuation Pause)
[2024-04-28T21:09:21.482+0530][gc,task       ] GC(12) Using 10 workers of 10 for evacuation
[2024-04-28T21:09:21.538+0530][gc,mmu        ] GC(12) MMU target violated: 21.0ms (20.0ms/21.0ms)
[2024-04-28T21:09:21.539+0530][gc,phases     ] GC(12)   Pre Evacuate Collection Set: 15.5ms
[2024-04-28T21:09:21.539+0530][gc,phases     ] GC(12)   Evacuate Collection Set: 35.3ms
[2024-04-28T21:09:21.540+0530][gc,phases     ] GC(12)   Post Evacuate Collection Set: 3.4ms
[2024-04-28T21:09:21.540+0530][gc,phases     ] GC(12)   Other: 4.7ms
[2024-04-28T21:09:21.540+0530][gc,heap       ] GC(12) Eden regions: 49->0(49)
[2024-04-28T21:09:21.541+0530][gc,heap       ] GC(12) Survivor regions: 2->2(7)
[2024-04-28T21:09:21.541+0530][gc,heap       ] GC(12) Old regions: 17->17
[2024-04-28T21:09:21.541+0530][gc,heap       ] GC(12) Humongous regions: 129->129
[2024-04-28T21:09:21.542+0530][gc,metaspace  ] GC(12) Metaspace: 42077K(44416K)->42077K(44416K) NonClass: 36770K(37888K)->36770K(37888K) Class: 5307K(6528K)->5307K(6528K)
[2024-04-28T21:09:21.542+0530][gc            ] GC(12) Pause Young (Normal) (G1 Evacuation Pause) 195M->146M(1024M) 61.029ms
[2024-04-28T21:09:21.543+0530][gc,cpu        ] GC(12) User=0.35s Sys=0.02s Real=0.06s
[2024-04-29T12:12:14.814+0530][gc,start      ] GC(13) Pause Young (Normal) (G1 Evacuation Pause)
[2024-04-29T12:12:14.816+0530][gc,task       ] GC(13) Using 10 workers of 10 for evacuation
[2024-04-29T12:12:14.837+0530][gc,phases     ] GC(13)   Pre Evacuate Collection Set: 9.1ms
[2024-04-29T12:12:14.837+0530][gc,phases     ] GC(13)   Evacuate Collection Set: 7.8ms
[2024-04-29T12:12:14.837+0530][gc,phases     ] GC(13)   Post Evacuate Collection Set: 2.1ms
[2024-04-29T12:12:14.838+0530][gc,phases     ] GC(13)   Other: 3.5ms
[2024-04-29T12:12:14.838+0530][gc,heap       ] GC(13) Eden regions: 49->0(47)
[2024-04-29T12:12:14.839+0530][gc,heap       ] GC(13) Survivor regions: 2->4(7)
[2024-04-29T12:12:14.839+0530][gc,heap       ] GC(13) Old regions: 17->17
[2024-04-29T12:12:14.839+0530][gc,heap       ] GC(13) Humongous regions: 129->129
[2024-04-29T12:12:14.839+0530][gc,metaspace  ] GC(13) Metaspace: 43198K(45824K)->43198K(45824K) NonClass: 37771K(39168K)->37771K(39168K) Class: 5427K(6656K)->5427K(6656K)
[2024-04-29T12:12:14.839+0530][gc            ] GC(13) Pause Young (Normal) (G1 Evacuation Pause) 195M->147M(1024M) 24.705ms
[2024-04-29T12:12:14.839+0530][gc,cpu        ] GC(13) User=0.05s Sys=0.05s Real=0.03s
[2024-04-29T12:20:14.742+0530][gc,start      ] GC(14) Pause Young (Normal) (G1 Evacuation Pause)
[2024-04-29T12:20:14.742+0530][gc,task       ] GC(14) Using 10 workers of 10 for evacuation
[2024-04-29T12:20:14.752+0530][gc,phases     ] GC(14)   Pre Evacuate Collection Set: 0.4ms
[2024-04-29T12:20:14.752+0530][gc,phases     ] GC(14)   Evacuate Collection Set: 7.1ms
[2024-04-29T12:20:14.752+0530][gc,phases     ] GC(14)   Post Evacuate Collection Set: 1.7ms
[2024-04-29T12:20:14.753+0530][gc,phases     ] GC(14)   Other: 0.8ms
[2024-04-29T12:20:14.753+0530][gc,heap       ] GC(14) Eden regions: 47->0(47)
[2024-04-29T12:20:14.753+0530][gc,heap       ] GC(14) Survivor regions: 4->4(7)
[2024-04-29T12:20:14.753+0530][gc,heap       ] GC(14) Old regions: 17->17
[2024-04-29T12:20:14.754+0530][gc,heap       ] GC(14) Humongous regions: 129->129
[2024-04-29T12:20:14.754+0530][gc,metaspace  ] GC(14) Metaspace: 43540K(46080K)->43540K(46080K) NonClass: 38109K(39424K)->38109K(39424K) Class: 5431K(6656K)->5431K(6656K)
[2024-04-29T12:20:14.754+0530][gc            ] GC(14) Pause Young (Normal) (G1 Evacuation Pause) 194M->148M(1024M) 12.829ms
[2024-04-29T12:20:14.755+0530][gc,cpu        ] GC(14) User=0.07s Sys=0.00s Real=0.02s
[2024-04-29T12:25:57.115+0530][gc,start      ] GC(15) Pause Young (Normal) (G1 Evacuation Pause)
[2024-04-29T12:25:57.115+0530][gc,task       ] GC(15) Using 10 workers of 10 for evacuation
[2024-04-29T12:25:57.127+0530][gc,phases     ] GC(15)   Pre Evacuate Collection Set: 0.2ms
[2024-04-29T12:25:57.127+0530][gc,phases     ] GC(15)   Evacuate Collection Set: 10.5ms
[2024-04-29T12:25:57.127+0530][gc,phases     ] GC(15)   Post Evacuate Collection Set: 0.9ms
[2024-04-29T12:25:57.127+0530][gc,phases     ] GC(15)   Other: 0.5ms
[2024-04-29T12:25:57.128+0530][gc,heap       ] GC(15) Eden regions: 47->0(46)
[2024-04-29T12:25:57.128+0530][gc,heap       ] GC(15) Survivor regions: 4->5(7)
[2024-04-29T12:25:57.128+0530][gc,heap       ] GC(15) Old regions: 17->18
[2024-04-29T12:25:57.128+0530][gc,heap       ] GC(15) Humongous regions: 129->129
[2024-04-29T12:25:57.128+0530][gc,metaspace  ] GC(15) Metaspace: 44087K(46720K)->44087K(46720K) NonClass: 38586K(39936K)->38586K(39936K) Class: 5501K(6784K)->5501K(6784K)
[2024-04-29T12:25:57.128+0530][gc            ] GC(15) Pause Young (Normal) (G1 Evacuation Pause) 195M->150M(1024M) 13.164ms
[2024-04-29T12:25:57.128+0530][gc,cpu        ] GC(15) User=0.11s Sys=0.00s Real=0.01s
[2024-04-29T12:46:50.106+0530][gc,start      ] GC(16) Pause Young (Normal) (G1 Evacuation Pause)
[2024-04-29T12:46:50.106+0530][gc,task       ] GC(16) Using 10 workers of 10 for evacuation
[2024-04-29T12:46:50.111+0530][gc,phases     ] GC(16)   Pre Evacuate Collection Set: 0.2ms
[2024-04-29T12:46:50.112+0530][gc,phases     ] GC(16)   Evacuate Collection Set: 3.7ms
[2024-04-29T12:46:50.112+0530][gc,phases     ] GC(16)   Post Evacuate Collection Set: 0.9ms
[2024-04-29T12:46:50.112+0530][gc,phases     ] GC(16)   Other: 1.5ms
[2024-04-29T12:46:50.112+0530][gc,heap       ] GC(16) Eden regions: 46->0(53)
[2024-04-29T12:46:50.113+0530][gc,heap       ] GC(16) Survivor regions: 5->4(7)
[2024-04-29T12:46:50.113+0530][gc,heap       ] GC(16) Old regions: 18->19
[2024-04-29T12:46:50.113+0530][gc,heap       ] GC(16) Humongous regions: 129->129
[2024-04-29T12:46:50.113+0530][gc,metaspace  ] GC(16) Metaspace: 45512K(48640K)->45512K(48640K) NonClass: 39749K(41472K)->39749K(41472K) Class: 5763K(7168K)->5763K(7168K)
[2024-04-29T12:46:50.113+0530][gc            ] GC(16) Pause Young (Normal) (G1 Evacuation Pause) 196M->149M(1024M) 7.713ms
[2024-04-29T12:46:50.113+0530][gc,cpu        ] GC(16) User=0.04s Sys=0.00s Real=0.01s
[2024-04-29T12:53:45.448+0530][gc,start      ] GC(17) Pause Young (Normal) (G1 Evacuation Pause)
[2024-04-29T12:53:45.448+0530][gc,task       ] GC(17) Using 10 workers of 10 for evacuation
[2024-04-29T12:53:45.458+0530][gc,phases     ] GC(17)   Pre Evacuate Collection Set: 0.2ms
[2024-04-29T12:53:45.458+0530][gc,phases     ] GC(17)   Evacuate Collection Set: 4.5ms
[2024-04-29T12:53:45.459+0530][gc,phases     ] GC(17)   Post Evacuate Collection Set: 1.0ms
[2024-04-29T12:53:45.459+0530][gc,phases     ] GC(17)   Other: 4.4ms
[2024-04-29T12:53:45.459+0530][gc,heap       ] GC(17) Eden regions: 53->0(96)
[2024-04-29T12:53:45.459+0530][gc,heap       ] GC(17) Survivor regions: 4->5(8)
[2024-04-29T12:53:45.460+0530][gc,heap       ] GC(17) Old regions: 19->19
[2024-04-29T12:53:45.460+0530][gc,heap       ] GC(17) Humongous regions: 129->129
[2024-04-29T12:53:45.460+0530][gc,metaspace  ] GC(17) Metaspace: 45594K(48640K)->45594K(48640K) NonClass: 39811K(41472K)->39811K(41472K) Class: 5783K(7168K)->5783K(7168K)
[2024-04-29T12:53:45.460+0530][gc            ] GC(17) Pause Young (Normal) (G1 Evacuation Pause) 202M->150M(1024M) 12.161ms
[2024-04-29T12:53:45.460+0530][gc,cpu        ] GC(17) User=0.03s Sys=0.02s Real=0.02s
[2024-04-29T14:17:02.538+0530][gc,start      ] GC(18) Pause Young (Normal) (G1 Evacuation Pause)
[2024-04-29T14:17:02.539+0530][gc,task       ] GC(18) Using 10 workers of 10 for evacuation
[2024-04-29T14:17:02.577+0530][gc,mmu        ] GC(18) MMU target violated: 21.0ms (20.0ms/21.0ms)
[2024-04-29T14:17:02.577+0530][gc,phases     ] GC(18)   Pre Evacuate Collection Set: 12.8ms
[2024-04-29T14:17:02.578+0530][gc,phases     ] GC(18)   Evacuate Collection Set: 21.2ms
[2024-04-29T14:17:02.578+0530][gc,phases     ] GC(18)   Post Evacuate Collection Set: 2.3ms
[2024-04-29T14:17:02.578+0530][gc,phases     ] GC(18)   Other: 3.2ms
[2024-04-29T14:17:02.578+0530][gc,heap       ] GC(18) Eden regions: 96->0(46)
[2024-04-29T14:17:02.578+0530][gc,heap       ] GC(18) Survivor regions: 5->5(13)
[2024-04-29T14:17:02.579+0530][gc,heap       ] GC(18) Old regions: 19->19
[2024-04-29T14:17:02.579+0530][gc,heap       ] GC(18) Humongous regions: 130->129
[2024-04-29T14:17:02.579+0530][gc,metaspace  ] GC(18) Metaspace: 45974K(49024K)->45974K(49024K) NonClass: 40119K(41728K)->40119K(41728K) Class: 5855K(7296K)->5855K(7296K)
[2024-04-29T14:17:02.579+0530][gc            ] GC(18) Pause Young (Normal) (G1 Evacuation Pause) 247M->150M(1024M) 41.156ms
[2024-04-29T14:17:02.580+0530][gc,cpu        ] GC(18) User=0.22s Sys=0.01s Real=0.04s
[2024-04-29T14:20:48.801+0530][gc,start      ] GC(19) Pause Young (Normal) (G1 Evacuation Pause)
[2024-04-29T14:20:48.801+0530][gc,task       ] GC(19) Using 10 workers of 10 for evacuation
[2024-04-29T14:20:48.809+0530][gc,phases     ] GC(19)   Pre Evacuate Collection Set: 2.8ms
[2024-04-29T14:20:48.810+0530][gc,phases     ] GC(19)   Evacuate Collection Set: 3.7ms
[2024-04-29T14:20:48.810+0530][gc,phases     ] GC(19)   Post Evacuate Collection Set: 1.4ms
[2024-04-29T14:20:48.810+0530][gc,phases     ] GC(19)   Other: 0.8ms
[2024-04-29T14:20:48.810+0530][gc,heap       ] GC(19) Eden regions: 46->0(64)
[2024-04-29T14:20:48.810+0530][gc,heap       ] GC(19) Survivor regions: 5->4(7)
[2024-04-29T14:20:48.810+0530][gc,heap       ] GC(19) Old regions: 19->20
[2024-04-29T14:20:48.811+0530][gc,heap       ] GC(19) Humongous regions: 130->129
[2024-04-29T14:20:48.811+0530][gc,metaspace  ] GC(19) Metaspace: 46085K(49024K)->46085K(49024K) NonClass: 40229K(41728K)->40229K(41728K) Class: 5855K(7296K)->5855K(7296K)
[2024-04-29T14:20:48.811+0530][gc            ] GC(19) Pause Young (Normal) (G1 Evacuation Pause) 197M->150M(1024M) 10.113ms
[2024-04-29T14:20:48.811+0530][gc,cpu        ] GC(19) User=0.04s Sys=0.00s Real=0.01s
[2024-04-29T14:30:35.905+0530][gc,start      ] GC(20) Pause Young (Normal) (G1 Evacuation Pause)
[2024-04-29T14:30:35.906+0530][gc,task       ] GC(20) Using 10 workers of 10 for evacuation
[2024-04-29T14:30:35.913+0530][gc,phases     ] GC(20)   Pre Evacuate Collection Set: 2.3ms
[2024-04-29T14:30:35.914+0530][gc,phases     ] GC(20)   Evacuate Collection Set: 3.1ms
[2024-04-29T14:30:35.914+0530][gc,phases     ] GC(20)   Post Evacuate Collection Set: 1.4ms
[2024-04-29T14:30:35.914+0530][gc,phases     ] GC(20)   Other: 1.5ms
[2024-04-29T14:30:35.914+0530][gc,heap       ] GC(20) Eden regions: 64->0(125)
[2024-04-29T14:30:35.915+0530][gc,heap       ] GC(20) Survivor regions: 4->5(9)
[2024-04-29T14:30:35.915+0530][gc,heap       ] GC(20) Old regions: 20->20
[2024-04-29T14:30:35.915+0530][gc,heap       ] GC(20) Humongous regions: 129->129
[2024-04-29T14:30:35.915+0530][gc,metaspace  ] GC(20) Metaspace: 46096K(49024K)->46096K(49024K) NonClass: 40240K(41728K)->40240K(41728K) Class: 5856K(7296K)->5856K(7296K)
[2024-04-29T14:30:35.916+0530][gc            ] GC(20) Pause Young (Normal) (G1 Evacuation Pause) 214M->151M(1024M) 10.343ms
[2024-04-29T14:30:35.916+0530][gc,cpu        ] GC(20) User=0.02s Sys=0.02s Real=0.01s
[2024-04-29T14:58:57.065+0530][gc,start      ] GC(21) Pause Young (Normal) (G1 Evacuation Pause)
[2024-04-29T14:58:57.065+0530][gc,task       ] GC(21) Using 10 workers of 10 for evacuation
[2024-04-29T14:58:57.078+0530][gc,phases     ] GC(21)   Pre Evacuate Collection Set: 1.1ms
[2024-04-29T14:58:57.078+0530][gc,phases     ] GC(21)   Evacuate Collection Set: 7.5ms
[2024-04-29T14:58:57.079+0530][gc,phases     ] GC(21)   Post Evacuate Collection Set: 1.5ms
[2024-04-29T14:58:57.079+0530][gc,phases     ] GC(21)   Other: 2.8ms
[2024-04-29T14:58:57.079+0530][gc,heap       ] GC(21) Eden regions: 125->0(156)
[2024-04-29T14:58:57.080+0530][gc,heap       ] GC(21) Survivor regions: 5->5(17)
[2024-04-29T14:58:57.080+0530][gc,heap       ] GC(21) Old regions: 20->20
[2024-04-29T14:58:57.080+0530][gc,heap       ] GC(21) Humongous regions: 129->129
[2024-04-29T14:58:57.081+0530][gc,metaspace  ] GC(21) Metaspace: 46109K(49280K)->46109K(49280K) NonClass: 40253K(41984K)->40253K(41984K) Class: 5856K(7296K)->5856K(7296K)
[2024-04-29T14:58:57.081+0530][gc            ] GC(21) Pause Young (Normal) (G1 Evacuation Pause) 276M->151M(1024M) 15.835ms
[2024-04-29T14:58:57.081+0530][gc,cpu        ] GC(21) User=0.05s Sys=0.03s Real=0.02s
[2024-04-29T15:24:57.830+0530][gc,start      ] GC(22) Pause Young (Normal) (G1 Evacuation Pause)
[2024-04-29T15:24:57.831+0530][gc,task       ] GC(22) Using 10 workers of 10 for evacuation
[2024-04-29T15:24:57.839+0530][gc,phases     ] GC(22)   Pre Evacuate Collection Set: 0.5ms
[2024-04-29T15:24:57.839+0530][gc,phases     ] GC(22)   Evacuate Collection Set: 5.2ms
[2024-04-29T15:24:57.839+0530][gc,phases     ] GC(22)   Post Evacuate Collection Set: 1.4ms
[2024-04-29T15:24:57.840+0530][gc,phases     ] GC(22)   Other: 1.2ms
[2024-04-29T15:24:57.840+0530][gc,heap       ] GC(22) Eden regions: 156->0(176)
[2024-04-29T15:24:57.840+0530][gc,heap       ] GC(22) Survivor regions: 5->5(21)
[2024-04-29T15:24:57.840+0530][gc,heap       ] GC(22) Old regions: 20->20
[2024-04-29T15:24:57.841+0530][gc,heap       ] GC(22) Humongous regions: 129->129
[2024-04-29T15:24:57.841+0530][gc,metaspace  ] GC(22) Metaspace: 46119K(49280K)->46119K(49280K) NonClass: 40263K(41984K)->40263K(41984K) Class: 5856K(7296K)->5856K(7296K)
[2024-04-29T15:24:57.842+0530][gc            ] GC(22) Pause Young (Normal) (G1 Evacuation Pause) 307M->152M(1024M) 11.390ms
[2024-04-29T15:24:57.842+0530][gc,cpu        ] GC(22) User=0.00s Sys=0.05s Real=0.01s
[2024-04-29T16:20:52.670+0530][gc,start      ] GC(23) Pause Young (Normal) (G1 Evacuation Pause)
[2024-04-29T16:20:52.671+0530][gc,task       ] GC(23) Using 10 workers of 10 for evacuation
[2024-04-29T16:20:52.686+0530][gc,phases     ] GC(23)   Pre Evacuate Collection Set: 3.9ms
[2024-04-29T16:20:52.687+0530][gc,phases     ] GC(23)   Evacuate Collection Set: 4.8ms
[2024-04-29T16:20:52.687+0530][gc,phases     ] GC(23)   Post Evacuate Collection Set: 1.8ms
[2024-04-29T16:20:52.687+0530][gc,phases     ] GC(23)   Other: 6.5ms
[2024-04-29T16:20:52.688+0530][gc,heap       ] GC(23) Eden regions: 176->0(182)
[2024-04-29T16:20:52.688+0530][gc,heap       ] GC(23) Survivor regions: 5->5(23)
[2024-04-29T16:20:52.688+0530][gc,heap       ] GC(23) Old regions: 20->20
[2024-04-29T16:20:52.689+0530][gc,heap       ] GC(23) Humongous regions: 129->129
[2024-04-29T16:20:52.689+0530][gc,metaspace  ] GC(23) Metaspace: 46223K(49280K)->46223K(49280K) NonClass: 40362K(41984K)->40362K(41984K) Class: 5860K(7296K)->5860K(7296K)
[2024-04-29T16:20:52.689+0530][gc            ] GC(23) Pause Young (Normal) (G1 Evacuation Pause) 328M->152M(1024M) 19.311ms
[2024-04-29T16:20:52.689+0530][gc,cpu        ] GC(23) User=0.04s Sys=0.01s Real=0.02s
[2024-04-29T16:26:46.354+0530][gc,heap,exit  ] Heap
[2024-04-29T16:26:46.354+0530][gc,heap,exit  ]  garbage-first heap   total 1048576K, used 217254K [0x00000000c0000000, 0x0000000100000000)
[2024-04-29T16:26:46.354+0530][gc,heap,exit  ]   region size 1024K, 66 young (67584K), 5 survivors (5120K)
[2024-04-29T16:26:46.354+0530][gc,heap,exit  ]  Metaspace       used 47318K, capacity 50343K, committed 50432K, reserved 1091584K
[2024-04-29T16:26:46.354+0530][gc,heap,exit  ]   class space    used 6107K, capacity 7604K, committed 7680K, reserved 1048576K
