[2024-05-13T20:43:56.056+0530][gc,heap] Heap region size: 1M
[2024-05-13T20:43:56.071+0530][gc     ] Using G1
[2024-05-13T20:43:56.071+0530][gc,heap,coops] Heap address: 0x00000000c0000000, size: 1024 MB, Compressed Oops mode: 32-bit
[2024-05-13T20:43:56.071+0530][gc,cds       ] Mark closed archive regions in map: [0x00000000fff00000, 0x00000000fff6bff8]
[2024-05-13T20:43:56.072+0530][gc,cds       ] Mark open archive regions in map: [0x00000000ffe00000, 0x00000000ffe47ff8]
[2024-05-13T20:43:57.253+0530][gc,start     ] GC(0) Pause Young (Normal) (G1 Evacuation Pause)
[2024-05-13T20:43:57.255+0530][gc,task      ] GC(0) Using 10 workers of 10 for evacuation
[2024-05-13T20:43:57.266+0530][gc,phases    ] GC(0)   Pre Evacuate Collection Set: 0.0ms
[2024-05-13T20:43:57.266+0530][gc,phases    ] GC(0)   Evacuate Collection Set: 9.7ms
[2024-05-13T20:43:57.266+0530][gc,phases    ] GC(0)   Post Evacuate Collection Set: 0.9ms
[2024-05-13T20:43:57.267+0530][gc,phases    ] GC(0)   Other: 2.4ms
[2024-05-13T20:43:57.267+0530][gc,heap      ] GC(0) Eden regions: 51->0(44)
[2024-05-13T20:43:57.267+0530][gc,heap      ] GC(0) Survivor regions: 0->7(7)
[2024-05-13T20:43:57.268+0530][gc,heap      ] GC(0) Old regions: 2->3
[2024-05-13T20:43:57.268+0530][gc,heap      ] GC(0) Humongous regions: 0->0
[2024-05-13T20:43:57.268+0530][gc,metaspace ] GC(0) Metaspace: 13973K(14592K)->13973K(14592K) NonClass: 12248K(12544K)->12248K(12544K) Class: 1724K(2048K)->1724K(2048K)
[2024-05-13T20:43:57.268+0530][gc           ] GC(0) Pause Young (Normal) (G1 Evacuation Pause) 51M->8M(1024M) 15.456ms
[2024-05-13T20:43:57.268+0530][gc,cpu       ] GC(0) User=0.09s Sys=0.01s Real=0.02s
[2024-05-13T20:43:57.866+0530][gc,start     ] GC(1) Pause Young (Concurrent Start) (Metadata GC Threshold)
[2024-05-13T20:43:57.866+0530][gc,task      ] GC(1) Using 10 workers of 10 for evacuation
[2024-05-13T20:43:57.872+0530][gc,phases    ] GC(1)   Pre Evacuate Collection Set: 0.0ms
[2024-05-13T20:43:57.872+0530][gc,phases    ] GC(1)   Evacuate Collection Set: 5.1ms
[2024-05-13T20:43:57.872+0530][gc,phases    ] GC(1)   Post Evacuate Collection Set: 0.6ms
[2024-05-13T20:43:57.873+0530][gc,phases    ] GC(1)   Other: 0.6ms
[2024-05-13T20:43:57.873+0530][gc,heap      ] GC(1) Eden regions: 31->0(49)
[2024-05-13T20:43:57.873+0530][gc,heap      ] GC(1) Survivor regions: 7->2(7)
[2024-05-13T20:43:57.873+0530][gc,heap      ] GC(1) Old regions: 3->10
[2024-05-13T20:43:57.873+0530][gc,heap      ] GC(1) Humongous regions: 0->0
[2024-05-13T20:43:57.873+0530][gc,metaspace ] GC(1) Metaspace: 20526K(21248K)->20526K(21248K) NonClass: 18045K(18432K)->18045K(18432K) Class: 2480K(2816K)->2480K(2816K)
[2024-05-13T20:43:57.873+0530][gc           ] GC(1) Pause Young (Concurrent Start) (Metadata GC Threshold) 38M->9M(1024M) 7.631ms
[2024-05-13T20:43:57.873+0530][gc,cpu       ] GC(1) User=0.03s Sys=0.00s Real=0.00s
[2024-05-13T20:43:57.873+0530][gc           ] GC(2) Concurrent Cycle
[2024-05-13T20:43:57.874+0530][gc,marking   ] GC(2) Concurrent Clear Claimed Marks
[2024-05-13T20:43:57.874+0530][gc,marking   ] GC(2) Concurrent Clear Claimed Marks 0.252ms
[2024-05-13T20:43:57.874+0530][gc,marking   ] GC(2) Concurrent Scan Root Regions
[2024-05-13T20:43:57.876+0530][gc,marking   ] GC(2) Concurrent Scan Root Regions 1.463ms
[2024-05-13T20:43:57.876+0530][gc,marking   ] GC(2) Concurrent Mark (1.851s)
[2024-05-13T20:43:57.876+0530][gc,marking   ] GC(2) Concurrent Mark From Roots
[2024-05-13T20:43:57.877+0530][gc,task      ] GC(2) Using 3 workers of 3 for marking
[2024-05-13T20:43:57.880+0530][gc,marking   ] GC(2) Concurrent Mark From Roots 3.710ms
[2024-05-13T20:43:57.880+0530][gc,marking   ] GC(2) Concurrent Preclean
[2024-05-13T20:43:57.881+0530][gc,marking   ] GC(2) Concurrent Preclean 0.532ms
[2024-05-13T20:43:57.881+0530][gc,marking   ] GC(2) Concurrent Mark (1.851s, 1.856s) 5.043ms
[2024-05-13T20:43:57.882+0530][gc,start     ] GC(2) Pause Remark
[2024-05-13T20:43:57.883+0530][gc,stringtable] GC(2) Cleaned string and symbol table, strings: 5648 processed, 0 removed, symbols: 53605 processed, 39 removed
[2024-05-13T20:43:57.884+0530][gc            ] GC(2) Pause Remark 9M->9M(1024M) 2.261ms
[2024-05-13T20:43:57.884+0530][gc,cpu        ] GC(2) User=0.02s Sys=0.00s Real=0.01s
[2024-05-13T20:43:57.884+0530][gc,marking    ] GC(2) Concurrent Rebuild Remembered Sets
[2024-05-13T20:43:57.886+0530][gc,marking    ] GC(2) Concurrent Rebuild Remembered Sets 1.966ms
[2024-05-13T20:43:57.887+0530][gc,start      ] GC(2) Pause Cleanup
[2024-05-13T20:43:57.887+0530][gc            ] GC(2) Pause Cleanup 9M->9M(1024M) 0.403ms
[2024-05-13T20:43:57.887+0530][gc,cpu        ] GC(2) User=0.00s Sys=0.00s Real=0.00s
[2024-05-13T20:43:57.888+0530][gc,marking    ] GC(2) Concurrent Cleanup for Next Mark
[2024-05-13T20:43:57.890+0530][gc,marking    ] GC(2) Concurrent Cleanup for Next Mark 1.800ms
[2024-05-13T20:43:57.890+0530][gc            ] GC(2) Concurrent Cycle 16.524ms
[2024-05-13T20:43:58.798+0530][gc,start      ] GC(3) Pause Young (Normal) (G1 Evacuation Pause)
[2024-05-13T20:43:58.798+0530][gc,task       ] GC(3) Using 10 workers of 10 for evacuation
[2024-05-13T20:43:58.800+0530][gc,phases     ] GC(3)   Pre Evacuate Collection Set: 0.0ms
[2024-05-13T20:43:58.801+0530][gc,phases     ] GC(3)   Evacuate Collection Set: 1.5ms
[2024-05-13T20:43:58.801+0530][gc,phases     ] GC(3)   Post Evacuate Collection Set: 0.5ms
[2024-05-13T20:43:58.801+0530][gc,phases     ] GC(3)   Other: 0.4ms
[2024-05-13T20:43:58.801+0530][gc,heap       ] GC(3) Eden regions: 49->0(47)
[2024-05-13T20:43:58.801+0530][gc,heap       ] GC(3) Survivor regions: 2->4(7)
[2024-05-13T20:43:58.801+0530][gc,heap       ] GC(3) Old regions: 10->10
[2024-05-13T20:43:58.801+0530][gc,heap       ] GC(3) Humongous regions: 129->129
[2024-05-13T20:43:58.801+0530][gc,metaspace  ] GC(3) Metaspace: 27696K(28800K)->27696K(28800K) NonClass: 24432K(25088K)->24432K(25088K) Class: 3264K(3712K)->3264K(3712K)
[2024-05-13T20:43:58.802+0530][gc            ] GC(3) Pause Young (Normal) (G1 Evacuation Pause) 187M->140M(1024M) 3.728ms
[2024-05-13T20:43:58.802+0530][gc,cpu        ] GC(3) User=0.01s Sys=0.00s Real=0.00s
[2024-05-13T20:43:59.362+0530][gc,start      ] GC(4) Pause Young (Concurrent Start) (Metadata GC Threshold)
[2024-05-13T20:43:59.362+0530][gc,task       ] GC(4) Using 10 workers of 10 for evacuation
[2024-05-13T20:43:59.370+0530][gc,phases     ] GC(4)   Pre Evacuate Collection Set: 0.2ms
[2024-05-13T20:43:59.370+0530][gc,phases     ] GC(4)   Evacuate Collection Set: 6.2ms
[2024-05-13T20:43:59.370+0530][gc,phases     ] GC(4)   Post Evacuate Collection Set: 0.6ms
[2024-05-13T20:43:59.370+0530][gc,phases     ] GC(4)   Other: 0.7ms
[2024-05-13T20:43:59.370+0530][gc,heap       ] GC(4) Eden regions: 46->0(44)
[2024-05-13T20:43:59.371+0530][gc,heap       ] GC(4) Survivor regions: 4->7(7)
[2024-05-13T20:43:59.371+0530][gc,heap       ] GC(4) Old regions: 10->10
[2024-05-13T20:43:59.371+0530][gc,heap       ] GC(4) Humongous regions: 129->129
[2024-05-13T20:43:59.371+0530][gc,metaspace  ] GC(4) Metaspace: 34529K(35840K)->34529K(35840K) NonClass: 30582K(31232K)->30582K(31232K) Class: 3947K(4608K)->3947K(4608K)
[2024-05-13T20:43:59.371+0530][gc            ] GC(4) Pause Young (Concurrent Start) (Metadata GC Threshold) 185M->144M(1024M) 9.122ms
[2024-05-13T20:43:59.371+0530][gc,cpu        ] GC(4) User=0.03s Sys=0.00s Real=0.01s
[2024-05-13T20:43:59.371+0530][gc            ] GC(5) Concurrent Cycle
[2024-05-13T20:43:59.372+0530][gc,marking    ] GC(5) Concurrent Clear Claimed Marks
[2024-05-13T20:43:59.372+0530][gc,marking    ] GC(5) Concurrent Clear Claimed Marks 0.395ms
[2024-05-13T20:43:59.372+0530][gc,marking    ] GC(5) Concurrent Scan Root Regions
[2024-05-13T20:43:59.374+0530][gc,marking    ] GC(5) Concurrent Scan Root Regions 1.609ms
[2024-05-13T20:43:59.374+0530][gc,marking    ] GC(5) Concurrent Mark (3.349s)
[2024-05-13T20:43:59.375+0530][gc,marking    ] GC(5) Concurrent Mark From Roots
[2024-05-13T20:43:59.375+0530][gc,task       ] GC(5) Using 3 workers of 3 for marking
[2024-05-13T20:43:59.378+0530][gc,marking    ] GC(5) Concurrent Mark From Roots 3.199ms
[2024-05-13T20:43:59.378+0530][gc,marking    ] GC(5) Concurrent Preclean
[2024-05-13T20:43:59.378+0530][gc,marking    ] GC(5) Concurrent Preclean 0.252ms
[2024-05-13T20:43:59.379+0530][gc,marking    ] GC(5) Concurrent Mark (3.349s, 3.354s) 4.235ms
[2024-05-13T20:43:59.379+0530][gc,start      ] GC(5) Pause Remark
[2024-05-13T20:43:59.381+0530][gc,stringtable] GC(5) Cleaned string and symbol table, strings: 10004 processed, 9 removed, symbols: 84200 processed, 19 removed
[2024-05-13T20:43:59.381+0530][gc            ] GC(5) Pause Remark 144M->144M(1024M) 2.294ms
[2024-05-13T20:43:59.382+0530][gc,cpu        ] GC(5) User=0.01s Sys=0.00s Real=0.00s
[2024-05-13T20:43:59.382+0530][gc,marking    ] GC(5) Concurrent Rebuild Remembered Sets
[2024-05-13T20:43:59.384+0530][gc,marking    ] GC(5) Concurrent Rebuild Remembered Sets 1.736ms
[2024-05-13T20:43:59.385+0530][gc,start      ] GC(5) Pause Cleanup
[2024-05-13T20:43:59.385+0530][gc            ] GC(5) Pause Cleanup 144M->144M(1024M) 0.500ms
[2024-05-13T20:43:59.386+0530][gc,cpu        ] GC(5) User=0.00s Sys=0.00s Real=0.00s
[2024-05-13T20:43:59.386+0530][gc,marking    ] GC(5) Concurrent Cleanup for Next Mark
[2024-05-13T20:43:59.390+0530][gc,marking    ] GC(5) Concurrent Cleanup for Next Mark 4.012ms
[2024-05-13T20:43:59.390+0530][gc            ] GC(5) Concurrent Cycle 18.712ms
[2024-05-13T20:44:00.370+0530][gc,start      ] GC(6) Pause Young (Normal) (G1 Evacuation Pause)
[2024-05-13T20:44:00.370+0530][gc,task       ] GC(6) Using 10 workers of 10 for evacuation
[2024-05-13T20:44:00.380+0530][gc,phases     ] GC(6)   Pre Evacuate Collection Set: 0.0ms
[2024-05-13T20:44:00.380+0530][gc,phases     ] GC(6)   Evacuate Collection Set: 8.3ms
[2024-05-13T20:44:00.380+0530][gc,phases     ] GC(6)   Post Evacuate Collection Set: 1.0ms
[2024-05-13T20:44:00.380+0530][gc,phases     ] GC(6)   Other: 0.7ms
[2024-05-13T20:44:00.381+0530][gc,heap       ] GC(6) Eden regions: 44->0(48)
[2024-05-13T20:44:00.381+0530][gc,heap       ] GC(6) Survivor regions: 7->3(7)
[2024-05-13T20:44:00.381+0530][gc,heap       ] GC(6) Old regions: 10->17
[2024-05-13T20:44:00.381+0530][gc,heap       ] GC(6) Humongous regions: 207->135
[2024-05-13T20:44:00.381+0530][gc,metaspace  ] GC(6) Metaspace: 41174K(43392K)->41174K(43392K) NonClass: 36039K(37120K)->36039K(37120K) Class: 5134K(6272K)->5134K(6272K)
[2024-05-13T20:44:00.381+0530][gc            ] GC(6) Pause Young (Normal) (G1 Evacuation Pause) 266M->152M(1024M) 11.404ms
[2024-05-13T20:44:00.381+0530][gc,cpu        ] GC(6) User=0.04s Sys=0.05s Real=0.01s
[2024-05-13T20:48:52.932+0530][gc,start      ] GC(7) Pause Young (Normal) (G1 Evacuation Pause)
[2024-05-13T20:48:52.932+0530][gc,task       ] GC(7) Using 10 workers of 10 for evacuation
[2024-05-13T20:48:52.936+0530][gc,phases     ] GC(7)   Pre Evacuate Collection Set: 0.1ms
[2024-05-13T20:48:52.937+0530][gc,phases     ] GC(7)   Evacuate Collection Set: 2.4ms
[2024-05-13T20:48:52.937+0530][gc,phases     ] GC(7)   Post Evacuate Collection Set: 1.0ms
[2024-05-13T20:48:52.937+0530][gc,phases     ] GC(7)   Other: 0.6ms
[2024-05-13T20:48:52.937+0530][gc,heap       ] GC(7) Eden regions: 48->0(44)
[2024-05-13T20:48:52.937+0530][gc,heap       ] GC(7) Survivor regions: 3->7(7)
[2024-05-13T20:48:52.938+0530][gc,heap       ] GC(7) Old regions: 17->17
[2024-05-13T20:48:52.938+0530][gc,heap       ] GC(7) Humongous regions: 159->129
[2024-05-13T20:48:52.938+0530][gc,metaspace  ] GC(7) Metaspace: 44840K(47744K)->44840K(47744K) NonClass: 39136K(40704K)->39136K(40704K) Class: 5703K(7040K)->5703K(7040K)
[2024-05-13T20:48:52.938+0530][gc            ] GC(7) Pause Young (Normal) (G1 Evacuation Pause) 224M->149M(1024M) 5.775ms
[2024-05-13T20:48:52.938+0530][gc,cpu        ] GC(7) User=0.02s Sys=0.00s Real=0.01s
[2024-05-13T20:53:10.218+0530][gc,start      ] GC(8) Pause Young (Normal) (G1 Evacuation Pause)
[2024-05-13T20:53:10.218+0530][gc,task       ] GC(8) Using 10 workers of 10 for evacuation
[2024-05-13T20:53:10.222+0530][gc,phases     ] GC(8)   Pre Evacuate Collection Set: 0.1ms
[2024-05-13T20:53:10.223+0530][gc,phases     ] GC(8)   Evacuate Collection Set: 2.5ms
[2024-05-13T20:53:10.223+0530][gc,phases     ] GC(8)   Post Evacuate Collection Set: 1.0ms
[2024-05-13T20:53:10.223+0530][gc,phases     ] GC(8)   Other: 0.8ms
[2024-05-13T20:53:10.224+0530][gc,heap       ] GC(8) Eden regions: 44->0(48)
[2024-05-13T20:53:10.224+0530][gc,heap       ] GC(8) Survivor regions: 7->3(7)
[2024-05-13T20:53:10.224+0530][gc,heap       ] GC(8) Old regions: 17->19
[2024-05-13T20:53:10.224+0530][gc,heap       ] GC(8) Humongous regions: 129->129
[2024-05-13T20:53:10.224+0530][gc,metaspace  ] GC(8) Metaspace: 45018K(48000K)->45018K(48000K) NonClass: 39309K(40960K)->39309K(40960K) Class: 5709K(7040K)->5709K(7040K)
[2024-05-13T20:53:10.225+0530][gc            ] GC(8) Pause Young (Normal) (G1 Evacuation Pause) 193M->149M(1024M) 6.595ms
[2024-05-13T20:53:10.225+0530][gc,cpu        ] GC(8) User=0.02s Sys=0.01s Real=0.01s
[2024-05-13T20:58:14.164+0530][gc,start      ] GC(9) Pause Young (Normal) (G1 Evacuation Pause)
[2024-05-13T20:58:14.164+0530][gc,task       ] GC(9) Using 10 workers of 10 for evacuation
[2024-05-13T20:58:14.169+0530][gc,phases     ] GC(9)   Pre Evacuate Collection Set: 0.9ms
[2024-05-13T20:58:14.170+0530][gc,phases     ] GC(9)   Evacuate Collection Set: 2.2ms
[2024-05-13T20:58:14.170+0530][gc,phases     ] GC(9)   Post Evacuate Collection Set: 1.0ms
[2024-05-13T20:58:14.171+0530][gc,phases     ] GC(9)   Other: 1.2ms
[2024-05-13T20:58:14.171+0530][gc,heap       ] GC(9) Eden regions: 48->0(46)
[2024-05-13T20:58:14.171+0530][gc,heap       ] GC(9) Survivor regions: 3->5(7)
[2024-05-13T20:58:14.171+0530][gc,heap       ] GC(9) Old regions: 19->19
[2024-05-13T20:58:14.172+0530][gc,heap       ] GC(9) Humongous regions: 129->129
[2024-05-13T20:58:14.172+0530][gc,metaspace  ] GC(9) Metaspace: 45311K(48384K)->45311K(48384K) NonClass: 39564K(41216K)->39564K(41216K) Class: 5746K(7168K)->5746K(7168K)
[2024-05-13T20:58:14.172+0530][gc            ] GC(9) Pause Young (Normal) (G1 Evacuation Pause) 197M->151M(1024M) 8.150ms
[2024-05-13T20:58:14.172+0530][gc,cpu        ] GC(9) User=0.02s Sys=0.00s Real=0.00s
[2024-05-13T21:03:32.584+0530][gc,start      ] GC(10) Pause Young (Normal) (G1 Evacuation Pause)
[2024-05-13T21:03:32.584+0530][gc,task       ] GC(10) Using 10 workers of 10 for evacuation
[2024-05-13T21:03:32.589+0530][gc,phases     ] GC(10)   Pre Evacuate Collection Set: 0.4ms
[2024-05-13T21:03:32.590+0530][gc,phases     ] GC(10)   Evacuate Collection Set: 3.0ms
[2024-05-13T21:03:32.590+0530][gc,phases     ] GC(10)   Post Evacuate Collection Set: 0.9ms
[2024-05-13T21:03:32.590+0530][gc,phases     ] GC(10)   Other: 0.9ms
[2024-05-13T21:03:32.591+0530][gc,heap       ] GC(10) Eden regions: 46->0(44)
[2024-05-13T21:03:32.591+0530][gc,heap       ] GC(10) Survivor regions: 5->7(7)
[2024-05-13T21:03:32.591+0530][gc,heap       ] GC(10) Old regions: 19->21
[2024-05-13T21:03:32.591+0530][gc,heap       ] GC(10) Humongous regions: 129->129
[2024-05-13T21:03:32.592+0530][gc,metaspace  ] GC(10) Metaspace: 45407K(48384K)->45407K(48384K) NonClass: 39660K(41216K)->39660K(41216K) Class: 5746K(7168K)->5746K(7168K)
[2024-05-13T21:03:32.592+0530][gc            ] GC(10) Pause Young (Normal) (G1 Evacuation Pause) 197M->154M(1024M) 7.805ms
[2024-05-13T21:03:32.592+0530][gc,cpu        ] GC(10) User=0.02s Sys=0.01s Real=0.01s
[2024-05-13T21:08:40.836+0530][gc,start      ] GC(11) Pause Young (Normal) (G1 Evacuation Pause)
[2024-05-13T21:08:40.836+0530][gc,task       ] GC(11) Using 10 workers of 10 for evacuation
[2024-05-13T21:08:40.841+0530][gc,phases     ] GC(11)   Pre Evacuate Collection Set: 0.4ms
[2024-05-13T21:08:40.841+0530][gc,phases     ] GC(11)   Evacuate Collection Set: 3.1ms
[2024-05-13T21:08:40.841+0530][gc,phases     ] GC(11)   Post Evacuate Collection Set: 0.7ms
[2024-05-13T21:08:40.841+0530][gc,phases     ] GC(11)   Other: 0.6ms
[2024-05-13T21:08:40.842+0530][gc,heap       ] GC(11) Eden regions: 44->0(47)
[2024-05-13T21:08:40.842+0530][gc,heap       ] GC(11) Survivor regions: 7->7(7)
[2024-05-13T21:08:40.842+0530][gc,heap       ] GC(11) Old regions: 21->24
[2024-05-13T21:08:40.842+0530][gc,heap       ] GC(11) Humongous regions: 129->129
[2024-05-13T21:08:40.842+0530][gc,metaspace  ] GC(11) Metaspace: 45464K(48640K)->45464K(48640K) NonClass: 39711K(41472K)->39711K(41472K) Class: 5753K(7168K)->5753K(7168K)
[2024-05-13T21:08:40.842+0530][gc            ] GC(11) Pause Young (Normal) (G1 Evacuation Pause) 198M->157M(1024M) 6.150ms
[2024-05-13T21:08:40.842+0530][gc,cpu        ] GC(11) User=0.03s Sys=0.00s Real=0.01s
[2024-05-13T21:14:12.483+0530][gc,start      ] GC(12) Pause Young (Normal) (G1 Evacuation Pause)
[2024-05-13T21:14:12.484+0530][gc,task       ] GC(12) Using 10 workers of 10 for evacuation
[2024-05-13T21:14:12.491+0530][gc,phases     ] GC(12)   Pre Evacuate Collection Set: 0.2ms
[2024-05-13T21:14:12.491+0530][gc,phases     ] GC(12)   Evacuate Collection Set: 4.9ms
[2024-05-13T21:14:12.492+0530][gc,phases     ] GC(12)   Post Evacuate Collection Set: 1.1ms
[2024-05-13T21:14:12.492+0530][gc,phases     ] GC(12)   Other: 1.1ms
[2024-05-13T21:14:12.492+0530][gc,heap       ] GC(12) Eden regions: 47->0(52)
[2024-05-13T21:14:12.492+0530][gc,heap       ] GC(12) Survivor regions: 7->7(7)
[2024-05-13T21:14:12.493+0530][gc,heap       ] GC(12) Old regions: 24->27
[2024-05-13T21:14:12.493+0530][gc,heap       ] GC(12) Humongous regions: 129->129
[2024-05-13T21:14:12.493+0530][gc,metaspace  ] GC(12) Metaspace: 45574K(48640K)->45574K(48640K) NonClass: 39821K(41472K)->39821K(41472K) Class: 5753K(7168K)->5753K(7168K)
[2024-05-13T21:14:12.494+0530][gc            ] GC(12) Pause Young (Normal) (G1 Evacuation Pause) 204M->160M(1024M) 10.553ms
[2024-05-13T21:14:12.494+0530][gc,cpu        ] GC(12) User=0.05s Sys=0.00s Real=0.01s
[2024-05-13T21:21:21.148+0530][gc,start      ] GC(13) Pause Young (Normal) (G1 Evacuation Pause)
[2024-05-13T21:21:21.148+0530][gc,task       ] GC(13) Using 10 workers of 10 for evacuation
[2024-05-13T21:21:21.161+0530][gc,phases     ] GC(13)   Pre Evacuate Collection Set: 0.3ms
[2024-05-13T21:21:21.162+0530][gc,phases     ] GC(13)   Evacuate Collection Set: 11.3ms
[2024-05-13T21:21:21.162+0530][gc,phases     ] GC(13)   Post Evacuate Collection Set: 0.8ms
[2024-05-13T21:21:21.162+0530][gc,phases     ] GC(13)   Other: 0.9ms
[2024-05-13T21:21:21.163+0530][gc,heap       ] GC(13) Eden regions: 52->0(67)
[2024-05-13T21:21:21.163+0530][gc,heap       ] GC(13) Survivor regions: 7->8(8)
[2024-05-13T21:21:21.163+0530][gc,heap       ] GC(13) Old regions: 27->30
[2024-05-13T21:21:21.163+0530][gc,heap       ] GC(13) Humongous regions: 129->129
[2024-05-13T21:21:21.163+0530][gc,metaspace  ] GC(13) Metaspace: 45687K(48640K)->45687K(48640K) NonClass: 39914K(41472K)->39914K(41472K) Class: 5773K(7168K)->5773K(7168K)
[2024-05-13T21:21:21.164+0530][gc            ] GC(13) Pause Young (Normal) (G1 Evacuation Pause) 212M->164M(1024M) 15.313ms
[2024-05-13T21:21:21.164+0530][gc,cpu        ] GC(13) User=0.10s Sys=0.01s Real=0.01s
[2024-05-13T22:42:16.859+0530][gc,start      ] GC(14) Pause Young (Normal) (G1 Evacuation Pause)
[2024-05-13T22:42:16.859+0530][gc,task       ] GC(14) Using 10 workers of 10 for evacuation
[2024-05-13T22:42:16.887+0530][gc,mmu        ] GC(14) MMU target violated: 21.0ms (20.0ms/21.0ms)
[2024-05-13T22:42:16.888+0530][gc,phases     ] GC(14)   Pre Evacuate Collection Set: 0.7ms
[2024-05-13T22:42:16.888+0530][gc,phases     ] GC(14)   Evacuate Collection Set: 25.9ms
[2024-05-13T22:42:16.889+0530][gc,phases     ] GC(14)   Post Evacuate Collection Set: 0.9ms
[2024-05-13T22:42:16.889+0530][gc,phases     ] GC(14)   Other: 1.9ms
[2024-05-13T22:42:16.889+0530][gc,heap       ] GC(14) Eden regions: 67->0(59)
[2024-05-13T22:42:16.890+0530][gc,heap       ] GC(14) Survivor regions: 8->8(10)
[2024-05-13T22:42:16.890+0530][gc,heap       ] GC(14) Old regions: 30->33
[2024-05-13T22:42:16.890+0530][gc,heap       ] GC(14) Humongous regions: 129->129
[2024-05-13T22:42:16.890+0530][gc,metaspace  ] GC(14) Metaspace: 45892K(48896K)->45892K(48896K) NonClass: 40116K(41728K)->40116K(41728K) Class: 5775K(7168K)->5775K(7168K)
[2024-05-13T22:42:16.891+0530][gc            ] GC(14) Pause Young (Normal) (G1 Evacuation Pause) 231M->167M(1024M) 32.010ms
[2024-05-13T22:42:16.891+0530][gc,cpu        ] GC(14) User=0.08s Sys=0.17s Real=0.03s
[2024-05-13T22:56:57.621+0530][gc,start      ] GC(15) Pause Young (Normal) (G1 Evacuation Pause)
[2024-05-13T22:56:57.622+0530][gc,task       ] GC(15) Using 10 workers of 10 for evacuation
[2024-05-13T22:56:57.636+0530][gc,phases     ] GC(15)   Pre Evacuate Collection Set: 0.4ms
[2024-05-13T22:56:57.637+0530][gc,phases     ] GC(15)   Evacuate Collection Set: 12.4ms
[2024-05-13T22:56:57.637+0530][gc,phases     ] GC(15)   Post Evacuate Collection Set: 1.1ms
[2024-05-13T22:56:57.637+0530][gc,phases     ] GC(15)   Other: 1.1ms
[2024-05-13T22:56:57.638+0530][gc,heap       ] GC(15) Eden regions: 59->0(220)
[2024-05-13T22:56:57.638+0530][gc,heap       ] GC(15) Survivor regions: 8->9(9)
[2024-05-13T22:56:57.638+0530][gc,heap       ] GC(15) Old regions: 33->37
[2024-05-13T22:56:57.639+0530][gc,heap       ] GC(15) Humongous regions: 129->129
[2024-05-13T22:56:57.639+0530][gc,metaspace  ] GC(15) Metaspace: 45976K(49152K)->45976K(49152K) NonClass: 40194K(41984K)->40194K(41984K) Class: 5781K(7168K)->5781K(7168K)
[2024-05-13T22:56:57.640+0530][gc            ] GC(15) Pause Young (Normal) (G1 Evacuation Pause) 226M->172M(1024M) 18.378ms
[2024-05-13T22:56:57.640+0530][gc,cpu        ] GC(15) User=0.11s Sys=0.01s Real=0.02s
[2024-05-13T23:22:54.659+0530][gc,start      ] GC(16) Pause Young (Normal) (G1 Evacuation Pause)
[2024-05-13T23:22:54.659+0530][gc,task       ] GC(16) Using 10 workers of 10 for evacuation
[2024-05-13T23:22:54.666+0530][gc,phases     ] GC(16)   Pre Evacuate Collection Set: 0.0ms
[2024-05-13T23:22:54.667+0530][gc,phases     ] GC(16)   Evacuate Collection Set: 5.5ms
[2024-05-13T23:22:54.667+0530][gc,phases     ] GC(16)   Post Evacuate Collection Set: 1.0ms
[2024-05-13T23:22:54.667+0530][gc,phases     ] GC(16)   Other: 0.7ms
[2024-05-13T23:22:54.667+0530][gc,heap       ] GC(16) Eden regions: 167->0(156)
[2024-05-13T23:22:54.668+0530][gc,heap       ] GC(16) Survivor regions: 9->9(22)
[2024-05-13T23:22:54.668+0530][gc,heap       ] GC(16) Old regions: 37->37
[2024-05-13T23:22:54.668+0530][gc,heap       ] GC(16) Humongous regions: 129->129
[2024-05-13T23:22:54.668+0530][gc,metaspace  ] GC(16) Metaspace: 47923K(51328K)->47923K(51328K) NonClass: 41691K(43520K)->41691K(43520K) Class: 6232K(7808K)->6232K(7808K)
[2024-05-13T23:22:54.668+0530][gc            ] GC(16) Pause Young (Normal) (G1 Evacuation Pause) 339M->172M(1024M) 9.111ms
[2024-05-13T23:22:54.668+0530][gc,cpu        ] GC(16) User=0.04s Sys=0.01s Real=0.01s
[2024-05-13T23:22:54.896+0530][gc,heap,exit  ] Heap
[2024-05-13T23:22:54.896+0530][gc,heap,exit  ]  garbage-first heap   total 1048576K, used 182018K [0x00000000c0000000, 0x0000000100000000)
[2024-05-13T23:22:54.896+0530][gc,heap,exit  ]   region size 1024K, 15 young (15360K), 9 survivors (9216K)
[2024-05-13T23:22:54.896+0530][gc,heap,exit  ]  Metaspace       used 48373K, capacity 51673K, committed 51712K, reserved 1093632K
[2024-05-13T23:22:54.896+0530][gc,heap,exit  ]   class space    used 6317K, capacity 7909K, committed 7936K, reserved 1048576K
