[2024-05-13T13:05:12.350+0530][gc,heap] Heap region size: 1M
[2024-05-13T13:05:12.357+0530][gc     ] Using G1
[2024-05-13T13:05:12.358+0530][gc,heap,coops] Heap address: 0x00000000c0000000, size: 1024 MB, Compressed Oops mode: 32-bit
[2024-05-13T13:05:12.358+0530][gc,cds       ] Mark closed archive regions in map: [0x00000000fff00000, 0x00000000fff6bff8]
[2024-05-13T13:05:12.358+0530][gc,cds       ] Mark open archive regions in map: [0x00000000ffe00000, 0x00000000ffe47ff8]
[2024-05-13T13:05:13.868+0530][gc,start     ] GC(0) Pause Young (Normal) (G1 Evacuation Pause)
[2024-05-13T13:05:13.870+0530][gc,task      ] GC(0) Using 10 workers of 10 for evacuation
[2024-05-13T13:05:13.881+0530][gc,phases    ] GC(0)   Pre Evacuate Collection Set: 0.0ms
[2024-05-13T13:05:13.881+0530][gc,phases    ] GC(0)   Evacuate Collection Set: 9.8ms
[2024-05-13T13:05:13.881+0530][gc,phases    ] GC(0)   Post Evacuate Collection Set: 1.0ms
[2024-05-13T13:05:13.882+0530][gc,phases    ] GC(0)   Other: 1.8ms
[2024-05-13T13:05:13.882+0530][gc,heap      ] GC(0) Eden regions: 51->0(44)
[2024-05-13T13:05:13.882+0530][gc,heap      ] GC(0) Survivor regions: 0->7(7)
[2024-05-13T13:05:13.883+0530][gc,heap      ] GC(0) Old regions: 2->3
[2024-05-13T13:05:13.883+0530][gc,heap      ] GC(0) Humongous regions: 0->0
[2024-05-13T13:05:13.883+0530][gc,metaspace ] GC(0) Metaspace: 13972K(14592K)->13972K(14592K) NonClass: 12247K(12544K)->12247K(12544K) Class: 1724K(2048K)->1724K(2048K)
[2024-05-13T13:05:13.884+0530][gc           ] GC(0) Pause Young (Normal) (G1 Evacuation Pause) 51M->8M(1024M) 15.348ms
[2024-05-13T13:05:13.884+0530][gc,cpu       ] GC(0) User=0.09s Sys=0.00s Real=0.01s
[2024-05-13T13:05:14.699+0530][gc,start     ] GC(1) Pause Young (Concurrent Start) (Metadata GC Threshold)
[2024-05-13T13:05:14.699+0530][gc,task      ] GC(1) Using 10 workers of 10 for evacuation
[2024-05-13T13:05:14.708+0530][gc,phases    ] GC(1)   Pre Evacuate Collection Set: 0.1ms
[2024-05-13T13:05:14.708+0530][gc,phases    ] GC(1)   Evacuate Collection Set: 5.0ms
[2024-05-13T13:05:14.708+0530][gc,phases    ] GC(1)   Post Evacuate Collection Set: 0.7ms
[2024-05-13T13:05:14.709+0530][gc,phases    ] GC(1)   Other: 2.9ms
[2024-05-13T13:05:14.709+0530][gc,heap      ] GC(1) Eden regions: 30->0(49)
[2024-05-13T13:05:14.709+0530][gc,heap      ] GC(1) Survivor regions: 7->2(7)
[2024-05-13T13:05:14.709+0530][gc,heap      ] GC(1) Old regions: 3->10
[2024-05-13T13:05:14.709+0530][gc,heap      ] GC(1) Humongous regions: 0->0
[2024-05-13T13:05:14.709+0530][gc,metaspace ] GC(1) Metaspace: 20437K(21296K)->20437K(21296K) NonClass: 17979K(18608K)->17979K(18608K) Class: 2458K(2688K)->2458K(2688K)
[2024-05-13T13:05:14.709+0530][gc           ] GC(1) Pause Young (Concurrent Start) (Metadata GC Threshold) 38M->9M(1024M) 10.150ms
[2024-05-13T13:05:14.709+0530][gc,cpu       ] GC(1) User=0.04s Sys=0.00s Real=0.01s
[2024-05-13T13:05:14.710+0530][gc           ] GC(2) Concurrent Cycle
[2024-05-13T13:05:14.710+0530][gc,marking   ] GC(2) Concurrent Clear Claimed Marks
[2024-05-13T13:05:14.711+0530][gc,marking   ] GC(2) Concurrent Clear Claimed Marks 0.449ms
[2024-05-13T13:05:14.711+0530][gc,marking   ] GC(2) Concurrent Scan Root Regions
[2024-05-13T13:05:14.713+0530][gc,marking   ] GC(2) Concurrent Scan Root Regions 1.926ms
[2024-05-13T13:05:14.713+0530][gc,marking   ] GC(2) Concurrent Mark (2.386s)
[2024-05-13T13:05:14.713+0530][gc,marking   ] GC(2) Concurrent Mark From Roots
[2024-05-13T13:05:14.714+0530][gc,task      ] GC(2) Using 3 workers of 3 for marking
[2024-05-13T13:05:14.717+0530][gc,marking   ] GC(2) Concurrent Mark From Roots 4.018ms
[2024-05-13T13:05:14.717+0530][gc,marking   ] GC(2) Concurrent Preclean
[2024-05-13T13:05:14.717+0530][gc,marking   ] GC(2) Concurrent Preclean 0.221ms
[2024-05-13T13:05:14.718+0530][gc,marking   ] GC(2) Concurrent Mark (2.386s, 2.391s) 4.746ms
[2024-05-13T13:05:14.718+0530][gc,start     ] GC(2) Pause Remark
[2024-05-13T13:05:14.719+0530][gc,stringtable] GC(2) Cleaned string and symbol table, strings: 5625 processed, 0 removed, symbols: 53512 processed, 39 removed
[2024-05-13T13:05:14.720+0530][gc            ] GC(2) Pause Remark 9M->9M(1024M) 2.014ms
[2024-05-13T13:05:14.720+0530][gc,cpu        ] GC(2) User=0.01s Sys=0.00s Real=0.00s
[2024-05-13T13:05:14.720+0530][gc,marking    ] GC(2) Concurrent Rebuild Remembered Sets
[2024-05-13T13:05:14.722+0530][gc,marking    ] GC(2) Concurrent Rebuild Remembered Sets 1.855ms
[2024-05-13T13:05:14.723+0530][gc,start      ] GC(2) Pause Cleanup
[2024-05-13T13:05:14.724+0530][gc            ] GC(2) Pause Cleanup 9M->9M(1024M) 0.802ms
[2024-05-13T13:05:14.724+0530][gc,cpu        ] GC(2) User=0.00s Sys=0.00s Real=0.00s
[2024-05-13T13:05:14.724+0530][gc,marking    ] GC(2) Concurrent Cleanup for Next Mark
[2024-05-13T13:05:14.727+0530][gc,marking    ] GC(2) Concurrent Cleanup for Next Mark 2.815ms
[2024-05-13T13:05:14.727+0530][gc            ] GC(2) Concurrent Cycle 17.238ms
[2024-05-13T13:05:15.942+0530][gc,start      ] GC(3) Pause Young (Normal) (G1 Evacuation Pause)
[2024-05-13T13:05:15.942+0530][gc,task       ] GC(3) Using 10 workers of 10 for evacuation
[2024-05-13T13:05:15.945+0530][gc,phases     ] GC(3)   Pre Evacuate Collection Set: 0.0ms
[2024-05-13T13:05:15.945+0530][gc,phases     ] GC(3)   Evacuate Collection Set: 1.8ms
[2024-05-13T13:05:15.945+0530][gc,phases     ] GC(3)   Post Evacuate Collection Set: 0.5ms
[2024-05-13T13:05:15.945+0530][gc,phases     ] GC(3)   Other: 0.4ms
[2024-05-13T13:05:15.945+0530][gc,heap       ] GC(3) Eden regions: 49->0(47)
[2024-05-13T13:05:15.945+0530][gc,heap       ] GC(3) Survivor regions: 2->4(7)
[2024-05-13T13:05:15.945+0530][gc,heap       ] GC(3) Old regions: 10->10
[2024-05-13T13:05:15.945+0530][gc,heap       ] GC(3) Humongous regions: 129->129
[2024-05-13T13:05:15.946+0530][gc,metaspace  ] GC(3) Metaspace: 27553K(28464K)->27553K(28464K) NonClass: 24299K(24752K)->24299K(24752K) Class: 3254K(3712K)->3254K(3712K)
[2024-05-13T13:05:15.946+0530][gc            ] GC(3) Pause Young (Normal) (G1 Evacuation Pause) 187M->140M(1024M) 3.547ms
[2024-05-13T13:05:15.946+0530][gc,cpu        ] GC(3) User=0.01s Sys=0.00s Real=0.00s
[2024-05-13T13:05:16.668+0530][gc,start      ] GC(4) Pause Young (Concurrent Start) (Metadata GC Threshold)
[2024-05-13T13:05:16.668+0530][gc,task       ] GC(4) Using 10 workers of 10 for evacuation
[2024-05-13T13:05:16.675+0530][gc,phases     ] GC(4)   Pre Evacuate Collection Set: 0.1ms
[2024-05-13T13:05:16.675+0530][gc,phases     ] GC(4)   Evacuate Collection Set: 5.5ms
[2024-05-13T13:05:16.676+0530][gc,phases     ] GC(4)   Post Evacuate Collection Set: 0.5ms
[2024-05-13T13:05:16.676+0530][gc,phases     ] GC(4)   Other: 0.7ms
[2024-05-13T13:05:16.676+0530][gc,heap       ] GC(4) Eden regions: 45->0(44)
[2024-05-13T13:05:16.676+0530][gc,heap       ] GC(4) Survivor regions: 4->7(7)
[2024-05-13T13:05:16.676+0530][gc,heap       ] GC(4) Old regions: 10->10
[2024-05-13T13:05:16.676+0530][gc,heap       ] GC(4) Humongous regions: 129->129
[2024-05-13T13:05:16.676+0530][gc,metaspace  ] GC(4) Metaspace: 34399K(35632K)->34399K(35632K) NonClass: 30464K(31152K)->30464K(31152K) Class: 3935K(4480K)->3935K(4480K)
[2024-05-13T13:05:16.677+0530][gc            ] GC(4) Pause Young (Concurrent Start) (Metadata GC Threshold) 185M->144M(1024M) 8.253ms
[2024-05-13T13:05:16.677+0530][gc,cpu        ] GC(4) User=0.02s Sys=0.01s Real=0.00s
[2024-05-13T13:05:16.677+0530][gc            ] GC(5) Concurrent Cycle
[2024-05-13T13:05:16.677+0530][gc,marking    ] GC(5) Concurrent Clear Claimed Marks
[2024-05-13T13:05:16.677+0530][gc,marking    ] GC(5) Concurrent Clear Claimed Marks 0.432ms
[2024-05-13T13:05:16.678+0530][gc,marking    ] GC(5) Concurrent Scan Root Regions
[2024-05-13T13:05:16.679+0530][gc,marking    ] GC(5) Concurrent Scan Root Regions 1.299ms
[2024-05-13T13:05:16.679+0530][gc,marking    ] GC(5) Concurrent Mark (4.352s)
[2024-05-13T13:05:16.679+0530][gc,marking    ] GC(5) Concurrent Mark From Roots
[2024-05-13T13:05:16.680+0530][gc,task       ] GC(5) Using 3 workers of 3 for marking
[2024-05-13T13:05:16.683+0530][gc,marking    ] GC(5) Concurrent Mark From Roots 3.328ms
[2024-05-13T13:05:16.683+0530][gc,marking    ] GC(5) Concurrent Preclean
[2024-05-13T13:05:16.683+0530][gc,marking    ] GC(5) Concurrent Preclean 0.372ms
[2024-05-13T13:05:16.684+0530][gc,marking    ] GC(5) Concurrent Mark (4.352s, 4.357s) 4.696ms
[2024-05-13T13:05:16.684+0530][gc,start      ] GC(5) Pause Remark
[2024-05-13T13:05:16.686+0530][gc,stringtable] GC(5) Cleaned string and symbol table, strings: 9993 processed, 9 removed, symbols: 83360 processed, 20 removed
[2024-05-13T13:05:16.686+0530][gc            ] GC(5) Pause Remark 144M->144M(1024M) 1.951ms
[2024-05-13T13:05:16.686+0530][gc,cpu        ] GC(5) User=0.00s Sys=0.00s Real=0.00s
[2024-05-13T13:05:16.687+0530][gc,marking    ] GC(5) Concurrent Rebuild Remembered Sets
[2024-05-13T13:05:16.689+0530][gc,marking    ] GC(5) Concurrent Rebuild Remembered Sets 1.914ms
[2024-05-13T13:05:16.689+0530][gc,start      ] GC(5) Pause Cleanup
[2024-05-13T13:05:16.689+0530][gc            ] GC(5) Pause Cleanup 144M->144M(1024M) 0.334ms
[2024-05-13T13:05:16.690+0530][gc,cpu        ] GC(5) User=0.00s Sys=0.00s Real=0.00s
[2024-05-13T13:05:16.690+0530][gc,marking    ] GC(5) Concurrent Cleanup for Next Mark
[2024-05-13T13:05:16.708+0530][gc,marking    ] GC(5) Concurrent Cleanup for Next Mark 18.168ms
[2024-05-13T13:05:16.709+0530][gc            ] GC(5) Concurrent Cycle 31.699ms
[2024-05-13T13:05:17.904+0530][gc,start      ] GC(6) Pause Young (Normal) (G1 Evacuation Pause)
[2024-05-13T13:05:17.905+0530][gc,task       ] GC(6) Using 10 workers of 10 for evacuation
[2024-05-13T13:05:17.913+0530][gc,phases     ] GC(6)   Pre Evacuate Collection Set: 0.0ms
[2024-05-13T13:05:17.914+0530][gc,phases     ] GC(6)   Evacuate Collection Set: 7.0ms
[2024-05-13T13:05:17.914+0530][gc,phases     ] GC(6)   Post Evacuate Collection Set: 1.0ms
[2024-05-13T13:05:17.914+0530][gc,phases     ] GC(6)   Other: 0.9ms
[2024-05-13T13:05:17.915+0530][gc,heap       ] GC(6) Eden regions: 44->0(48)
[2024-05-13T13:05:17.915+0530][gc,heap       ] GC(6) Survivor regions: 7->3(7)
[2024-05-13T13:05:17.915+0530][gc,heap       ] GC(6) Old regions: 10->17
[2024-05-13T13:05:17.915+0530][gc,heap       ] GC(6) Humongous regions: 171->135
[2024-05-13T13:05:17.916+0530][gc,metaspace  ] GC(6) Metaspace: 40667K(42800K)->40667K(42800K) NonClass: 35671K(36784K)->35671K(36784K) Class: 4995K(6016K)->4995K(6016K)
[2024-05-13T13:05:17.916+0530][gc            ] GC(6) Pause Young (Normal) (G1 Evacuation Pause) 230M->152M(1024M) 11.647ms
[2024-05-13T13:05:17.916+0530][gc,cpu        ] GC(6) User=0.02s Sys=0.06s Real=0.01s
[2024-05-13T13:13:10.315+0530][gc,start      ] GC(7) Pause Young (Normal) (G1 Evacuation Pause)
[2024-05-13T13:13:10.316+0530][gc,task       ] GC(7) Using 10 workers of 10 for evacuation
[2024-05-13T13:13:10.321+0530][gc,phases     ] GC(7)   Pre Evacuate Collection Set: 0.7ms
[2024-05-13T13:13:10.321+0530][gc,phases     ] GC(7)   Evacuate Collection Set: 2.3ms
[2024-05-13T13:13:10.322+0530][gc,phases     ] GC(7)   Post Evacuate Collection Set: 1.3ms
[2024-05-13T13:13:10.322+0530][gc,phases     ] GC(7)   Other: 1.2ms
[2024-05-13T13:13:10.322+0530][gc,heap       ] GC(7) Eden regions: 48->0(47)
[2024-05-13T13:13:10.322+0530][gc,heap       ] GC(7) Survivor regions: 3->4(7)
[2024-05-13T13:13:10.323+0530][gc,heap       ] GC(7) Old regions: 17->17
[2024-05-13T13:13:10.323+0530][gc,heap       ] GC(7) Humongous regions: 171->129
[2024-05-13T13:13:10.323+0530][gc,metaspace  ] GC(7) Metaspace: 43573K(46256K)->43573K(46256K) NonClass: 37995K(39344K)->37995K(39344K) Class: 5577K(6912K)->5577K(6912K)
[2024-05-13T13:13:10.323+0530][gc            ] GC(7) Pause Young (Normal) (G1 Evacuation Pause) 236M->147M(1024M) 7.784ms
[2024-05-13T13:13:10.323+0530][gc,cpu        ] GC(7) User=0.01s Sys=0.01s Real=0.01s
[2024-05-13T13:19:22.691+0530][gc,start      ] GC(8) Pause Young (Normal) (G1 Evacuation Pause)
[2024-05-13T13:19:22.691+0530][gc,task       ] GC(8) Using 10 workers of 10 for evacuation
[2024-05-13T13:19:22.696+0530][gc,phases     ] GC(8)   Pre Evacuate Collection Set: 0.3ms
[2024-05-13T13:19:22.696+0530][gc,phases     ] GC(8)   Evacuate Collection Set: 2.9ms
[2024-05-13T13:19:22.696+0530][gc,phases     ] GC(8)   Post Evacuate Collection Set: 0.8ms
[2024-05-13T13:19:22.696+0530][gc,phases     ] GC(8)   Other: 0.8ms
[2024-05-13T13:19:22.696+0530][gc,heap       ] GC(8) Eden regions: 47->0(45)
[2024-05-13T13:19:22.697+0530][gc,heap       ] GC(8) Survivor regions: 4->6(7)
[2024-05-13T13:19:22.697+0530][gc,heap       ] GC(8) Old regions: 17->17
[2024-05-13T13:19:22.697+0530][gc,heap       ] GC(8) Humongous regions: 129->129
[2024-05-13T13:19:22.697+0530][gc,metaspace  ] GC(8) Metaspace: 45386K(48304K)->45386K(48304K) NonClass: 39603K(41136K)->39603K(41136K) Class: 5783K(7168K)->5783K(7168K)
[2024-05-13T13:19:22.697+0530][gc            ] GC(8) Pause Young (Normal) (G1 Evacuation Pause) 194M->149M(1024M) 6.099ms
[2024-05-13T13:19:22.697+0530][gc,cpu        ] GC(8) User=0.03s Sys=0.00s Real=0.01s
[2024-05-13T13:24:47.640+0530][gc,start      ] GC(9) Pause Young (Normal) (G1 Evacuation Pause)
[2024-05-13T13:24:47.640+0530][gc,task       ] GC(9) Using 10 workers of 10 for evacuation
[2024-05-13T13:24:47.650+0530][gc,phases     ] GC(9)   Pre Evacuate Collection Set: 0.3ms
[2024-05-13T13:24:47.650+0530][gc,phases     ] GC(9)   Evacuate Collection Set: 7.4ms
[2024-05-13T13:24:47.650+0530][gc,phases     ] GC(9)   Post Evacuate Collection Set: 1.2ms
[2024-05-13T13:24:47.651+0530][gc,phases     ] GC(9)   Other: 0.8ms
[2024-05-13T13:24:47.651+0530][gc,heap       ] GC(9) Eden regions: 45->0(46)
[2024-05-13T13:24:47.651+0530][gc,heap       ] GC(9) Survivor regions: 6->5(7)
[2024-05-13T13:24:47.652+0530][gc,heap       ] GC(9) Old regions: 17->18
[2024-05-13T13:24:47.652+0530][gc,heap       ] GC(9) Humongous regions: 129->129
[2024-05-13T13:24:47.652+0530][gc,metaspace  ] GC(9) Metaspace: 45597K(48560K)->45597K(48560K) NonClass: 39800K(41392K)->39800K(41392K) Class: 5796K(7168K)->5796K(7168K)
[2024-05-13T13:24:47.652+0530][gc            ] GC(9) Pause Young (Normal) (G1 Evacuation Pause) 194M->150M(1024M) 12.022ms
[2024-05-13T13:24:47.652+0530][gc,cpu        ] GC(9) User=0.06s Sys=0.01s Real=0.02s
[2024-05-13T13:29:37.923+0530][gc,start      ] GC(10) Pause Young (Normal) (G1 Evacuation Pause)
[2024-05-13T13:29:37.924+0530][gc,task       ] GC(10) Using 10 workers of 10 for evacuation
[2024-05-13T13:29:37.928+0530][gc,phases     ] GC(10)   Pre Evacuate Collection Set: 0.2ms
[2024-05-13T13:29:37.928+0530][gc,phases     ] GC(10)   Evacuate Collection Set: 2.8ms
[2024-05-13T13:29:37.928+0530][gc,phases     ] GC(10)   Post Evacuate Collection Set: 0.9ms
[2024-05-13T13:29:37.929+0530][gc,phases     ] GC(10)   Other: 0.8ms
[2024-05-13T13:29:37.929+0530][gc,heap       ] GC(10) Eden regions: 46->0(47)
[2024-05-13T13:29:37.929+0530][gc,heap       ] GC(10) Survivor regions: 5->4(7)
[2024-05-13T13:29:37.929+0530][gc,heap       ] GC(10) Old regions: 18->20
[2024-05-13T13:29:37.929+0530][gc,heap       ] GC(10) Humongous regions: 129->129
[2024-05-13T13:29:37.930+0530][gc,metaspace  ] GC(10) Metaspace: 45714K(48560K)->45714K(48560K) NonClass: 39912K(41392K)->39912K(41392K) Class: 5802K(7168K)->5802K(7168K)
[2024-05-13T13:29:37.930+0530][gc            ] GC(10) Pause Young (Normal) (G1 Evacuation Pause) 196M->150M(1024M) 6.628ms
[2024-05-13T13:29:37.930+0530][gc,cpu        ] GC(10) User=0.01s Sys=0.01s Real=0.01s
[2024-05-13T13:34:48.227+0530][gc,start      ] GC(11) Pause Young (Normal) (G1 Evacuation Pause)
[2024-05-13T13:34:48.228+0530][gc,task       ] GC(11) Using 10 workers of 10 for evacuation
[2024-05-13T13:34:48.236+0530][gc,phases     ] GC(11)   Pre Evacuate Collection Set: 0.2ms
[2024-05-13T13:34:48.236+0530][gc,phases     ] GC(11)   Evacuate Collection Set: 6.3ms
[2024-05-13T13:34:48.236+0530][gc,phases     ] GC(11)   Post Evacuate Collection Set: 1.1ms
[2024-05-13T13:34:48.237+0530][gc,phases     ] GC(11)   Other: 0.8ms
[2024-05-13T13:34:48.237+0530][gc,heap       ] GC(11) Eden regions: 47->0(62)
[2024-05-13T13:34:48.237+0530][gc,heap       ] GC(11) Survivor regions: 4->3(7)
[2024-05-13T13:34:48.237+0530][gc,heap       ] GC(11) Old regions: 20->20
[2024-05-13T13:34:48.238+0530][gc,heap       ] GC(11) Humongous regions: 129->129
[2024-05-13T13:34:48.238+0530][gc,metaspace  ] GC(11) Metaspace: 45849K(48816K)->45849K(48816K) NonClass: 40047K(41648K)->40047K(41648K) Class: 5802K(7168K)->5802K(7168K)
[2024-05-13T13:34:48.238+0530][gc            ] GC(11) Pause Young (Normal) (G1 Evacuation Pause) 197M->149M(1024M) 10.845ms
[2024-05-13T13:34:48.238+0530][gc,cpu        ] GC(11) User=0.05s Sys=0.01s Real=0.01s
[2024-05-13T14:54:47.716+0530][gc,start      ] GC(12) Pause Young (Normal) (G1 Evacuation Pause)
[2024-05-13T14:54:47.717+0530][gc,task       ] GC(12) Using 10 workers of 10 for evacuation
[2024-05-13T14:54:47.734+0530][gc,phases     ] GC(12)   Pre Evacuate Collection Set: 1.5ms
[2024-05-13T14:54:47.735+0530][gc,phases     ] GC(12)   Evacuate Collection Set: 11.5ms
[2024-05-13T14:54:47.735+0530][gc,phases     ] GC(12)   Post Evacuate Collection Set: 1.7ms
[2024-05-13T14:54:47.735+0530][gc,phases     ] GC(12)   Other: 3.4ms
[2024-05-13T14:54:47.736+0530][gc,heap       ] GC(12) Eden regions: 62->0(66)
[2024-05-13T14:54:47.736+0530][gc,heap       ] GC(12) Survivor regions: 3->4(9)
[2024-05-13T14:54:47.736+0530][gc,heap       ] GC(12) Old regions: 20->20
[2024-05-13T14:54:47.737+0530][gc,heap       ] GC(12) Humongous regions: 129->129
[2024-05-13T14:54:47.737+0530][gc,metaspace  ] GC(12) Metaspace: 45900K(48816K)->45900K(48816K) NonClass: 40097K(41648K)->40097K(41648K) Class: 5802K(7168K)->5802K(7168K)
[2024-05-13T14:54:47.737+0530][gc            ] GC(12) Pause Young (Normal) (G1 Evacuation Pause) 211M->150M(1024M) 20.892ms
[2024-05-13T14:54:47.737+0530][gc,cpu        ] GC(12) User=0.10s Sys=0.01s Real=0.03s
[2024-05-13T15:06:33.793+0530][gc,start      ] GC(13) Pause Young (Normal) (G1 Evacuation Pause)
[2024-05-13T15:06:33.794+0530][gc,task       ] GC(13) Using 10 workers of 10 for evacuation
[2024-05-13T15:06:33.800+0530][gc,phases     ] GC(13)   Pre Evacuate Collection Set: 0.4ms
[2024-05-13T15:06:33.801+0530][gc,phases     ] GC(13)   Evacuate Collection Set: 4.7ms
[2024-05-13T15:06:33.801+0530][gc,phases     ] GC(13)   Post Evacuate Collection Set: 1.0ms
[2024-05-13T15:06:33.801+0530][gc,phases     ] GC(13)   Other: 1.1ms
[2024-05-13T15:06:33.802+0530][gc,heap       ] GC(13) Eden regions: 66->0(74)
[2024-05-13T15:06:33.802+0530][gc,heap       ] GC(13) Survivor regions: 4->5(9)
[2024-05-13T15:06:33.802+0530][gc,heap       ] GC(13) Old regions: 20->20
[2024-05-13T15:06:33.802+0530][gc,heap       ] GC(13) Humongous regions: 129->129
[2024-05-13T15:06:33.803+0530][gc,metaspace  ] GC(13) Metaspace: 46436K(49584K)->46436K(49584K) NonClass: 40526K(42160K)->40526K(42160K) Class: 5909K(7424K)->5909K(7424K)
[2024-05-13T15:06:33.803+0530][gc            ] GC(13) Pause Young (Normal) (G1 Evacuation Pause) 216M->151M(1024M) 9.640ms
[2024-05-13T15:06:33.803+0530][gc,cpu        ] GC(13) User=0.04s Sys=0.01s Real=0.01s
[2024-05-13T15:09:29.522+0530][gc,heap,exit  ] Heap
[2024-05-13T15:09:29.522+0530][gc,heap,exit  ]  garbage-first heap   total 1048576K, used 178683K [0x00000000c0000000, 0x0000000100000000)
[2024-05-13T15:09:29.522+0530][gc,heap,exit  ]   region size 1024K, 30 young (30720K), 5 survivors (5120K)
[2024-05-13T15:09:29.523+0530][gc,heap,exit  ]  Metaspace       used 47456K, capacity 50564K, committed 50736K, reserved 1091584K
[2024-05-13T15:09:29.523+0530][gc,heap,exit  ]   class space    used 6162K, capacity 7691K, committed 7808K, reserved 1048576K
