[2024-04-30T15:43:08.309+0530][gc,heap] Heap region size: 1M
[2024-04-30T15:43:08.324+0530][gc     ] Using G1
[2024-04-30T15:43:08.325+0530][gc,heap,coops] Heap address: 0x00000000c0000000, size: 1024 MB, Compressed Oops mode: 32-bit
[2024-04-30T15:43:08.326+0530][gc,cds       ] Mark closed archive regions in map: [0x00000000fff00000, 0x00000000fff6bff8]
[2024-04-30T15:43:08.326+0530][gc,cds       ] Mark open archive regions in map: [0x00000000ffe00000, 0x00000000ffe47ff8]
[2024-04-30T15:43:10.025+0530][gc,start     ] GC(0) Pause Young (Normal) (G1 Evacuation Pause)
[2024-04-30T15:43:10.027+0530][gc,task      ] GC(0) Using 10 workers of 10 for evacuation
[2024-04-30T15:43:10.037+0530][gc,phases    ] GC(0)   Pre Evacuate Collection Set: 0.0ms
[2024-04-30T15:43:10.037+0530][gc,phases    ] GC(0)   Evacuate Collection Set: 8.7ms
[2024-04-30T15:43:10.038+0530][gc,phases    ] GC(0)   Post Evacuate Collection Set: 1.0ms
[2024-04-30T15:43:10.038+0530][gc,phases    ] GC(0)   Other: 1.8ms
[2024-04-30T15:43:10.038+0530][gc,heap      ] GC(0) Eden regions: 51->0(44)
[2024-04-30T15:43:10.038+0530][gc,heap      ] GC(0) Survivor regions: 0->7(7)
[2024-04-30T15:43:10.039+0530][gc,heap      ] GC(0) Old regions: 2->3
[2024-04-30T15:43:10.039+0530][gc,heap      ] GC(0) Humongous regions: 0->0
[2024-04-30T15:43:10.039+0530][gc,metaspace ] GC(0) Metaspace: 13998K(14848K)->13998K(14848K) NonClass: 12273K(12800K)->12273K(12800K) Class: 1724K(2048K)->1724K(2048K)
[2024-04-30T15:43:10.039+0530][gc           ] GC(0) Pause Young (Normal) (G1 Evacuation Pause) 51M->8M(1024M) 14.009ms
[2024-04-30T15:43:10.040+0530][gc,cpu       ] GC(0) User=0.00s Sys=0.09s Real=0.01s
[2024-04-30T15:43:10.419+0530][gc,heap,exit ] Heap
[2024-04-30T15:43:10.419+0530][gc,heap,exit ]  garbage-first heap   total 1048576K, used 18020K [0x00000000c0000000, 0x0000000100000000)
[2024-04-30T15:43:10.419+0530][gc,heap,exit ]   region size 1024K, 17 young (17408K), 7 survivors (7168K)
[2024-04-30T15:43:10.419+0530][gc,heap,exit ]  Metaspace       used 15614K, capacity 16101K, committed 16256K, reserved 1062912K
[2024-04-30T15:43:10.419+0530][gc,heap,exit ]   class space    used 1921K, capacity 2133K, committed 2176K, reserved 1048576K
