[2024-05-13T15:09:49.431+0530][gc,heap] Heap region size: 1M
[2024-05-13T15:09:49.452+0530][gc     ] Using G1
[2024-05-13T15:09:49.452+0530][gc,heap,coops] Heap address: 0x00000000c0000000, size: 1024 MB, Compressed Oops mode: 32-bit
[2024-05-13T15:09:49.453+0530][gc,cds       ] Mark closed archive regions in map: [0x00000000fff00000, 0x00000000fff6bff8]
[2024-05-13T15:09:49.453+0530][gc,cds       ] Mark open archive regions in map: [0x00000000ffe00000, 0x00000000ffe47ff8]
[2024-05-13T15:09:51.513+0530][gc,start     ] GC(0) Pause Young (Normal) (G1 Evacuation Pause)
[2024-05-13T15:09:51.515+0530][gc,task      ] GC(0) Using 10 workers of 10 for evacuation
[2024-05-13T15:09:51.555+0530][gc,mmu       ] GC(0) MMU target violated: 21.0ms (20.0ms/21.0ms)
[2024-05-13T15:09:51.555+0530][gc,phases    ] GC(0)   Pre Evacuate Collection Set: 1.6ms
[2024-05-13T15:09:51.556+0530][gc,phases    ] GC(0)   Evacuate Collection Set: 36.1ms
[2024-05-13T15:09:51.556+0530][gc,phases    ] GC(0)   Post Evacuate Collection Set: 1.2ms
[2024-05-13T15:09:51.556+0530][gc,phases    ] GC(0)   Other: 4.0ms
[2024-05-13T15:09:51.557+0530][gc,heap      ] GC(0) Eden regions: 51->0(44)
[2024-05-13T15:09:51.557+0530][gc,heap      ] GC(0) Survivor regions: 0->7(7)
[2024-05-13T15:09:51.557+0530][gc,heap      ] GC(0) Old regions: 2->3
[2024-05-13T15:09:51.557+0530][gc,heap      ] GC(0) Humongous regions: 0->0
[2024-05-13T15:09:51.557+0530][gc,metaspace ] GC(0) Metaspace: 13977K(14592K)->13977K(14592K) NonClass: 12252K(12544K)->12252K(12544K) Class: 1724K(2048K)->1724K(2048K)
[2024-05-13T15:09:51.557+0530][gc           ] GC(0) Pause Young (Normal) (G1 Evacuation Pause) 51M->8M(1024M) 44.890ms
[2024-05-13T15:09:51.558+0530][gc,cpu       ] GC(0) User=0.24s Sys=0.11s Real=0.05s
[2024-05-13T15:09:52.454+0530][gc,start     ] GC(1) Pause Young (Concurrent Start) (Metadata GC Threshold)
[2024-05-13T15:09:52.473+0530][gc,task      ] GC(1) Using 10 workers of 10 for evacuation
[2024-05-13T15:09:52.491+0530][gc,phases    ] GC(1)   Pre Evacuate Collection Set: 0.1ms
[2024-05-13T15:09:52.491+0530][gc,phases    ] GC(1)   Evacuate Collection Set: 14.8ms
[2024-05-13T15:09:52.491+0530][gc,phases    ] GC(1)   Post Evacuate Collection Set: 0.7ms
[2024-05-13T15:09:52.491+0530][gc,phases    ] GC(1)   Other: 20.9ms
[2024-05-13T15:09:52.492+0530][gc,heap      ] GC(1) Eden regions: 31->0(49)
[2024-05-13T15:09:52.492+0530][gc,heap      ] GC(1) Survivor regions: 7->2(7)
[2024-05-13T15:09:52.492+0530][gc,heap      ] GC(1) Old regions: 3->10
[2024-05-13T15:09:52.492+0530][gc,heap      ] GC(1) Humongous regions: 0->0
[2024-05-13T15:09:52.493+0530][gc,metaspace ] GC(1) Metaspace: 20532K(21248K)->20532K(21248K) NonClass: 18051K(18432K)->18051K(18432K) Class: 2480K(2816K)->2480K(2816K)
[2024-05-13T15:09:52.493+0530][gc           ] GC(1) Pause Young (Concurrent Start) (Metadata GC Threshold) 38M->9M(1024M) 38.512ms
[2024-05-13T15:09:52.493+0530][gc,cpu       ] GC(1) User=0.03s Sys=0.03s Real=0.04s
[2024-05-13T15:09:52.493+0530][gc           ] GC(2) Concurrent Cycle
[2024-05-13T15:09:52.494+0530][gc,marking   ] GC(2) Concurrent Clear Claimed Marks
[2024-05-13T15:09:52.494+0530][gc,marking   ] GC(2) Concurrent Clear Claimed Marks 0.324ms
[2024-05-13T15:09:52.494+0530][gc,marking   ] GC(2) Concurrent Scan Root Regions
[2024-05-13T15:09:52.496+0530][gc,marking   ] GC(2) Concurrent Scan Root Regions 1.701ms
[2024-05-13T15:09:52.496+0530][gc,marking   ] GC(2) Concurrent Mark (3.093s)
[2024-05-13T15:09:52.496+0530][gc,marking   ] GC(2) Concurrent Mark From Roots
[2024-05-13T15:09:52.497+0530][gc,task      ] GC(2) Using 3 workers of 3 for marking
[2024-05-13T15:09:52.501+0530][gc,marking   ] GC(2) Concurrent Mark From Roots 4.800ms
[2024-05-13T15:09:52.501+0530][gc,marking   ] GC(2) Concurrent Preclean
[2024-05-13T15:09:52.502+0530][gc,marking   ] GC(2) Concurrent Preclean 0.431ms
[2024-05-13T15:09:52.502+0530][gc,marking   ] GC(2) Concurrent Mark (3.093s, 3.099s) 6.052ms
[2024-05-13T15:09:52.503+0530][gc,start     ] GC(2) Pause Remark
[2024-05-13T15:09:52.506+0530][gc,stringtable] GC(2) Cleaned string and symbol table, strings: 5643 processed, 0 removed, symbols: 53580 processed, 39 removed
[2024-05-13T15:09:52.507+0530][gc            ] GC(2) Pause Remark 9M->9M(1024M) 3.741ms
[2024-05-13T15:09:52.507+0530][gc,cpu        ] GC(2) User=0.01s Sys=0.01s Real=0.00s
[2024-05-13T15:09:52.507+0530][gc,marking    ] GC(2) Concurrent Rebuild Remembered Sets
[2024-05-13T15:09:52.509+0530][gc,marking    ] GC(2) Concurrent Rebuild Remembered Sets 2.093ms
[2024-05-13T15:09:52.510+0530][gc,start      ] GC(2) Pause Cleanup
[2024-05-13T15:09:52.510+0530][gc            ] GC(2) Pause Cleanup 9M->9M(1024M) 0.394ms
[2024-05-13T15:09:52.510+0530][gc,cpu        ] GC(2) User=0.01s Sys=0.00s Real=0.00s
[2024-05-13T15:09:52.511+0530][gc,marking    ] GC(2) Concurrent Cleanup for Next Mark
[2024-05-13T15:09:52.515+0530][gc,marking    ] GC(2) Concurrent Cleanup for Next Mark 4.126ms
[2024-05-13T15:09:52.515+0530][gc            ] GC(2) Concurrent Cycle 21.745ms
[2024-05-13T15:09:53.656+0530][gc,start      ] GC(3) Pause Young (Normal) (G1 Evacuation Pause)
[2024-05-13T15:09:53.656+0530][gc,task       ] GC(3) Using 10 workers of 10 for evacuation
[2024-05-13T15:09:53.659+0530][gc,phases     ] GC(3)   Pre Evacuate Collection Set: 0.0ms
[2024-05-13T15:09:53.659+0530][gc,phases     ] GC(3)   Evacuate Collection Set: 1.5ms
[2024-05-13T15:09:53.659+0530][gc,phases     ] GC(3)   Post Evacuate Collection Set: 0.5ms
[2024-05-13T15:09:53.659+0530][gc,phases     ] GC(3)   Other: 0.5ms
[2024-05-13T15:09:53.659+0530][gc,heap       ] GC(3) Eden regions: 49->0(47)
[2024-05-13T15:09:53.659+0530][gc,heap       ] GC(3) Survivor regions: 2->4(7)
[2024-05-13T15:09:53.660+0530][gc,heap       ] GC(3) Old regions: 10->10
[2024-05-13T15:09:53.660+0530][gc,heap       ] GC(3) Humongous regions: 129->129
[2024-05-13T15:09:53.660+0530][gc,metaspace  ] GC(3) Metaspace: 27671K(28800K)->27671K(28800K) NonClass: 24408K(25088K)->24408K(25088K) Class: 3262K(3712K)->3262K(3712K)
[2024-05-13T15:09:53.660+0530][gc            ] GC(3) Pause Young (Normal) (G1 Evacuation Pause) 187M->140M(1024M) 4.067ms
[2024-05-13T15:09:53.660+0530][gc,cpu        ] GC(3) User=0.01s Sys=0.01s Real=0.00s
[2024-05-13T15:09:54.394+0530][gc,start      ] GC(4) Pause Young (Concurrent Start) (Metadata GC Threshold)
[2024-05-13T15:09:54.394+0530][gc,task       ] GC(4) Using 10 workers of 10 for evacuation
[2024-05-13T15:09:54.404+0530][gc,phases     ] GC(4)   Pre Evacuate Collection Set: 0.1ms
[2024-05-13T15:09:54.404+0530][gc,phases     ] GC(4)   Evacuate Collection Set: 8.4ms
[2024-05-13T15:09:54.404+0530][gc,phases     ] GC(4)   Post Evacuate Collection Set: 0.6ms
[2024-05-13T15:09:54.404+0530][gc,phases     ] GC(4)   Other: 0.8ms
[2024-05-13T15:09:54.405+0530][gc,heap       ] GC(4) Eden regions: 46->0(44)
[2024-05-13T15:09:54.405+0530][gc,heap       ] GC(4) Survivor regions: 4->7(7)
[2024-05-13T15:09:54.405+0530][gc,heap       ] GC(4) Old regions: 10->10
[2024-05-13T15:09:54.405+0530][gc,heap       ] GC(4) Humongous regions: 129->129
[2024-05-13T15:09:54.406+0530][gc,metaspace  ] GC(4) Metaspace: 34561K(35840K)->34561K(35840K) NonClass: 30601K(31232K)->30601K(31232K) Class: 3959K(4608K)->3959K(4608K)
[2024-05-13T15:09:54.406+0530][gc            ] GC(4) Pause Young (Concurrent Start) (Metadata GC Threshold) 185M->143M(1024M) 11.861ms
[2024-05-13T15:09:54.406+0530][gc,cpu        ] GC(4) User=0.04s Sys=0.00s Real=0.01s
[2024-05-13T15:09:54.406+0530][gc            ] GC(5) Concurrent Cycle
[2024-05-13T15:09:54.406+0530][gc,marking    ] GC(5) Concurrent Clear Claimed Marks
[2024-05-13T15:09:54.407+0530][gc,marking    ] GC(5) Concurrent Clear Claimed Marks 0.298ms
[2024-05-13T15:09:54.407+0530][gc,marking    ] GC(5) Concurrent Scan Root Regions
[2024-05-13T15:09:54.409+0530][gc,marking    ] GC(5) Concurrent Scan Root Regions 1.713ms
[2024-05-13T15:09:54.409+0530][gc,marking    ] GC(5) Concurrent Mark (5.005s)
[2024-05-13T15:09:54.410+0530][gc,marking    ] GC(5) Concurrent Mark From Roots
[2024-05-13T15:09:54.410+0530][gc,task       ] GC(5) Using 3 workers of 3 for marking
[2024-05-13T15:09:54.414+0530][gc,marking    ] GC(5) Concurrent Mark From Roots 4.454ms
[2024-05-13T15:09:54.415+0530][gc,marking    ] GC(5) Concurrent Preclean
[2024-05-13T15:09:54.415+0530][gc,marking    ] GC(5) Concurrent Preclean 0.505ms
[2024-05-13T15:09:54.415+0530][gc,marking    ] GC(5) Concurrent Mark (5.005s, 5.012s) 6.430ms
[2024-05-13T15:09:54.416+0530][gc,start      ] GC(5) Pause Remark
[2024-05-13T15:09:54.418+0530][gc,stringtable] GC(5) Cleaned string and symbol table, strings: 10006 processed, 9 removed, symbols: 84206 processed, 19 removed
[2024-05-13T15:09:54.419+0530][gc            ] GC(5) Pause Remark 144M->144M(1024M) 2.401ms
[2024-05-13T15:09:54.419+0530][gc,cpu        ] GC(5) User=0.02s Sys=0.00s Real=0.00s
[2024-05-13T15:09:54.419+0530][gc,marking    ] GC(5) Concurrent Rebuild Remembered Sets
[2024-05-13T15:09:54.421+0530][gc,marking    ] GC(5) Concurrent Rebuild Remembered Sets 1.990ms
[2024-05-13T15:09:54.422+0530][gc,start      ] GC(5) Pause Cleanup
[2024-05-13T15:09:54.423+0530][gc            ] GC(5) Pause Cleanup 144M->144M(1024M) 0.408ms
[2024-05-13T15:09:54.423+0530][gc,cpu        ] GC(5) User=0.01s Sys=0.00s Real=0.01s
[2024-05-13T15:09:54.423+0530][gc,marking    ] GC(5) Concurrent Cleanup for Next Mark
[2024-05-13T15:09:54.435+0530][gc,marking    ] GC(5) Concurrent Cleanup for Next Mark 12.101ms
[2024-05-13T15:09:54.436+0530][gc            ] GC(5) Concurrent Cycle 29.482ms
[2024-05-13T15:09:55.653+0530][gc,start      ] GC(6) Pause Young (Normal) (G1 Evacuation Pause)
[2024-05-13T15:09:55.653+0530][gc,task       ] GC(6) Using 10 workers of 10 for evacuation
[2024-05-13T15:09:55.677+0530][gc,mmu        ] GC(6) MMU target violated: 21.0ms (20.0ms/21.0ms)
[2024-05-13T15:09:55.677+0530][gc,phases     ] GC(6)   Pre Evacuate Collection Set: 0.0ms
[2024-05-13T15:09:55.678+0530][gc,phases     ] GC(6)   Evacuate Collection Set: 22.3ms
[2024-05-13T15:09:55.678+0530][gc,phases     ] GC(6)   Post Evacuate Collection Set: 1.1ms
[2024-05-13T15:09:55.678+0530][gc,phases     ] GC(6)   Other: 0.8ms
[2024-05-13T15:09:55.678+0530][gc,heap       ] GC(6) Eden regions: 44->0(48)
[2024-05-13T15:09:55.678+0530][gc,heap       ] GC(6) Survivor regions: 7->3(7)
[2024-05-13T15:09:55.679+0530][gc,heap       ] GC(6) Old regions: 10->16
[2024-05-13T15:09:55.679+0530][gc,heap       ] GC(6) Humongous regions: 201->135
[2024-05-13T15:09:55.679+0530][gc,metaspace  ] GC(6) Metaspace: 41388K(43648K)->41388K(43648K) NonClass: 36207K(37376K)->36207K(37376K) Class: 5181K(6272K)->5181K(6272K)
[2024-05-13T15:09:55.679+0530][gc            ] GC(6) Pause Young (Normal) (G1 Evacuation Pause) 259M->152M(1024M) 26.218ms
[2024-05-13T15:09:55.679+0530][gc,cpu        ] GC(6) User=0.11s Sys=0.10s Real=0.02s
[2024-05-13T15:16:44.459+0530][gc,start      ] GC(7) Pause Young (Normal) (G1 Evacuation Pause)
[2024-05-13T15:16:44.459+0530][gc,task       ] GC(7) Using 10 workers of 10 for evacuation
[2024-05-13T15:16:44.465+0530][gc,phases     ] GC(7)   Pre Evacuate Collection Set: 1.2ms
[2024-05-13T15:16:44.466+0530][gc,phases     ] GC(7)   Evacuate Collection Set: 2.8ms
[2024-05-13T15:16:44.466+0530][gc,phases     ] GC(7)   Post Evacuate Collection Set: 1.5ms
[2024-05-13T15:16:44.466+0530][gc,phases     ] GC(7)   Other: 1.2ms
[2024-05-13T15:16:44.467+0530][gc,heap       ] GC(7) Eden regions: 48->0(46)
[2024-05-13T15:16:44.467+0530][gc,heap       ] GC(7) Survivor regions: 3->5(7)
[2024-05-13T15:16:44.467+0530][gc,heap       ] GC(7) Old regions: 16->16
[2024-05-13T15:16:44.468+0530][gc,heap       ] GC(7) Humongous regions: 159->129
[2024-05-13T15:16:44.468+0530][gc,metaspace  ] GC(7) Metaspace: 44596K(47360K)->44596K(47360K) NonClass: 38955K(40448K)->38955K(40448K) Class: 5640K(6912K)->5640K(6912K)
[2024-05-13T15:16:44.468+0530][gc            ] GC(7) Pause Young (Normal) (G1 Evacuation Pause) 224M->147M(1024M) 9.321ms
[2024-05-13T15:16:44.468+0530][gc,cpu        ] GC(7) User=0.03s Sys=0.00s Real=0.01s
[2024-05-13T15:23:25.411+0530][gc,start      ] GC(8) Pause Young (Normal) (G1 Evacuation Pause)
[2024-05-13T15:23:25.412+0530][gc,task       ] GC(8) Using 10 workers of 10 for evacuation
[2024-05-13T15:23:25.417+0530][gc,phases     ] GC(8)   Pre Evacuate Collection Set: 0.5ms
[2024-05-13T15:23:25.417+0530][gc,phases     ] GC(8)   Evacuate Collection Set: 3.2ms
[2024-05-13T15:23:25.418+0530][gc,phases     ] GC(8)   Post Evacuate Collection Set: 0.8ms
[2024-05-13T15:23:25.418+0530][gc,phases     ] GC(8)   Other: 0.9ms
[2024-05-13T15:23:25.418+0530][gc,heap       ] GC(8) Eden regions: 46->0(47)
[2024-05-13T15:23:25.419+0530][gc,heap       ] GC(8) Survivor regions: 5->4(7)
[2024-05-13T15:23:25.419+0530][gc,heap       ] GC(8) Old regions: 16->18
[2024-05-13T15:23:25.419+0530][gc,heap       ] GC(8) Humongous regions: 129->129
[2024-05-13T15:23:25.419+0530][gc,metaspace  ] GC(8) Metaspace: 44841K(47744K)->44841K(47744K) NonClass: 39165K(40704K)->39165K(40704K) Class: 5675K(7040K)->5675K(7040K)
[2024-05-13T15:23:25.419+0530][gc            ] GC(8) Pause Young (Normal) (G1 Evacuation Pause) 193M->149M(1024M) 8.040ms
[2024-05-13T15:23:25.420+0530][gc,cpu        ] GC(8) User=0.02s Sys=0.01s Real=0.00s
[2024-05-13T15:31:52.250+0530][gc,start      ] GC(9) Pause Young (Normal) (G1 Evacuation Pause)
[2024-05-13T15:31:52.251+0530][gc,task       ] GC(9) Using 10 workers of 10 for evacuation
[2024-05-13T15:31:52.256+0530][gc,phases     ] GC(9)   Pre Evacuate Collection Set: 0.8ms
[2024-05-13T15:31:52.256+0530][gc,phases     ] GC(9)   Evacuate Collection Set: 2.5ms
[2024-05-13T15:31:52.256+0530][gc,phases     ] GC(9)   Post Evacuate Collection Set: 0.9ms
[2024-05-13T15:31:52.257+0530][gc,phases     ] GC(9)   Other: 0.9ms
[2024-05-13T15:31:52.257+0530][gc,heap       ] GC(9) Eden regions: 47->0(48)
[2024-05-13T15:31:52.257+0530][gc,heap       ] GC(9) Survivor regions: 4->3(7)
[2024-05-13T15:31:52.258+0530][gc,heap       ] GC(9) Old regions: 18->18
[2024-05-13T15:31:52.258+0530][gc,heap       ] GC(9) Humongous regions: 129->129
[2024-05-13T15:31:52.258+0530][gc,metaspace  ] GC(9) Metaspace: 45244K(48128K)->45244K(48128K) NonClass: 39490K(40960K)->39490K(40960K) Class: 5753K(7168K)->5753K(7168K)
[2024-05-13T15:31:52.258+0530][gc            ] GC(9) Pause Young (Normal) (G1 Evacuation Pause) 196M->148M(1024M) 7.920ms
[2024-05-13T15:31:52.259+0530][gc,cpu        ] GC(9) User=0.02s Sys=0.01s Real=0.01s
[2024-05-13T15:38:49.562+0530][gc,start      ] GC(10) Pause Young (Normal) (G1 Evacuation Pause)
[2024-05-13T15:38:49.562+0530][gc,task       ] GC(10) Using 10 workers of 10 for evacuation
[2024-05-13T15:38:49.566+0530][gc,phases     ] GC(10)   Pre Evacuate Collection Set: 0.5ms
[2024-05-13T15:38:49.566+0530][gc,phases     ] GC(10)   Evacuate Collection Set: 2.3ms
[2024-05-13T15:38:49.567+0530][gc,phases     ] GC(10)   Post Evacuate Collection Set: 0.9ms
[2024-05-13T15:38:49.567+0530][gc,phases     ] GC(10)   Other: 0.7ms
[2024-05-13T15:38:49.567+0530][gc,heap       ] GC(10) Eden regions: 48->0(47)
[2024-05-13T15:38:49.567+0530][gc,heap       ] GC(10) Survivor regions: 3->5(7)
[2024-05-13T15:38:49.567+0530][gc,heap       ] GC(10) Old regions: 18->18
[2024-05-13T15:38:49.567+0530][gc,heap       ] GC(10) Humongous regions: 129->129
[2024-05-13T15:38:49.568+0530][gc,metaspace  ] GC(10) Metaspace: 45508K(48384K)->45508K(48384K) NonClass: 39752K(41216K)->39752K(41216K) Class: 5756K(7168K)->5756K(7168K)
[2024-05-13T15:38:49.568+0530][gc            ] GC(10) Pause Young (Normal) (G1 Evacuation Pause) 196M->149M(1024M) 5.813ms
[2024-05-13T15:38:49.568+0530][gc,cpu        ] GC(10) User=0.02s Sys=0.00s Real=0.01s
[2024-05-13T15:45:32.744+0530][gc,start      ] GC(11) Pause Young (Normal) (G1 Evacuation Pause)
[2024-05-13T15:45:32.744+0530][gc,task       ] GC(11) Using 10 workers of 10 for evacuation
[2024-05-13T15:45:32.749+0530][gc,phases     ] GC(11)   Pre Evacuate Collection Set: 0.3ms
[2024-05-13T15:45:32.749+0530][gc,phases     ] GC(11)   Evacuate Collection Set: 2.8ms
[2024-05-13T15:45:32.750+0530][gc,phases     ] GC(11)   Post Evacuate Collection Set: 1.2ms
[2024-05-13T15:45:32.750+0530][gc,phases     ] GC(11)   Other: 1.0ms
[2024-05-13T15:45:32.750+0530][gc,heap       ] GC(11) Eden regions: 47->0(60)
[2024-05-13T15:45:32.751+0530][gc,heap       ] GC(11) Survivor regions: 5->4(7)
[2024-05-13T15:45:32.751+0530][gc,heap       ] GC(11) Old regions: 18->19
[2024-05-13T15:45:32.751+0530][gc,heap       ] GC(11) Humongous regions: 129->129
[2024-05-13T15:45:32.751+0530][gc,metaspace  ] GC(11) Metaspace: 45737K(48640K)->45737K(48640K) NonClass: 39980K(41472K)->39980K(41472K) Class: 5757K(7168K)->5757K(7168K)
[2024-05-13T15:45:32.751+0530][gc            ] GC(11) Pause Young (Normal) (G1 Evacuation Pause) 196M->149M(1024M) 7.579ms
[2024-05-13T15:45:32.752+0530][gc,cpu        ] GC(11) User=0.02s Sys=0.00s Real=0.01s
[2024-05-13T19:49:16.603+0530][gc,start      ] GC(12) Pause Young (Normal) (G1 Evacuation Pause)
[2024-05-13T19:49:16.603+0530][gc,task       ] GC(12) Using 10 workers of 10 for evacuation
[2024-05-13T19:49:16.615+0530][gc,phases     ] GC(12)   Pre Evacuate Collection Set: 1.2ms
[2024-05-13T19:49:16.616+0530][gc,phases     ] GC(12)   Evacuate Collection Set: 5.5ms
[2024-05-13T19:49:16.616+0530][gc,phases     ] GC(12)   Post Evacuate Collection Set: 1.0ms
[2024-05-13T19:49:16.616+0530][gc,phases     ] GC(12)   Other: 4.9ms
[2024-05-13T19:49:16.617+0530][gc,heap       ] GC(12) Eden regions: 60->0(533)
[2024-05-13T19:49:16.617+0530][gc,heap       ] GC(12) Survivor regions: 4->4(8)
[2024-05-13T19:49:16.617+0530][gc,heap       ] GC(12) Old regions: 19->19
[2024-05-13T19:49:16.617+0530][gc,heap       ] GC(12) Humongous regions: 129->129
[2024-05-13T19:49:16.617+0530][gc,metaspace  ] GC(12) Metaspace: 45921K(48896K)->45921K(48896K) NonClass: 40164K(41728K)->40164K(41728K) Class: 5757K(7168K)->5757K(7168K)
[2024-05-13T19:49:16.618+0530][gc            ] GC(12) Pause Young (Normal) (G1 Evacuation Pause) 209M->149M(1024M) 14.840ms
[2024-05-13T19:49:16.618+0530][gc,cpu        ] GC(12) User=0.06s Sys=0.00s Real=0.01s
[2024-05-13T20:42:28.345+0530][gc,start      ] GC(13) Pause Young (Normal) (G1 Evacuation Pause)
[2024-05-13T20:42:28.345+0530][gc,task       ] GC(13) Using 10 workers of 10 for evacuation
[2024-05-13T20:42:28.370+0530][gc,mmu        ] GC(13) MMU target violated: 21.0ms (20.0ms/21.0ms)
[2024-05-13T20:42:28.370+0530][gc,phases     ] GC(13)   Pre Evacuate Collection Set: 1.5ms
[2024-05-13T20:42:28.370+0530][gc,phases     ] GC(13)   Evacuate Collection Set: 18.6ms
[2024-05-13T20:42:28.370+0530][gc,phases     ] GC(13)   Post Evacuate Collection Set: 3.3ms
[2024-05-13T20:42:28.371+0530][gc,phases     ] GC(13)   Other: 2.6ms
[2024-05-13T20:42:28.371+0530][gc,heap       ] GC(13) Eden regions: 365->0(49)
[2024-05-13T20:42:28.371+0530][gc,heap       ] GC(13) Survivor regions: 4->5(47)
[2024-05-13T20:42:28.371+0530][gc,heap       ] GC(13) Old regions: 19->19
[2024-05-13T20:42:28.371+0530][gc,heap       ] GC(13) Humongous regions: 129->129
[2024-05-13T20:42:28.372+0530][gc,metaspace  ] GC(13) Metaspace: 46946K(50176K)->46946K(50176K) NonClass: 40999K(42752K)->40999K(42752K) Class: 5946K(7424K)->5946K(7424K)
[2024-05-13T20:42:28.372+0530][gc            ] GC(13) Pause Young (Normal) (G1 Evacuation Pause) 514M->151M(1024M) 27.471ms
[2024-05-13T20:42:28.372+0530][gc,cpu        ] GC(13) User=0.15s Sys=0.05s Real=0.02s
[2024-05-13T20:42:28.650+0530][gc,heap,exit  ] Heap
[2024-05-13T20:42:28.650+0530][gc,heap,exit  ]  garbage-first heap   total 1048576K, used 158814K [0x00000000c0000000, 0x0000000100000000)
[2024-05-13T20:42:28.650+0530][gc,heap,exit  ]   region size 1024K, 10 young (10240K), 5 survivors (5120K)
[2024-05-13T20:42:28.651+0530][gc,heap,exit  ]  Metaspace       used 47228K, capacity 50330K, committed 50560K, reserved 1091584K
[2024-05-13T20:42:28.651+0530][gc,heap,exit  ]   class space    used 6016K, capacity 7448K, committed 7552K, reserved 1048576K
