[2024-05-13T13:04:17.491+0530][gc,heap] Heap region size: 1M
[2024-05-13T13:04:17.518+0530][gc     ] Using G1
[2024-05-13T13:04:17.518+0530][gc,heap,coops] Heap address: 0x00000000e0000000, size: 512 MB, Compressed Oops mode: 32-bit
[2024-05-13T13:04:17.519+0530][gc,cds       ] Mark closed archive regions in map: [0x00000000fff00000, 0x00000000fff6bff8]
[2024-05-13T13:04:17.519+0530][gc,cds       ] Mark open archive regions in map: [0x00000000ffe00000, 0x00000000ffe47ff8]
[2024-05-13T13:04:19.024+0530][gc,start     ] GC(0) Pause Young (Normal) (G1 Evacuation Pause)
[2024-05-13T13:04:19.028+0530][gc,task      ] GC(0) Using 10 workers of 10 for evacuation
[2024-05-13T13:04:19.042+0530][gc,phases    ] GC(0)   Pre Evacuate Collection Set: 0.1ms
[2024-05-13T13:04:19.043+0530][gc,phases    ] GC(0)   Evacuate Collection Set: 10.8ms
[2024-05-13T13:04:19.043+0530][gc,phases    ] GC(0)   Post Evacuate Collection Set: 1.0ms
[2024-05-13T13:04:19.043+0530][gc,phases    ] GC(0)   Other: 6.9ms
[2024-05-13T13:04:19.043+0530][gc,heap      ] GC(0) Eden regions: 25->0(21)
[2024-05-13T13:04:19.043+0530][gc,heap      ] GC(0) Survivor regions: 0->4(4)
[2024-05-13T13:04:19.044+0530][gc,heap      ] GC(0) Old regions: 2->6
[2024-05-13T13:04:19.044+0530][gc,heap      ] GC(0) Humongous regions: 0->0
[2024-05-13T13:04:19.045+0530][gc,metaspace ] GC(0) Metaspace: 7327K(7936K)->7327K(7936K) NonClass: 6509K(6912K)->6509K(6912K) Class: 817K(1024K)->817K(1024K)
[2024-05-13T13:04:19.045+0530][gc           ] GC(0) Pause Young (Normal) (G1 Evacuation Pause) 25M->8M(512M) 21.407ms
[2024-05-13T13:04:19.045+0530][gc,cpu       ] GC(0) User=0.08s Sys=0.03s Real=0.02s
[2024-05-13T15:09:24.051+0530][gc,heap,exit ] Heap
[2024-05-13T15:09:24.052+0530][gc,heap,exit ]  garbage-first heap   total 524288K, used 26067K [0x00000000e0000000, 0x0000000100000000)
[2024-05-13T15:09:24.052+0530][gc,heap,exit ]   region size 1024K, 22 young (22528K), 4 survivors (4096K)
[2024-05-13T15:09:24.052+0530][gc,heap,exit ]  Metaspace       used 9517K, capacity 9917K, committed 10240K, reserved 1058816K
[2024-05-13T15:09:24.052+0530][gc,heap,exit ]   class space    used 1005K, capacity 1165K, committed 1280K, reserved 1048576K
