[2024-04-24T16:02:52.491+0530][gc,heap] Heap region size: 1M
[2024-04-24T16:02:52.495+0530][gc     ] Using G1
[2024-04-24T16:02:52.496+0530][gc,heap,coops] Heap address: 0x00000000e0000000, size: 512 MB, Compressed Oops mode: 32-bit
[2024-04-24T16:02:52.496+0530][gc,cds       ] Mark closed archive regions in map: [0x00000000fff00000, 0x00000000fff6bff8]
[2024-04-24T16:02:52.496+0530][gc,cds       ] Mark open archive regions in map: [0x00000000ffe00000, 0x00000000ffe47ff8]
[2024-04-24T16:02:54.636+0530][gc,start     ] GC(0) Pause Young (Normal) (G1 Evacuation Pause)
[2024-04-24T16:02:54.639+0530][gc,task      ] GC(0) Using 10 workers of 10 for evacuation
[2024-04-24T16:02:54.670+0530][gc,mmu       ] GC(0) MMU target violated: 21.0ms (20.0ms/21.0ms)
[2024-04-24T16:02:54.670+0530][gc,phases    ] GC(0)   Pre Evacuate Collection Set: 0.0ms
[2024-04-24T16:02:54.671+0530][gc,phases    ] GC(0)   Evacuate Collection Set: 27.2ms
[2024-04-24T16:02:54.671+0530][gc,phases    ] GC(0)   Post Evacuate Collection Set: 1.5ms
[2024-04-24T16:02:54.671+0530][gc,phases    ] GC(0)   Other: 7.8ms
[2024-04-24T16:02:54.671+0530][gc,heap      ] GC(0) Eden regions: 25->0(21)
[2024-04-24T16:02:54.672+0530][gc,heap      ] GC(0) Survivor regions: 0->4(4)
[2024-04-24T16:02:54.672+0530][gc,heap      ] GC(0) Old regions: 2->6
[2024-04-24T16:02:54.672+0530][gc,heap      ] GC(0) Humongous regions: 0->0
[2024-04-24T16:02:54.672+0530][gc,metaspace ] GC(0) Metaspace: 7299K(7936K)->7299K(7936K) NonClass: 6480K(6912K)->6480K(6912K) Class: 818K(1024K)->818K(1024K)
[2024-04-24T16:02:54.673+0530][gc           ] GC(0) Pause Young (Normal) (G1 Evacuation Pause) 25M->8M(512M) 37.006ms
[2024-04-24T16:02:54.673+0530][gc,cpu       ] GC(0) User=0.20s Sys=0.08s Real=0.04s
[2024-04-26T13:56:55.270+0530][gc,start     ] GC(1) Pause Young (Normal) (G1 Evacuation Pause)
[2024-04-26T13:56:55.271+0530][gc,task      ] GC(1) Using 10 workers of 10 for evacuation
[2024-04-26T13:56:55.355+0530][gc,mmu       ] GC(1) MMU target violated: 21.0ms (20.0ms/21.0ms)
[2024-04-26T13:56:55.356+0530][gc,phases    ] GC(1)   Pre Evacuate Collection Set: 11.0ms
[2024-04-26T13:56:55.356+0530][gc,phases    ] GC(1)   Evacuate Collection Set: 67.3ms
[2024-04-26T13:56:55.356+0530][gc,phases    ] GC(1)   Post Evacuate Collection Set: 3.2ms
[2024-04-26T13:56:55.357+0530][gc,phases    ] GC(1)   Other: 8.3ms
[2024-04-26T13:56:55.357+0530][gc,heap      ] GC(1) Eden regions: 21->0(24)
[2024-04-26T13:56:55.357+0530][gc,heap      ] GC(1) Survivor regions: 4->1(4)
[2024-04-26T13:56:55.357+0530][gc,heap      ] GC(1) Old regions: 6->11
[2024-04-26T13:56:55.358+0530][gc,heap      ] GC(1) Humongous regions: 0->0
[2024-04-26T13:56:55.358+0530][gc,metaspace ] GC(1) Metaspace: 9472K(10240K)->9472K(10240K) NonClass: 8469K(8960K)->8469K(8960K) Class: 1002K(1280K)->1002K(1280K)
[2024-04-26T13:56:55.358+0530][gc           ] GC(1) Pause Young (Normal) (G1 Evacuation Pause) 29M->9M(512M) 88.296ms
[2024-04-26T13:56:55.358+0530][gc,cpu       ] GC(1) User=0.57s Sys=0.00s Real=0.09s
[2024-04-29T13:20:14.509+0530][gc,start     ] GC(2) Pause Young (Normal) (G1 Evacuation Pause)
[2024-04-29T13:20:14.514+0530][gc,task      ] GC(2) Using 10 workers of 10 for evacuation
[2024-04-29T13:20:14.553+0530][gc,mmu       ] GC(2) MMU target violated: 21.0ms (20.0ms/21.0ms)
[2024-04-29T13:20:14.554+0530][gc,phases    ] GC(2)   Pre Evacuate Collection Set: 16.2ms
[2024-04-29T13:20:14.554+0530][gc,phases    ] GC(2)   Evacuate Collection Set: 18.0ms
[2024-04-29T13:20:14.554+0530][gc,phases    ] GC(2)   Post Evacuate Collection Set: 1.6ms
[2024-04-29T13:20:14.555+0530][gc,phases    ] GC(2)   Other: 15.9ms
[2024-04-29T13:20:14.555+0530][gc,heap      ] GC(2) Eden regions: 24->0(24)
[2024-04-29T13:20:14.555+0530][gc,heap      ] GC(2) Survivor regions: 1->1(4)
[2024-04-29T13:20:14.556+0530][gc,heap      ] GC(2) Old regions: 11->11
[2024-04-29T13:20:14.556+0530][gc,heap      ] GC(2) Humongous regions: 0->0
[2024-04-29T13:20:14.556+0530][gc,metaspace ] GC(2) Metaspace: 9524K(10240K)->9524K(10240K) NonClass: 8521K(8960K)->8521K(8960K) Class: 1002K(1280K)->1002K(1280K)
[2024-04-29T13:20:14.556+0530][gc           ] GC(2) Pause Young (Normal) (G1 Evacuation Pause) 33M->9M(512M) 46.941ms
[2024-04-29T13:20:14.556+0530][gc,cpu       ] GC(2) User=0.18s Sys=0.02s Real=0.05s
[2024-04-30T15:21:07.413+0530][gc,heap,exit ] Heap
[2024-04-30T15:21:07.415+0530][gc,heap,exit ]  garbage-first heap   total 524288K, used 27395K [0x00000000e0000000, 0x0000000100000000)
[2024-04-30T15:21:07.415+0530][gc,heap,exit ]   region size 1024K, 19 young (19456K), 1 survivors (1024K)
[2024-04-30T15:21:07.416+0530][gc,heap,exit ]  Metaspace       used 9546K, capacity 9918K, committed 10240K, reserved 1058816K
[2024-04-30T15:21:07.416+0530][gc,heap,exit ]   class space    used 1003K, capacity 1165K, committed 1280K, reserved 1048576K
