[2024-04-30T15:44:11.554+0530][gc,heap] Heap region size: 1M
[2024-04-30T15:44:11.558+0530][gc     ] Using G1
[2024-04-30T15:44:11.558+0530][gc,heap,coops] Heap address: 0x00000000e0000000, size: 512 MB, Compressed Oops mode: 32-bit
[2024-04-30T15:44:11.559+0530][gc,cds       ] Mark closed archive regions in map: [0x00000000fff00000, 0x00000000fff6bff8]
[2024-04-30T15:44:11.559+0530][gc,cds       ] Mark open archive regions in map: [0x00000000ffe00000, 0x00000000ffe47ff8]
[2024-04-30T15:44:12.471+0530][gc,heap,exit ] Heap
[2024-04-30T15:44:12.472+0530][gc,heap,exit ]  garbage-first heap   total 524288K, used 19152K [0x00000000e0000000, 0x0000000100000000)
[2024-04-30T15:44:12.472+0530][gc,heap,exit ]   region size 1024K, 19 young (19456K), 0 survivors (0K)
[2024-04-30T15:44:12.472+0530][gc,heap,exit ]  Metaspace       used 6378K, capacity 6665K, committed 6784K, reserved 1056768K
[2024-04-30T15:44:12.472+0530][gc,heap,exit ]   class space    used 721K, capacity 846K, committed 896K, reserved 1048576K
