[2024-04-30T15:44:29.895+0530][gc,heap] Heap region size: 1M
[2024-04-30T15:44:29.904+0530][gc     ] Using G1
[2024-04-30T15:44:29.905+0530][gc,heap,coops] Heap address: 0x00000000e0000000, size: 512 MB, Compressed Oops mode: 32-bit
[2024-04-30T15:44:29.905+0530][gc,cds       ] Mark closed archive regions in map: [0x00000000fff00000, 0x00000000fff6bff8]
[2024-04-30T15:44:29.905+0530][gc,cds       ] Mark open archive regions in map: [0x00000000ffe00000, 0x00000000ffe47ff8]
[2024-04-30T15:44:30.938+0530][gc,start     ] GC(0) Pause Young (Normal) (G1 Evacuation Pause)
[2024-04-30T15:44:30.939+0530][gc,task      ] GC(0) Using 10 workers of 10 for evacuation
[2024-04-30T15:44:30.951+0530][gc,phases    ] GC(0)   Pre Evacuate Collection Set: 0.0ms
[2024-04-30T15:44:30.951+0530][gc,phases    ] GC(0)   Evacuate Collection Set: 10.6ms
[2024-04-30T15:44:30.951+0530][gc,phases    ] GC(0)   Post Evacuate Collection Set: 0.6ms
[2024-04-30T15:44:30.952+0530][gc,phases    ] GC(0)   Other: 1.7ms
[2024-04-30T15:44:30.952+0530][gc,heap      ] GC(0) Eden regions: 25->0(21)
[2024-04-30T15:44:30.952+0530][gc,heap      ] GC(0) Survivor regions: 0->4(4)
[2024-04-30T15:44:30.952+0530][gc,heap      ] GC(0) Old regions: 2->6
[2024-04-30T15:44:30.953+0530][gc,heap      ] GC(0) Humongous regions: 0->0
[2024-04-30T15:44:30.953+0530][gc,metaspace ] GC(0) Metaspace: 7300K(7936K)->7300K(7936K) NonClass: 6484K(6912K)->6484K(6912K) Class: 816K(1024K)->816K(1024K)
[2024-04-30T15:44:30.953+0530][gc           ] GC(0) Pause Young (Normal) (G1 Evacuation Pause) 25M->8M(512M) 14.957ms
[2024-04-30T15:44:30.953+0530][gc,cpu       ] GC(0) User=0.02s Sys=0.09s Real=0.02s
[2024-05-03T12:28:45.520+0530][gc,start     ] GC(1) Pause Young (Normal) (G1 Evacuation Pause)
[2024-05-03T12:28:45.521+0530][gc,task      ] GC(1) Using 10 workers of 10 for evacuation
[2024-05-03T12:28:45.610+0530][gc,mmu       ] GC(1) MMU target violated: 21.0ms (20.0ms/21.0ms)
[2024-05-03T12:28:45.611+0530][gc,phases    ] GC(1)   Pre Evacuate Collection Set: 11.1ms
[2024-05-03T12:28:45.611+0530][gc,phases    ] GC(1)   Evacuate Collection Set: 72.3ms
[2024-05-03T12:28:45.611+0530][gc,phases    ] GC(1)   Post Evacuate Collection Set: 3.6ms
[2024-05-03T12:28:45.611+0530][gc,phases    ] GC(1)   Other: 5.6ms
[2024-05-03T12:28:45.612+0530][gc,heap      ] GC(1) Eden regions: 21->0(24)
[2024-05-03T12:28:45.612+0530][gc,heap      ] GC(1) Survivor regions: 4->1(4)
[2024-05-03T12:28:45.612+0530][gc,heap      ] GC(1) Old regions: 6->10
[2024-05-03T12:28:45.612+0530][gc,heap      ] GC(1) Humongous regions: 0->0
[2024-05-03T12:28:45.613+0530][gc,metaspace ] GC(1) Metaspace: 9539K(10240K)->9539K(10240K) NonClass: 8535K(8960K)->8535K(8960K) Class: 1004K(1280K)->1004K(1280K)
[2024-05-03T12:28:45.613+0530][gc           ] GC(1) Pause Young (Normal) (G1 Evacuation Pause) 29M->9M(512M) 92.998ms
[2024-05-03T12:28:45.613+0530][gc,cpu       ] GC(1) User=0.73s Sys=0.00s Real=0.10s
[2024-05-08T13:09:05.621+0530][gc,start     ] GC(2) Pause Young (Normal) (G1 Evacuation Pause)
[2024-05-08T13:09:05.622+0530][gc,task      ] GC(2) Using 10 workers of 10 for evacuation
[2024-05-08T13:09:05.660+0530][gc,mmu       ] GC(2) MMU target violated: 21.0ms (20.0ms/21.0ms)
[2024-05-08T13:09:05.660+0530][gc,phases    ] GC(2)   Pre Evacuate Collection Set: 10.0ms
[2024-05-08T13:09:05.661+0530][gc,phases    ] GC(2)   Evacuate Collection Set: 23.8ms
[2024-05-08T13:09:05.661+0530][gc,phases    ] GC(2)   Post Evacuate Collection Set: 1.6ms
[2024-05-08T13:09:05.661+0530][gc,phases    ] GC(2)   Other: 5.5ms
[2024-05-08T13:09:05.662+0530][gc,heap      ] GC(2) Eden regions: 24->0(24)
[2024-05-08T13:09:05.662+0530][gc,heap      ] GC(2) Survivor regions: 1->1(4)
[2024-05-08T13:09:05.662+0530][gc,heap      ] GC(2) Old regions: 10->10
[2024-05-08T13:09:05.662+0530][gc,heap      ] GC(2) Humongous regions: 0->0
[2024-05-08T13:09:05.663+0530][gc,metaspace ] GC(2) Metaspace: 9552K(10240K)->9552K(10240K) NonClass: 8547K(8960K)->8547K(8960K) Class: 1004K(1280K)->1004K(1280K)
[2024-05-08T13:09:05.663+0530][gc           ] GC(2) Pause Young (Normal) (G1 Evacuation Pause) 33M->9M(512M) 41.865ms
[2024-05-08T13:09:05.663+0530][gc,cpu       ] GC(2) User=0.25s Sys=0.00s Real=0.04s
[2024-05-08T17:03:59.448+0530][gc,heap,exit ] Heap
[2024-05-08T17:03:59.449+0530][gc,heap,exit ]  garbage-first heap   total 524288K, used 20717K [0x00000000e0000000, 0x0000000100000000)
[2024-05-08T17:03:59.449+0530][gc,heap,exit ]   region size 1024K, 13 young (13312K), 1 survivors (1024K)
[2024-05-08T17:03:59.450+0530][gc,heap,exit ]  Metaspace       used 9556K, capacity 9982K, committed 10240K, reserved 1058816K
[2024-05-08T17:03:59.450+0530][gc,heap,exit ]   class space    used 1005K, capacity 1165K, committed 1280K, reserved 1048576K
