[2024-05-13T15:09:26.115+0530][gc,heap] Heap region size: 1M
[2024-05-13T15:09:26.118+0530][gc     ] Using G1
[2024-05-13T15:09:26.119+0530][gc,heap,coops] Heap address: 0x00000000e0000000, size: 512 MB, Compressed Oops mode: 32-bit
[2024-05-13T15:09:26.119+0530][gc,cds       ] Mark closed archive regions in map: [0x00000000fff00000, 0x00000000fff6bff8]
[2024-05-13T15:09:26.119+0530][gc,cds       ] Mark open archive regions in map: [0x00000000ffe00000, 0x00000000ffe47ff8]
[2024-05-13T15:09:26.929+0530][gc,start     ] GC(0) Pause Young (Normal) (G1 Evacuation Pause)
[2024-05-13T15:09:26.930+0530][gc,task      ] GC(0) Using 10 workers of 10 for evacuation
[2024-05-13T15:09:26.951+0530][gc,mmu       ] GC(0) MMU target violated: 20.3ms (20.0ms/21.0ms)
[2024-05-13T15:09:26.951+0530][gc,phases    ] GC(0)   Pre Evacuate Collection Set: 0.0ms
[2024-05-13T15:09:26.951+0530][gc,phases    ] GC(0)   Evacuate Collection Set: 19.5ms
[2024-05-13T15:09:26.952+0530][gc,phases    ] GC(0)   Post Evacuate Collection Set: 0.6ms
[2024-05-13T15:09:26.952+0530][gc,phases    ] GC(0)   Other: 2.1ms
[2024-05-13T15:09:26.952+0530][gc,heap      ] GC(0) Eden regions: 25->0(21)
[2024-05-13T15:09:26.952+0530][gc,heap      ] GC(0) Survivor regions: 0->4(4)
[2024-05-13T15:09:26.952+0530][gc,heap      ] GC(0) Old regions: 2->6
[2024-05-13T15:09:26.953+0530][gc,heap      ] GC(0) Humongous regions: 0->0
[2024-05-13T15:09:26.953+0530][gc,metaspace ] GC(0) Metaspace: 7299K(7936K)->7299K(7936K) NonClass: 6483K(6912K)->6483K(6912K) Class: 816K(1024K)->816K(1024K)
[2024-05-13T15:09:26.953+0530][gc           ] GC(0) Pause Young (Normal) (G1 Evacuation Pause) 25M->8M(512M) 24.050ms
[2024-05-13T15:09:26.953+0530][gc,cpu       ] GC(0) User=0.08s Sys=0.11s Real=0.03s
[2024-05-13T20:42:22.870+0530][gc,heap,exit ] Heap
[2024-05-13T20:42:22.871+0530][gc,heap,exit ]  garbage-first heap   total 524288K, used 28048K [0x00000000e0000000, 0x0000000100000000)
[2024-05-13T20:42:22.871+0530][gc,heap,exit ]   region size 1024K, 24 young (24576K), 4 survivors (4096K)
[2024-05-13T20:42:22.872+0530][gc,heap,exit ]  Metaspace       used 9498K, capacity 9853K, committed 10240K, reserved 1058816K
[2024-05-13T20:42:22.872+0530][gc,heap,exit ]   class space    used 1006K, capacity 1165K, committed 1280K, reserved 1048576K
