[2024-05-13T20:42:42.774+0530][gc,heap] Heap region size: 1M
[2024-05-13T20:42:42.777+0530][gc     ] Using G1
[2024-05-13T20:42:42.777+0530][gc,heap,coops] Heap address: 0x00000000e0000000, size: 512 MB, Compressed Oops mode: 32-bit
[2024-05-13T20:42:42.778+0530][gc,cds       ] Mark closed archive regions in map: [0x00000000fff00000, 0x00000000fff6bff8]
[2024-05-13T20:42:42.778+0530][gc,cds       ] Mark open archive regions in map: [0x00000000ffe00000, 0x00000000ffe47ff8]
[2024-05-13T20:42:43.766+0530][gc,start     ] GC(0) Pause Young (Normal) (G1 Evacuation Pause)
[2024-05-13T20:42:43.768+0530][gc,task      ] GC(0) Using 10 workers of 10 for evacuation
[2024-05-13T20:42:43.778+0530][gc,phases    ] GC(0)   Pre Evacuate Collection Set: 0.0ms
[2024-05-13T20:42:43.779+0530][gc,phases    ] GC(0)   Evacuate Collection Set: 9.1ms
[2024-05-13T20:42:43.779+0530][gc,phases    ] GC(0)   Post Evacuate Collection Set: 1.0ms
[2024-05-13T20:42:43.780+0530][gc,phases    ] GC(0)   Other: 2.1ms
[2024-05-13T20:42:43.780+0530][gc,heap      ] GC(0) Eden regions: 25->0(21)
[2024-05-13T20:42:43.780+0530][gc,heap      ] GC(0) Survivor regions: 0->4(4)
[2024-05-13T20:42:43.780+0530][gc,heap      ] GC(0) Old regions: 2->6
[2024-05-13T20:42:43.780+0530][gc,heap      ] GC(0) Humongous regions: 0->0
[2024-05-13T20:42:43.780+0530][gc,metaspace ] GC(0) Metaspace: 7303K(7936K)->7303K(7936K) NonClass: 6484K(6912K)->6484K(6912K) Class: 818K(1024K)->818K(1024K)
[2024-05-13T20:42:43.780+0530][gc           ] GC(0) Pause Young (Normal) (G1 Evacuation Pause) 25M->8M(512M) 14.339ms
[2024-05-13T20:42:43.781+0530][gc,cpu       ] GC(0) User=0.05s Sys=0.04s Real=0.01s
[2024-05-14T00:04:38.943+0530][gc,start     ] GC(1) Pause Young (Normal) (G1 Evacuation Pause)
[2024-05-14T00:04:38.946+0530][gc,task      ] GC(1) Using 10 workers of 10 for evacuation
[2024-05-14T00:04:39.016+0530][gc,mmu       ] GC(1) MMU target violated: 21.0ms (20.0ms/21.0ms)
[2024-05-14T00:04:39.016+0530][gc,phases    ] GC(1)   Pre Evacuate Collection Set: 7.1ms
[2024-05-14T00:04:39.016+0530][gc,phases    ] GC(1)   Evacuate Collection Set: 58.7ms
[2024-05-14T00:04:39.016+0530][gc,phases    ] GC(1)   Post Evacuate Collection Set: 1.8ms
[2024-05-14T00:04:39.017+0530][gc,phases    ] GC(1)   Other: 5.6ms
[2024-05-14T00:04:39.017+0530][gc,heap      ] GC(1) Eden regions: 21->0(24)
[2024-05-14T00:04:39.017+0530][gc,heap      ] GC(1) Survivor regions: 4->1(4)
[2024-05-14T00:04:39.017+0530][gc,heap      ] GC(1) Old regions: 6->10
[2024-05-14T00:04:39.017+0530][gc,heap      ] GC(1) Humongous regions: 0->0
[2024-05-14T00:04:39.018+0530][gc,metaspace ] GC(1) Metaspace: 9508K(10240K)->9508K(10240K) NonClass: 8503K(8960K)->8503K(8960K) Class: 1005K(1280K)->1005K(1280K)
[2024-05-14T00:04:39.018+0530][gc           ] GC(1) Pause Young (Normal) (G1 Evacuation Pause) 29M->9M(512M) 74.836ms
[2024-05-14T00:04:39.018+0530][gc,cpu       ] GC(1) User=0.60s Sys=0.00s Real=0.08s
[2024-05-14T17:28:15.621+0530][gc,heap,exit ] Heap
[2024-05-14T17:28:15.622+0530][gc,heap,exit ]  garbage-first heap   total 524288K, used 26721K [0x00000000e0000000, 0x0000000100000000)
[2024-05-14T17:28:15.623+0530][gc,heap,exit ]   region size 1024K, 19 young (19456K), 1 survivors (1024K)
[2024-05-14T17:28:15.623+0530][gc,heap,exit ]  Metaspace       used 9572K, capacity 9986K, committed 10240K, reserved 1058816K
[2024-05-14T17:28:15.623+0530][gc,heap,exit ]   class space    used 1007K, capacity 1165K, committed 1280K, reserved 1048576K
