[2024-05-14T13:39:27.221+0530][0.048s][58931][59014][debug] Minimum heap 1572864000  Initial heap 1572864000  Maximum heap 1572864000
[2024-05-14T13:39:27.222+0530][0.049s][58931][59014][trace] 1: Minimum young 209715200  Initial young 209715200  Maximum young 209715200
[2024-05-14T13:39:27.222+0530][0.049s][58931][59014][trace] Minimum old 65536  Initial old 1363148800  Maximum old 1363148800
[2024-05-14T13:39:27.223+0530][0.049s][58931][59014][trace] Trying to allocate at address 0x00000000a2400000 heap of size 0x5dc00000
[2024-05-14T13:39:27.736+0530][0.564s][58931][59014][info ] Using Concurrent Mark Sweep
[2024-05-14T13:39:27.739+0530][0.565s][58931][59014][info ] Heap address: 0x00000000a2400000, size: 1500 MB, Compressed Oops mode: 32-bit
[2024-05-14T13:39:28.816+0530][1.643s][58931][59018][info ] Application time: 0.2029612 seconds
[2024-05-14T13:39:28.818+0530][1.645s][58931][59018][info ] Entering safepoint region: Cleanup
[2024-05-14T13:39:28.821+0530][1.647s][58931][59018][info ] Leaving safepoint region
[2024-05-14T13:39:28.821+0530][1.647s][58931][59018][info ] Total time for which application threads were stopped: 0.0029216 seconds, Stopping threads took: 0.0005532 seconds
[2024-05-14T13:39:29.419+0530][2.246s][58931][59018][info ] Application time: 0.5967847 seconds
[2024-05-14T13:39:29.420+0530][2.247s][58931][59018][info ] Entering safepoint region: Deoptimize
[2024-05-14T13:39:29.422+0530][2.249s][58931][59018][info ] Leaving safepoint region
[2024-05-14T13:39:29.422+0530][2.249s][58931][59018][info ] Total time for which application threads were stopped: 0.0024521 seconds, Stopping threads took: 0.0001309 seconds
[2024-05-14T13:39:29.485+0530][2.312s][58931][59018][info ] Application time: 0.0626295 seconds
[2024-05-14T13:39:29.485+0530][2.312s][58931][59018][info ] Entering safepoint region: Deoptimize
[2024-05-14T13:39:29.485+0530][2.312s][58931][59018][info ] Leaving safepoint region
[2024-05-14T13:39:29.486+0530][2.312s][58931][59018][info ] Total time for which application threads were stopped: 0.0003281 seconds, Stopping threads took: 0.0001325 seconds
[2024-05-14T13:39:30.488+0530][3.316s][58931][59018][info ] Application time: 1.0009720 seconds
[2024-05-14T13:39:30.493+0530][3.319s][58931][59018][info ] Entering safepoint region: Cleanup
[2024-05-14T13:39:30.495+0530][3.322s][58931][59018][info ] Leaving safepoint region
[2024-05-14T13:39:30.495+0530][3.322s][58931][59018][info ] Total time for which application threads were stopped: 0.0045569 seconds, Stopping threads took: 0.0021479 seconds
[2024-05-14T13:39:31.504+0530][4.333s][58931][59018][info ] Application time: 1.0043170 seconds
[2024-05-14T13:39:31.510+0530][4.336s][58931][59018][info ] Entering safepoint region: Cleanup
[2024-05-14T13:39:31.513+0530][4.340s][58931][59018][info ] Leaving safepoint region
[2024-05-14T13:39:31.513+0530][4.340s][58931][59018][info ] Total time for which application threads were stopped: 0.0047866 seconds, Stopping threads took: 0.0016142 seconds
[2024-05-14T13:39:32.515+0530][5.343s][58931][59018][info ] Application time: 1.0009005 seconds
[2024-05-14T13:39:32.518+0530][5.345s][58931][59018][info ] Entering safepoint region: Cleanup
[2024-05-14T13:39:32.522+0530][5.350s][58931][59018][info ] Leaving safepoint region
[2024-05-14T13:39:32.525+0530][5.351s][58931][59018][info ] Total time for which application threads were stopped: 0.0073774 seconds, Stopping threads took: 0.0010006 seconds
[2024-05-14T13:39:33.530+0530][6.360s][58931][59018][info ] Application time: 1.0015888 seconds
[2024-05-14T13:39:33.541+0530][6.367s][58931][59018][info ] Entering safepoint region: Cleanup
[2024-05-14T13:39:33.544+0530][6.371s][58931][59018][info ] Leaving safepoint region
[2024-05-14T13:39:33.545+0530][6.371s][58931][59018][info ] Total time for which application threads were stopped: 0.0092404 seconds, Stopping threads took: 0.0056419 seconds
[2024-05-14T13:39:34.546+0530][7.373s][58931][59018][info ] Application time: 1.0001730 seconds
[2024-05-14T13:39:34.548+0530][7.374s][58931][59018][info ] Entering safepoint region: Cleanup
[2024-05-14T13:39:34.550+0530][7.377s][58931][59018][info ] Leaving safepoint region
[2024-05-14T13:39:34.551+0530][7.377s][58931][59018][info ] Total time for which application threads were stopped: 0.0030090 seconds, Stopping threads took: 0.0004657 seconds
[2024-05-14T13:39:35.551+0530][8.378s][58931][59018][info ] Application time: 1.0001948 seconds
[2024-05-14T13:39:35.552+0530][8.379s][58931][59018][info ] Entering safepoint region: Cleanup
[2024-05-14T13:39:35.553+0530][8.380s][58931][59018][info ] Leaving safepoint region
[2024-05-14T13:39:35.553+0530][8.380s][58931][59018][info ] Total time for which application threads were stopped: 0.0018122 seconds, Stopping threads took: 0.0006728 seconds
[2024-05-14T13:39:35.607+0530][8.434s][58931][59018][info ] Application time: 0.0525791 seconds
[2024-05-14T13:39:35.610+0530][8.437s][58931][59018][info ] Entering safepoint region: Deoptimize
[2024-05-14T13:39:35.621+0530][8.448s][58931][59018][info ] Leaving safepoint region
[2024-05-14T13:39:35.621+0530][8.448s][58931][59018][info ] Total time for which application threads were stopped: 0.0111775 seconds, Stopping threads took: 0.0006518 seconds
[2024-05-14T13:39:35.709+0530][8.537s][58931][59018][info ] Application time: 0.0852847 seconds
[2024-05-14T13:39:35.711+0530][8.538s][58931][59018][info ] Entering safepoint region: Deoptimize
[2024-05-14T13:39:35.714+0530][8.541s][58931][59018][info ] Leaving safepoint region
[2024-05-14T13:39:35.714+0530][8.541s][58931][59018][info ] Total time for which application threads were stopped: 0.0031145 seconds, Stopping threads took: 0.0001278 seconds
[2024-05-14T13:39:36.718+0530][9.545s][58931][59018][info ] Application time: 1.0011313 seconds
[2024-05-14T13:39:36.732+0530][9.560s][58931][59018][info ] Entering safepoint region: Cleanup
[2024-05-14T13:39:36.740+0530][9.567s][58931][59018][info ] Leaving safepoint region
[2024-05-14T13:39:36.740+0530][9.567s][58931][59018][info ] Total time for which application threads were stopped: 0.0207417 seconds, Stopping threads took: 0.0161079 seconds
[2024-05-14T13:39:37.745+0530][10.575s][58931][59018][info ] Application time: 1.0008144 seconds
[2024-05-14T13:39:37.755+0530][10.582s][58931][59018][info ] Entering safepoint region: Cleanup
[2024-05-14T13:39:37.758+0530][10.585s][58931][59018][info ] Leaving safepoint region
[2024-05-14T13:39:37.758+0530][10.585s][58931][59018][info ] Total time for which application threads were stopped: 0.0056701 seconds, Stopping threads took: 0.0022035 seconds
[2024-05-14T13:39:37.934+0530][10.767s][58931][59017][trace] CMS: promo attempt is safe: available(1363148800) >= av_promo(0), max_promo(67210112)
[2024-05-14T13:39:38.759+0530][11.586s][58931][59018][info ] Application time: 1.0001110 seconds
[2024-05-14T13:39:38.761+0530][11.588s][58931][59018][info ] Entering safepoint region: Cleanup
[2024-05-14T13:39:38.762+0530][11.589s][58931][59018][info ] Leaving safepoint region
[2024-05-14T13:39:38.762+0530][11.589s][58931][59018][info ] Total time for which application threads were stopped: 0.0027010 seconds, Stopping threads took: 0.0015570 seconds
[2024-05-14T13:39:38.909+0530][11.736s][58931][59018][info ] Application time: 0.1448489 seconds
[2024-05-14T13:39:38.910+0530][11.737s][58931][59018][info ] Entering safepoint region: Deoptimize
[2024-05-14T13:39:38.913+0530][11.740s][58931][59018][info ] Leaving safepoint region
[2024-05-14T13:39:38.913+0530][11.740s][58931][59018][info ] Total time for which application threads were stopped: 0.0026892 seconds, Stopping threads took: 0.0001361 seconds
[2024-05-14T13:39:39.918+0530][12.756s][58931][59018][info ] Application time: 1.0011282 seconds
[2024-05-14T13:39:39.936+0530][12.769s][58931][59018][info ] Entering safepoint region: Cleanup
[2024-05-14T13:39:39.961+0530][12.792s][58931][59018][info ] Leaving safepoint region
[2024-05-14T13:39:39.969+0530][12.796s][58931][59018][info ] Total time for which application threads were stopped: 0.0351137 seconds, Stopping threads took: 0.0148418 seconds
[2024-05-14T13:39:40.978+0530][13.811s][58931][59018][info ] Application time: 1.0036520 seconds
[2024-05-14T13:39:40.995+0530][13.828s][58931][59018][info ] Entering safepoint region: Cleanup
[2024-05-14T13:39:41.014+0530][13.847s][58931][59018][info ] Leaving safepoint region
[2024-05-14T13:39:41.025+0530][13.851s][58931][59018][info ] Total time for which application threads were stopped: 0.0338741 seconds, Stopping threads took: 0.0152386 seconds
[2024-05-14T13:39:44.030+0530][16.858s][58931][59018][info ] Application time: 3.0034160 seconds
[2024-05-14T13:39:44.035+0530][16.862s][58931][59018][info ] Entering safepoint region: Cleanup
[2024-05-14T13:39:44.037+0530][16.864s][58931][59018][info ] Leaving safepoint region
[2024-05-14T13:39:44.037+0530][16.864s][58931][59018][info ] Total time for which application threads were stopped: 0.0047288 seconds, Stopping threads took: 0.0025017 seconds
[2024-05-14T13:39:46.041+0530][18.869s][58931][59018][info ] Application time: 2.0006002 seconds
[2024-05-14T13:39:46.045+0530][18.872s][58931][59018][info ] Entering safepoint region: Cleanup
[2024-05-14T13:39:46.046+0530][18.872s][58931][59018][info ] Leaving safepoint region
[2024-05-14T13:39:46.046+0530][18.873s][58931][59018][info ] Total time for which application threads were stopped: 0.0025402 seconds, Stopping threads took: 0.0019873 seconds
[2024-05-14T13:39:46.552+0530][19.379s][58931][59018][info ] Application time: 0.5047486 seconds
[2024-05-14T13:39:46.554+0530][19.381s][58931][59018][info ] Entering safepoint region: Deoptimize
[2024-05-14T13:39:46.566+0530][19.394s][58931][59018][info ] Leaving safepoint region
[2024-05-14T13:39:46.568+0530][19.394s][58931][59018][info ] Total time for which application threads were stopped: 0.0135139 seconds, Stopping threads took: 0.0002213 seconds
[2024-05-14T13:39:47.573+0530][20.401s][58931][59018][info ] Application time: 1.0022836 seconds
[2024-05-14T13:39:47.582+0530][20.409s][58931][59018][info ] Entering safepoint region: Cleanup
[2024-05-14T13:39:47.585+0530][20.411s][58931][59018][info ] Leaving safepoint region
[2024-05-14T13:39:47.585+0530][20.411s][58931][59018][info ] Total time for which application threads were stopped: 0.0080497 seconds, Stopping threads took: 0.0054096 seconds
[2024-05-14T13:39:47.757+0530][20.585s][58931][59018][info ] Application time: 0.1705419 seconds
[2024-05-14T13:39:47.760+0530][20.587s][58931][59018][info ] Entering safepoint region: Deoptimize
[2024-05-14T13:39:47.770+0530][20.597s][58931][59018][info ] Leaving safepoint region
[2024-05-14T13:39:47.771+0530][20.597s][58931][59018][info ] Total time for which application threads were stopped: 0.0105225 seconds, Stopping threads took: 0.0013203 seconds
[2024-05-14T13:39:47.895+0530][20.722s][58931][59018][info ] Application time: 0.1231200 seconds
[2024-05-14T13:39:47.897+0530][20.724s][58931][59018][info ] Entering safepoint region: Deoptimize
[2024-05-14T13:39:47.909+0530][20.738s][58931][59018][info ] Leaving safepoint region
[2024-05-14T13:39:47.915+0530][20.741s][58931][59018][info ] Total time for which application threads were stopped: 0.0176753 seconds, Stopping threads took: 0.0001247 seconds
[2024-05-14T13:39:47.949+0530][20.778s][58931][59017][trace] CMS: promo attempt is safe: available(1363148800) >= av_promo(0), max_promo(90698816)
[2024-05-14T13:39:46.682+0530][21.753s][58931][59018][info ] Application time: 1.0057499 seconds
[2024-05-14T13:39:46.687+0530][21.755s][58931][59018][info ] Entering safepoint region: Cleanup
[2024-05-14T13:39:46.704+0530][21.774s][58931][59018][info ] Leaving safepoint region
[2024-05-14T13:39:46.708+0530][21.777s][58931][59018][info ] Total time for which application threads were stopped: 0.0222768 seconds, Stopping threads took: 0.0007370 seconds
[2024-05-14T13:39:47.152+0530][22.221s][58931][59018][info ] Application time: 0.4412013 seconds
[2024-05-14T13:39:47.159+0530][22.238s][58931][59018][info ] Entering safepoint region: Deoptimize
[2024-05-14T13:39:47.181+0530][22.250s][58931][59018][info ] Leaving safepoint region
[2024-05-14T13:39:47.182+0530][22.250s][58931][59018][info ] Total time for which application threads were stopped: 0.0275780 seconds, Stopping threads took: 0.0193212 seconds
[2024-05-14T13:39:49.203+0530][24.285s][58931][59018][info ] Application time: 2.0101343 seconds
[2024-05-14T13:39:49.285+0530][24.367s][58931][59018][info ] Entering safepoint region: Cleanup
[2024-05-14T13:39:49.499+0530][24.583s][58931][59018][info ] Leaving safepoint region
[2024-05-14T13:39:49.582+0530][24.662s][58931][59018][info ] Total time for which application threads were stopped: 0.2949377 seconds, Stopping threads took: 0.0681395 seconds
[2024-05-14T13:39:55.772+0530][30.872s][58931][59017][trace] CMS: promo attempt is safe: available(1363148800) >= av_promo(0), max_promo(90698816)
[2024-05-14T13:40:02.753+0530][37.823s][58931][59018][info ] Application time: 13.1108127 seconds
[2024-05-14T13:40:02.815+0530][37.885s][58931][59018][info ] Entering safepoint region: Cleanup
[2024-05-14T13:40:02.837+0530][37.908s][58931][59018][info ] Leaving safepoint region
[2024-05-14T13:40:02.843+0530][37.911s][58931][59018][info ] Total time for which application threads were stopped: 0.0856849 seconds, Stopping threads took: 0.0621445 seconds
[2024-05-14T13:40:02.845+0530][37.914s][58931][59018][info ] Application time: 0.0024471 seconds
[2024-05-14T13:40:02.846+0530][37.915s][58931][59018][info ] Entering safepoint region: Deoptimize
[2024-05-14T13:40:02.857+0530][37.926s][58931][59018][info ] Leaving safepoint region
[2024-05-14T13:40:02.858+0530][37.926s][58931][59018][info ] Total time for which application threads were stopped: 0.0118967 seconds, Stopping threads took: 0.0004790 seconds
[2024-05-14T13:40:03.861+0530][38.932s][58931][59018][info ] Application time: 1.0015935 seconds
[2024-05-14T13:40:03.869+0530][38.938s][58931][59018][info ] Entering safepoint region: Cleanup
[2024-05-14T13:40:03.872+0530][38.941s][58931][59018][info ] Leaving safepoint region
[2024-05-14T13:40:03.872+0530][38.941s][58931][59018][info ] Total time for which application threads were stopped: 0.0070098 seconds, Stopping threads took: 0.0045305 seconds
[2024-05-14T13:40:04.878+0530][39.947s][58931][59018][info ] Application time: 1.0029129 seconds
[2024-05-14T13:40:04.897+0530][39.966s][58931][59018][info ] Entering safepoint region: Cleanup
[2024-05-14T13:40:04.904+0530][39.972s][58931][59018][info ] Leaving safepoint region
[2024-05-14T13:40:04.904+0530][39.972s][58931][59018][info ] Total time for which application threads were stopped: 0.0234919 seconds, Stopping threads took: 0.0174107 seconds
[2024-05-14T13:40:05.120+0530][40.189s][58931][59018][info ] Application time: 0.2145609 seconds
[2024-05-14T13:40:05.123+0530][40.191s][58931][59018][info ] Entering safepoint region: Deoptimize
[2024-05-14T13:40:05.129+0530][40.198s][58931][59018][info ] Leaving safepoint region
[2024-05-14T13:40:05.129+0530][40.198s][58931][59018][info ] Total time for which application threads were stopped: 0.0070603 seconds, Stopping threads took: 0.0005497 seconds
[2024-05-14T13:40:05.998+0530][41.069s][58931][59017][trace] CMS: promo attempt is safe: available(1363148800) >= av_promo(0), max_promo(97449808)
[2024-05-14T13:40:06.132+0530][41.203s][58931][59018][info ] Application time: 1.0017318 seconds
[2024-05-14T13:40:06.139+0530][41.207s][58931][59018][info ] Entering safepoint region: Cleanup
[2024-05-14T13:40:06.146+0530][41.215s][58931][59018][info ] Leaving safepoint region
[2024-05-14T13:40:06.148+0530][41.217s][58931][59018][info ] Total time for which application threads were stopped: 0.0118814 seconds, Stopping threads took: 0.0028707 seconds
[2024-05-14T13:40:08.155+0530][43.226s][58931][59018][info ] Application time: 2.0033128 seconds
[2024-05-14T13:40:08.166+0530][43.235s][58931][59018][info ] Entering safepoint region: Cleanup
[2024-05-14T13:40:08.171+0530][43.240s][58931][59018][info ] Leaving safepoint region
[2024-05-14T13:40:08.171+0530][43.240s][58931][59018][info ] Total time for which application threads were stopped: 0.0095794 seconds, Stopping threads took: 0.0046544 seconds
[2024-05-14T13:40:09.176+0530][44.246s][58931][59018][info ] Application time: 1.0030245 seconds
[2024-05-14T13:40:09.222+0530][44.293s][58931][59018][info ] Entering safepoint region: Cleanup
[2024-05-14T13:40:09.238+0530][44.309s][58931][59018][info ] Leaving safepoint region
[2024-05-14T13:40:09.243+0530][44.311s][58931][59018][info ] Total time for which application threads were stopped: 0.0630170 seconds, Stopping threads took: 0.0467936 seconds
[2024-05-14T13:40:10.245+0530][45.315s][58931][59018][info ] Application time: 1.0013668 seconds
[2024-05-14T13:40:10.252+0530][45.321s][58931][59018][info ] Entering safepoint region: Cleanup
[2024-05-14T13:40:10.258+0530][45.327s][58931][59018][info ] Leaving safepoint region
[2024-05-14T13:40:10.258+0530][45.327s][58931][59018][info ] Total time for which application threads were stopped: 0.0087007 seconds, Stopping threads took: 0.0027981 seconds
[2024-05-14T13:40:11.212+0530][46.283s][58931][59018][info ] Application time: 0.9523316 seconds
[2024-05-14T13:40:11.217+0530][46.286s][58931][59018][info ] Entering safepoint region: Deoptimize
[2024-05-14T13:40:11.231+0530][46.300s][58931][59018][info ] Leaving safepoint region
[2024-05-14T13:40:11.231+0530][46.300s][58931][59018][info ] Total time for which application threads were stopped: 0.0143978 seconds, Stopping threads took: 0.0005102 seconds
[2024-05-14T13:40:12.238+0530][47.308s][58931][59018][info ] Application time: 1.0028294 seconds
[2024-05-14T13:40:12.244+0530][47.313s][58931][59018][info ] Entering safepoint region: Cleanup
[2024-05-14T13:40:12.251+0530][47.320s][58931][59018][info ] Leaving safepoint region
[2024-05-14T13:40:12.252+0530][47.320s][58931][59018][info ] Total time for which application threads were stopped: 0.0089709 seconds, Stopping threads took: 0.0018240 seconds
[2024-05-14T13:40:13.258+0530][48.329s][58931][59018][info ] Application time: 1.0028121 seconds
[2024-05-14T13:40:13.280+0530][48.351s][58931][59018][info ] Entering safepoint region: Cleanup
[2024-05-14T13:40:13.295+0530][48.363s][58931][59018][info ] Leaving safepoint region
[2024-05-14T13:40:13.295+0530][48.364s][58931][59018][info ] Total time for which application threads were stopped: 0.0313149 seconds, Stopping threads took: 0.0223790 seconds
[2024-05-14T13:40:15.305+0530][50.377s][58931][59018][info ] Application time: 2.0042959 seconds
[2024-05-14T13:40:15.324+0530][50.395s][58931][59018][info ] Entering safepoint region: Cleanup
[2024-05-14T13:40:15.339+0530][50.408s][58931][59018][info ] Leaving safepoint region
[2024-05-14T13:40:15.339+0530][50.408s][58931][59018][info ] Total time for which application threads were stopped: 0.0288969 seconds, Stopping threads took: 0.0210452 seconds
[2024-05-14T13:40:16.011+0530][51.082s][58931][59017][trace] CMS: promo attempt is safe: available(1363148800) >= av_promo(0), max_promo(107559232)
[2024-05-14T13:40:16.391+0530][51.461s][58931][59018][info ] Application time: 1.0485083 seconds
[2024-05-14T13:40:16.394+0530][51.462s][58931][59018][info ] Entering safepoint region: CollectForMetadataAllocation
[2024-05-14T13:40:16.398+0530][51.467s][58931][59018][info ] Leaving safepoint region
[2024-05-14T13:40:16.401+0530][51.470s][58931][59018][info ] Total time for which application threads were stopped: 0.0073005 seconds, Stopping threads took: 0.0002013 seconds
[2024-05-14T13:40:18.412+0530][53.485s][58931][59018][info ] Application time: 2.0076644 seconds
[2024-05-14T13:40:18.426+0530][53.495s][58931][59018][info ] Entering safepoint region: Cleanup
[2024-05-14T13:40:18.430+0530][53.499s][58931][59018][info ] Leaving safepoint region
[2024-05-14T13:40:18.430+0530][53.499s][58931][59018][info ] Total time for which application threads were stopped: 0.0118188 seconds, Stopping threads took: 0.0078043 seconds
[2024-05-14T13:40:19.849+0530][54.921s][58931][59018][info ] Application time: 1.4168930 seconds
[2024-05-14T13:40:19.869+0530][54.940s][58931][59018][info ] Entering safepoint region: CollectForMetadataAllocation
[2024-05-14T13:40:19.891+0530][54.963s][58931][59018][info ] Leaving safepoint region
[2024-05-14T13:40:19.896+0530][54.965s][58931][59018][info ] Total time for which application threads were stopped: 0.0419179 seconds, Stopping threads took: 0.0197024 seconds
[2024-05-14T13:40:20.417+0530][55.486s][58931][59018][info ] Application time: 0.5204872 seconds
[2024-05-14T13:40:20.418+0530][55.487s][58931][59018][info ] Entering safepoint region: CollectForMetadataAllocation
[2024-05-14T13:40:20.425+0530][55.497s][58931][59018][info ] Leaving safepoint region
[2024-05-14T13:40:20.432+0530][55.501s][58931][59018][info ] Total time for which application threads were stopped: 0.0136199 seconds, Stopping threads took: 0.0001692 seconds
[2024-05-14T13:40:20.436+0530][55.505s][58931][59018][info ] Application time: 0.0039037 seconds
[2024-05-14T13:40:20.454+0530][55.525s][58931][59018][info ] Entering safepoint region: CollectForMetadataAllocation
[2024-05-14T13:40:20.473+0530][55.543s][58931][59018][info ] Leaving safepoint region
[2024-05-14T13:40:20.477+0530][55.546s][58931][59018][info ] Total time for which application threads were stopped: 0.0409637 seconds, Stopping threads took: 0.0235902 seconds
[2024-05-14T13:40:21.486+0530][56.555s][58931][59018][info ] Application time: 1.0041454 seconds
[2024-05-14T13:40:21.488+0530][56.557s][58931][59018][info ] Entering safepoint region: Cleanup
[2024-05-14T13:40:21.493+0530][56.562s][58931][59018][info ] Leaving safepoint region
[2024-05-14T13:40:21.493+0530][56.562s][58931][59018][info ] Total time for which application threads were stopped: 0.0053345 seconds, Stopping threads took: 0.0005434 seconds
[2024-05-14T13:40:22.502+0530][57.573s][58931][59018][info ] Application time: 1.0012838 seconds
[2024-05-14T13:40:22.507+0530][57.575s][58931][59018][info ] Entering safepoint region: Cleanup
[2024-05-14T13:40:22.520+0530][57.591s][58931][59018][info ] Leaving safepoint region
[2024-05-14T13:40:22.523+0530][57.592s][58931][59018][info ] Total time for which application threads were stopped: 0.0177524 seconds, Stopping threads took: 0.0011001 seconds
[2024-05-14T13:40:23.535+0530][58.606s][58931][59018][info ] Application time: 1.0032634 seconds
[2024-05-14T13:40:23.541+0530][58.609s][58931][59018][info ] Entering safepoint region: Cleanup
[2024-05-14T13:40:23.547+0530][58.618s][58931][59018][info ] Leaving safepoint region
[2024-05-14T13:40:23.555+0530][58.625s][58931][59018][info ] Total time for which application threads were stopped: 0.0151601 seconds, Stopping threads took: 0.0010737 seconds
[2024-05-14T13:40:23.584+0530][58.654s][58931][59018][info ] Application time: 0.0254043 seconds
[2024-05-14T13:40:23.598+0530][58.668s][58931][59018][info ] Entering safepoint region: CollectForMetadataAllocation
[2024-05-14T13:40:23.603+0530][58.672s][58931][59018][info ] Leaving safepoint region
[2024-05-14T13:40:23.604+0530][58.672s][58931][59018][info ] Total time for which application threads were stopped: 0.0086412 seconds, Stopping threads took: 0.0051536 seconds
[2024-05-14T13:40:24.064+0530][59.133s][58931][59018][info ] Application time: 0.4591535 seconds
[2024-05-14T13:40:24.068+0530][59.137s][58931][59018][info ] Entering safepoint region: CollectForMetadataAllocation
[2024-05-14T13:40:24.071+0530][59.140s][58931][59018][info ] Leaving safepoint region
[2024-05-14T13:40:24.071+0530][59.140s][58931][59018][info ] Total time for which application threads were stopped: 0.0059098 seconds, Stopping threads took: 0.0032707 seconds
[2024-05-14T13:40:24.721+0530][59.792s][58931][59018][info ] Application time: 0.6408164 seconds
[2024-05-14T13:40:24.727+0530][59.795s][58931][59018][info ] Entering safepoint region: CollectForMetadataAllocation
[2024-05-14T13:40:24.745+0530][59.817s][58931][59018][info ] Leaving safepoint region
[2024-05-14T13:40:24.751+0530][59.819s][58931][59018][info ] Total time for which application threads were stopped: 0.0253620 seconds, Stopping threads took: 0.0018631 seconds
[2024-05-14T13:40:25.759+0530][60.835s][58931][59018][info ] Application time: 1.0034059 seconds
[2024-05-14T13:40:25.796+0530][60.867s][58931][59018][info ] Entering safepoint region: Cleanup
[2024-05-14T13:40:25.816+0530][60.887s][58931][59018][info ] Leaving safepoint region
[2024-05-14T13:40:25.820+0530][60.888s][58931][59018][info ] Total time for which application threads were stopped: 0.0513502 seconds, Stopping threads took: 0.0405349 seconds
[2024-05-14T13:40:26.019+0530][61.092s][58931][59017][trace] CMS: promo attempt is safe: available(1363148800) >= av_promo(0), max_promo(134407464)
[2024-05-14T13:40:26.041+0530][61.110s][58931][59018][info ] Application time: 0.2210414 seconds
[2024-05-14T13:40:26.042+0530][61.111s][58931][59018][info ] Entering safepoint region: CMS_Initial_Mark
[2024-05-14T13:40:26.057+0530][61.126s][58931][59018][trace] GC(0) eden 0x00000000a2400000-0x00000000aa42e528-0x00000000ac400000(167772160)
[2024-05-14T13:40:26.059+0530][61.127s][58931][59018][trace] GC(0) _eden_chunk_index=20, _eden_chunk_capacity=11521
[2024-05-14T13:40:26.059+0530][61.128s][58931][59018][trace] GC(0) _eden_chunk_array[0]=0x00000000a674bef8
[2024-05-14T13:40:26.059+0530][61.128s][58931][59018][trace] GC(0) _eden_chunk_array[1]=0x00000000a6a7f250
[2024-05-14T13:40:26.059+0530][61.128s][58931][59018][trace] GC(0) _eden_chunk_array[2]=0x00000000a6db25b8
[2024-05-14T13:40:26.060+0530][61.128s][58931][59018][trace] GC(0) _eden_chunk_array[3]=0x00000000a70e59f8
[2024-05-14T13:40:26.060+0530][61.128s][58931][59018][trace] GC(0) _eden_chunk_array[4]=0x00000000a7418d50
[2024-05-14T13:40:26.060+0530][61.129s][58931][59018][trace] GC(0) _eden_chunk_array[5]=0x00000000a774c0a0
[2024-05-14T13:40:26.060+0530][61.129s][58931][59018][trace] GC(0) _eden_chunk_array[6]=0x00000000a7a7f440
[2024-05-14T13:40:26.060+0530][61.129s][58931][59018][trace] GC(0) _eden_chunk_array[7]=0x00000000a7db6780
[2024-05-14T13:40:26.061+0530][61.129s][58931][59018][trace] GC(0) _eden_chunk_array[8]=0x00000000a80ef750
[2024-05-14T13:40:26.061+0530][61.129s][58931][59018][trace] GC(0) _eden_chunk_array[9]=0x00000000a84256b8
[2024-05-14T13:40:26.061+0530][61.129s][58931][59018][trace] GC(0) _eden_chunk_array[10]=0x00000000a8758a00
[2024-05-14T13:40:26.061+0530][61.130s][58931][59018][trace] GC(0) _eden_chunk_array[11]=0x00000000a8a93940
[2024-05-14T13:40:26.061+0530][61.130s][58931][59018][trace] GC(0) _eden_chunk_array[12]=0x00000000a8dc6c90
[2024-05-14T13:40:26.062+0530][61.130s][58931][59018][trace] GC(0) _eden_chunk_array[13]=0x00000000a90fb0a8
[2024-05-14T13:40:26.062+0530][61.131s][58931][59018][trace] GC(0) _eden_chunk_array[14]=0x00000000a942e3f0
[2024-05-14T13:40:26.062+0530][61.131s][58931][59018][trace] GC(0) _eden_chunk_array[15]=0x00000000a9761768
[2024-05-14T13:40:26.062+0530][61.131s][58931][59018][trace] GC(0) _eden_chunk_array[16]=0x00000000a9a94ae8
[2024-05-14T13:40:26.063+0530][61.131s][58931][59018][trace] GC(0) _eden_chunk_array[17]=0x00000000a9dc7e70
[2024-05-14T13:40:26.063+0530][61.132s][58931][59018][trace] GC(0) _eden_chunk_array[18]=0x00000000aa0fb1b8
[2024-05-14T13:40:26.063+0530][61.132s][58931][59018][trace] GC(0) _eden_chunk_array[19]=0x00000000aa42e528
[2024-05-14T13:40:26.063+0530][61.132s][58931][59018][trace] GC(0) survivor 0x00000000ac400000-0x00000000ac400000-0x00000000ad800000(20971520)
[2024-05-14T13:40:26.063+0530][61.132s][58931][59018][trace] GC(0) _survivor_chunk_index=0, _survivor_chunk_capacity=10240
[2024-05-14T13:40:26.140+0530][61.210s][58931][59018][info ] GC(0) Pause Initial Mark 128M->128M(1480M) 75.286ms
[2024-05-14T13:40:26.145+0530][61.214s][58931][59018][info ] Leaving safepoint region
[2024-05-14T13:40:26.145+0530][61.214s][58931][59018][info ] Total time for which application threads were stopped: 0.1041909 seconds, Stopping threads took: 0.0013077 seconds
[2024-05-14T13:40:26.149+0530][61.217s][58931][59017][info ] GC(0) Concurrent Mark
[2024-05-14T13:40:26.163+0530][61.234s][58931][59017][info ] GC(0) Concurrent Mark 14.202ms
[2024-05-14T13:40:26.169+0530][61.244s][58931][59017][info ] GC(0) Concurrent Preclean
[2024-05-14T13:40:26.184+0530][61.253s][58931][59017][info ] GC(0) Concurrent Preclean 14.770ms
[2024-05-14T13:40:26.186+0530][61.254s][58931][59017][info ] GC(0) Concurrent Abortable Preclean
[2024-05-14T13:40:26.186+0530][61.255s][58931][59017][trace] CMS: promo attempt is safe: available(1363148800) >= av_promo(0), max_promo(134407464)
[2024-05-14T13:40:26.300+0530][61.371s][58931][59017][trace] CMS: promo attempt is safe: available(1363148800) >= av_promo(0), max_promo(134407464)
[2024-05-14T13:40:26.422+0530][61.493s][58931][59017][trace] CMS: promo attempt is safe: available(1363148800) >= av_promo(0), max_promo(134407464)
[2024-05-14T13:40:26.536+0530][61.608s][58931][59017][trace] CMS: promo attempt is safe: available(1363148800) >= av_promo(0), max_promo(134407464)
[2024-05-14T13:40:26.651+0530][61.721s][58931][59017][trace] CMS: promo attempt is safe: available(1363148800) >= av_promo(0), max_promo(134407464)
[2024-05-14T13:40:26.680+0530][61.752s][58931][59018][info ] Application time: 0.5324584 seconds
[2024-05-14T13:40:26.690+0530][61.758s][58931][59018][info ] Entering safepoint region: CollectForMetadataAllocation
[2024-05-14T13:40:26.707+0530][61.778s][58931][59018][info ] Leaving safepoint region
[2024-05-14T13:40:26.712+0530][61.781s][58931][59018][info ] Total time for which application threads were stopped: 0.0224349 seconds, Stopping threads took: 0.0002533 seconds
[2024-05-14T13:40:26.714+0530][61.783s][58931][59017][trace] CMS: promo attempt is safe: available(1363148800) >= av_promo(0), max_promo(134407464)
[2024-05-14T13:40:26.717+0530][61.786s][58931][59018][info ] Application time: 0.0049894 seconds
[2024-05-14T13:40:26.734+0530][61.805s][58931][59018][info ] Entering safepoint region: CollectForMetadataAllocation
[2024-05-14T13:40:26.754+0530][61.828s][58931][59018][info ] Leaving safepoint region
[2024-05-14T13:40:26.766+0530][61.835s][58931][59018][info ] Total time for which application threads were stopped: 0.0484086 seconds, Stopping threads took: 0.0242958 seconds
[2024-05-14T13:40:26.771+0530][61.839s][58931][59017][trace] CMS: promo attempt is safe: available(1363148800) >= av_promo(0), max_promo(134407464)
[2024-05-14T13:40:26.883+0530][61.954s][58931][59017][trace] CMS: promo attempt is safe: available(1363148800) >= av_promo(0), max_promo(134407464)
[2024-05-14T13:40:27.035+0530][62.132s][58931][59017][trace] CMS: promo attempt is safe: available(1363148800) >= av_promo(0), max_promo(134407464)
[2024-05-14T13:40:27.198+0530][62.271s][58931][59017][trace] CMS: promo attempt is safe: available(1363148800) >= av_promo(0), max_promo(134407464)
[2024-05-14T13:40:27.346+0530][62.430s][58931][59017][trace] CMS: promo attempt is safe: available(1363148800) >= av_promo(0), max_promo(134407464)
[2024-05-14T13:40:27.600+0530][62.704s][58931][59017][trace] CMS: promo attempt is safe: available(1363148800) >= av_promo(0), max_promo(134407464)
[2024-05-14T13:40:27.798+0530][62.892s][58931][59018][info ] Application time: 1.0139288 seconds
[2024-05-14T13:40:27.923+0530][63.038s][58931][59017][trace] CMS: promo attempt is safe: available(1363148800) >= av_promo(0), max_promo(134407464)
[2024-05-14T13:40:28.976+0530][64.059s][58931][59018][info ] Entering safepoint region: Cleanup
[2024-05-14T13:40:29.218+0530][64.294s][58931][59018][info ] Leaving safepoint region
[2024-05-14T13:40:29.255+0530][64.341s][58931][59018][info ] Total time for which application threads were stopped: 1.2831591 seconds, Stopping threads took: 1.0576702 seconds
[2024-05-14T13:40:29.478+0530][64.589s][58931][59017][trace] CMS: promo attempt is safe: available(1363148800) >= av_promo(0), max_promo(134407464)
[2024-05-14T13:40:29.801+0530][64.888s][58931][59017][trace] CMS: promo attempt is safe: available(1363148800) >= av_promo(0), max_promo(134407464)
[2024-05-14T13:40:30.016+0530][65.131s][58931][59017][trace] CMS: promo attempt is safe: available(1363148800) >= av_promo(0), max_promo(134407464)
[2024-05-14T13:40:30.271+0530][65.353s][58931][59017][trace] CMS: promo attempt is safe: available(1363148800) >= av_promo(0), max_promo(137762936)
[2024-05-14T13:40:30.348+0530][65.452s][58931][59018][info ] Application time: 1.0090560 seconds
[2024-05-14T13:40:33.346+0530][68.416s][58931][59018][info ] Entering safepoint region: Cleanup
[2024-05-14T13:40:33.351+0530][68.420s][58931][59018][info ] Leaving safepoint region
[2024-05-14T13:40:33.352+0530][68.420s][58931][59018][info ] Total time for which application threads were stopped: 2.9079774 seconds, Stopping threads took: 2.9049559 seconds
[2024-05-14T13:40:33.356+0530][68.425s][58931][59017][info ] GC(0) Concurrent Abortable Preclean 7170.922ms
[2024-05-14T13:40:33.358+0530][68.427s][58931][59018][info ] Application time: 0.0065112 seconds
[2024-05-14T13:40:33.359+0530][68.428s][58931][59018][info ] Entering safepoint region: CMS_Final_Remark
[2024-05-14T13:40:33.360+0530][68.429s][58931][59018][trace] GC(0) eden 0x00000000a2400000-0x00000000aa761878-0x00000000ac400000(167772160)
[2024-05-14T13:40:33.361+0530][68.429s][58931][59018][trace] GC(0) _eden_chunk_index=21, _eden_chunk_capacity=11521
[2024-05-14T13:40:33.361+0530][68.429s][58931][59018][trace] GC(0) _eden_chunk_array[0]=0x00000000a674bef8
[2024-05-14T13:40:33.361+0530][68.430s][58931][59018][trace] GC(0) _eden_chunk_array[1]=0x00000000a6a7f250
[2024-05-14T13:40:33.361+0530][68.430s][58931][59018][trace] GC(0) _eden_chunk_array[2]=0x00000000a6db25b8
[2024-05-14T13:40:33.361+0530][68.430s][58931][59018][trace] GC(0) _eden_chunk_array[3]=0x00000000a70e59f8
[2024-05-14T13:40:33.361+0530][68.430s][58931][59018][trace] GC(0) _eden_chunk_array[4]=0x00000000a7418d50
[2024-05-14T13:40:33.361+0530][68.430s][58931][59018][trace] GC(0) _eden_chunk_array[5]=0x00000000a774c0a0
[2024-05-14T13:40:33.362+0530][68.430s][58931][59018][trace] GC(0) _eden_chunk_array[6]=0x00000000a7a7f440
[2024-05-14T13:40:33.362+0530][68.430s][58931][59018][trace] GC(0) _eden_chunk_array[7]=0x00000000a7db6780
[2024-05-14T13:40:33.362+0530][68.431s][58931][59018][trace] GC(0) _eden_chunk_array[8]=0x00000000a80ef750
[2024-05-14T13:40:33.362+0530][68.431s][58931][59018][trace] GC(0) _eden_chunk_array[9]=0x00000000a84256b8
[2024-05-14T13:40:33.362+0530][68.431s][58931][59018][trace] GC(0) _eden_chunk_array[10]=0x00000000a8758a00
[2024-05-14T13:40:33.362+0530][68.431s][58931][59018][trace] GC(0) _eden_chunk_array[11]=0x00000000a8a93940
[2024-05-14T13:40:33.363+0530][68.431s][58931][59018][trace] GC(0) _eden_chunk_array[12]=0x00000000a8dc6c90
[2024-05-14T13:40:33.363+0530][68.431s][58931][59018][trace] GC(0) _eden_chunk_array[13]=0x00000000a90fb0a8
[2024-05-14T13:40:33.363+0530][68.431s][58931][59018][trace] GC(0) _eden_chunk_array[14]=0x00000000a942e3f0
[2024-05-14T13:40:33.363+0530][68.432s][58931][59018][trace] GC(0) _eden_chunk_array[15]=0x00000000a9761768
[2024-05-14T13:40:33.363+0530][68.432s][58931][59018][trace] GC(0) _eden_chunk_array[16]=0x00000000a9a94ae8
[2024-05-14T13:40:33.363+0530][68.432s][58931][59018][trace] GC(0) _eden_chunk_array[17]=0x00000000a9dc7e70
[2024-05-14T13:40:33.363+0530][68.432s][58931][59018][trace] GC(0) _eden_chunk_array[18]=0x00000000aa0fb1b8
[2024-05-14T13:40:33.364+0530][68.432s][58931][59018][trace] GC(0) _eden_chunk_array[19]=0x00000000aa42e528
[2024-05-14T13:40:33.364+0530][68.432s][58931][59018][trace] GC(0) _eden_chunk_array[20]=0x00000000aa761878
[2024-05-14T13:40:33.364+0530][68.433s][58931][59018][trace] GC(0) survivor 0x00000000ac400000-0x00000000ac400000-0x00000000ad800000(20971520)
[2024-05-14T13:40:33.364+0530][68.433s][58931][59018][trace] GC(0) _survivor_chunk_index=0, _survivor_chunk_capacity=10240
[2024-05-14T13:40:33.443+0530][68.513s][58931][59018][info ] GC(0) Pause Remark 131M->131M(1480M) 80.997ms
[2024-05-14T13:40:33.449+0530][68.519s][58931][59018][info ] Leaving safepoint region
[2024-05-14T13:40:33.450+0530][68.519s][58931][59018][info ] Total time for which application threads were stopped: 0.0917345 seconds, Stopping threads took: 0.0008857 seconds
[2024-05-14T13:40:33.498+0530][68.597s][58931][59017][info ] GC(0) Concurrent Sweep
[2024-05-14T13:40:33.693+0530][68.827s][58931][59017][info ] GC(0) Concurrent Sweep 175.230ms
[2024-05-14T13:40:33.808+0530][68.878s][58931][59017][info ] GC(0) Concurrent Reset
[2024-05-14T13:40:33.817+0530][68.886s][58931][59017][info ] GC(0) Concurrent Reset 9.362ms
[2024-05-14T13:40:33.818+0530][68.886s][58931][59017][info ] GC(0) Old: 0K->0K(1331200K)
[2024-05-14T13:40:34.470+0530][69.559s][58931][59018][info ] Application time: 1.0096720 seconds
[2024-05-14T13:40:35.776+0530][70.847s][58931][59018][info ] Entering safepoint region: Cleanup
[2024-05-14T13:40:35.785+0530][70.854s][58931][59018][info ] Leaving safepoint region
[2024-05-14T13:40:35.786+0530][70.854s][58931][59018][info ] Total time for which application threads were stopped: 1.2201010 seconds, Stopping threads took: 1.2146462 seconds
[2024-05-14T13:40:35.883+0530][70.952s][58931][59018][info ] Application time: 0.0973206 seconds
[2024-05-14T13:40:35.884+0530][70.953s][58931][59018][info ] Entering safepoint region: Deoptimize
[2024-05-14T13:40:35.902+0530][70.986s][58931][59018][info ] Leaving safepoint region
[2024-05-14T13:40:36.017+0530][71.109s][58931][59018][info ] Total time for which application threads were stopped: 0.1161554 seconds, Stopping threads took: 0.0001670 seconds
[2024-05-14T13:40:37.169+0530][72.254s][58931][59018][info ] Application time: 1.0383782 seconds
[2024-05-14T13:40:37.290+0530][72.384s][58931][59018][info ] Entering safepoint region: Cleanup
[2024-05-14T13:40:37.645+0530][72.730s][58931][59018][info ] Leaving safepoint region
[2024-05-14T13:40:37.728+0530][72.814s][58931][59018][info ] Total time for which application threads were stopped: 0.4484587 seconds, Stopping threads took: 0.1488693 seconds
[2024-05-14T13:40:37.955+0530][73.025s][58931][59018][info ] Application time: 0.1238538 seconds
[2024-05-14T13:40:37.960+0530][73.029s][58931][59018][info ] Entering safepoint region: Deoptimize
[2024-05-14T13:40:38.133+0530][73.216s][58931][59018][info ] Leaving safepoint region
[2024-05-14T13:40:38.217+0530][73.328s][58931][59018][info ] Total time for which application threads were stopped: 0.2423547 seconds, Stopping threads took: 0.0010417 seconds
[2024-05-14T13:40:39.373+0530][74.458s][58931][59018][info ] Application time: 1.0328756 seconds
[2024-05-14T13:40:39.474+0530][74.553s][58931][59018][info ] Entering safepoint region: Cleanup
[2024-05-14T13:40:39.628+0530][74.699s][58931][59018][info ] Leaving safepoint region
[2024-05-14T13:40:39.633+0530][74.702s][58931][59018][info ] Total time for which application threads were stopped: 0.2202832 seconds, Stopping threads took: 0.1222153 seconds
[2024-05-14T13:40:40.642+0530][75.714s][58931][59018][info ] Application time: 1.0035087 seconds
[2024-05-14T13:40:40.898+0530][76.002s][58931][59018][info ] Entering safepoint region: Cleanup
[2024-05-14T13:40:41.605+0530][76.716s][58931][59018][info ] Leaving safepoint region
[2024-05-14T13:40:41.668+0530][76.739s][58931][59018][info ] Total time for which application threads were stopped: 1.0141097 seconds, Stopping threads took: 0.4893445 seconds
[2024-05-14T13:40:42.681+0530][77.754s][58931][59018][info ] Application time: 1.0046671 seconds
[2024-05-14T13:40:42.755+0530][77.826s][58931][59018][info ] Entering safepoint region: Cleanup
[2024-05-14T13:40:42.762+0530][77.831s][58931][59018][info ] Leaving safepoint region
[2024-05-14T13:40:42.762+0530][77.831s][58931][59018][info ] Total time for which application threads were stopped: 0.0746508 seconds, Stopping threads took: 0.0721019 seconds
[2024-05-14T13:40:43.784+0530][78.908s][58931][59018][info ] Application time: 1.0078711 seconds
[2024-05-14T13:40:43.845+0530][78.939s][58931][59017][trace] CMS: promo attempt is safe: available(1363148800) >= av_promo(0), max_promo(141118400)
[2024-05-14T13:40:43.974+0530][79.061s][58931][59018][info ] Entering safepoint region: Cleanup
[2024-05-14T13:40:44.026+0530][79.111s][58931][59018][info ] Leaving safepoint region
[2024-05-14T13:40:44.121+0530][79.211s][58931][59018][info ] Total time for which application threads were stopped: 0.2199785 seconds, Stopping threads took: 0.1280289 seconds
[2024-05-14T13:40:45.269+0530][80.359s][58931][59018][info ] Application time: 1.0166453 seconds
[2024-05-14T13:40:46.477+0530][81.563s][58931][59018][info ] Entering safepoint region: Cleanup
[2024-05-14T13:40:46.731+0530][81.810s][58931][59018][info ] Leaving safepoint region
[2024-05-14T13:40:46.818+0530][81.905s][58931][59018][info ] Total time for which application threads were stopped: 1.3693798 seconds, Stopping threads took: 1.0937244 seconds
[2024-05-14T13:40:47.915+0530][83.014s][58931][59018][info ] Application time: 1.0090649 seconds
[2024-05-14T13:40:48.102+0530][83.188s][58931][59018][info ] Entering safepoint region: Cleanup
[2024-05-14T13:40:48.225+0530][83.310s][58931][59018][info ] Leaving safepoint region
[2024-05-14T13:40:48.314+0530][83.391s][58931][59018][info ] Total time for which application threads were stopped: 0.2476935 seconds, Stopping threads took: 0.1041020 seconds
[2024-05-14T13:40:49.421+0530][84.530s][58931][59018][info ] Application time: 1.0130013 seconds
[2024-05-14T13:40:49.534+0530][84.611s][58931][59018][info ] Entering safepoint region: Cleanup
[2024-05-14T13:40:49.574+0530][84.644s][58931][59018][info ] Leaving safepoint region
[2024-05-14T13:40:49.579+0530][84.649s][58931][59018][info ] Total time for which application threads were stopped: 0.0641468 seconds, Stopping threads took: 0.0425922 seconds
[2024-05-14T13:40:50.590+0530][85.672s][58931][59018][info ] Application time: 1.0053703 seconds
[2024-05-14T13:40:50.733+0530][85.935s][58931][59018][info ] Entering safepoint region: Cleanup
[2024-05-14T13:40:50.956+0530][86.035s][58931][59018][info ] Leaving safepoint region
[2024-05-14T13:40:50.985+0530][86.064s][58931][59018][info ] Total time for which application threads were stopped: 0.3626886 seconds, Stopping threads took: 0.2830047 seconds
[2024-05-14T13:40:52.072+0530][87.171s][58931][59018][info ] Application time: 1.0163505 seconds
[2024-05-14T13:40:52.369+0530][87.454s][58931][59018][info ] Entering safepoint region: Cleanup
[2024-05-14T13:40:52.400+0530][87.470s][58931][59018][info ] Leaving safepoint region
[2024-05-14T13:40:52.403+0530][87.472s][58931][59018][info ] Total time for which application threads were stopped: 0.2004275 seconds, Stopping threads took: 0.1885488 seconds
[2024-05-14T13:40:53.424+0530][88.511s][58931][59018][info ] Application time: 1.0073657 seconds
[2024-05-14T13:40:53.581+0530][88.666s][58931][59018][info ] Entering safepoint region: Cleanup
[2024-05-14T13:40:53.812+0530][88.888s][58931][59018][info ] Leaving safepoint region
[2024-05-14T13:40:53.825+0530][88.894s][58931][59018][info ] Total time for which application threads were stopped: 0.2832483 seconds, Stopping threads took: 0.1053752 seconds
[2024-05-14T13:40:53.936+0530][89.008s][58931][59017][trace] CMS: promo attempt is safe: available(1363148800) >= av_promo(0), max_promo(141118400)
[2024-05-14T13:40:54.854+0530][89.946s][58931][59018][info ] Application time: 1.0100767 seconds
[2024-05-14T13:40:55.059+0530][90.139s][58931][59018][info ] Entering safepoint region: Cleanup
[2024-05-14T13:40:55.184+0530][90.384s][58931][59018][info ] Leaving safepoint region
[2024-05-14T13:40:55.368+0530][90.445s][58931][59018][info ] Total time for which application threads were stopped: 0.4347637 seconds, Stopping threads took: 0.1741236 seconds
[2024-05-14T13:40:56.430+0530][91.512s][58931][59018][info ] Application time: 1.0090747 seconds
[2024-05-14T13:40:56.491+0530][91.566s][58931][59018][info ] Entering safepoint region: Cleanup
[2024-05-14T13:40:56.622+0530][91.698s][58931][59018][info ] Leaving safepoint region
[2024-05-14T13:40:56.674+0530][91.755s][58931][59018][info ] Total time for which application threads were stopped: 0.2018110 seconds, Stopping threads took: 0.0406916 seconds
[2024-05-14T13:40:57.725+0530][92.803s][58931][59018][info ] Application time: 1.0080091 seconds
[2024-05-14T13:40:57.768+0530][92.843s][58931][59018][info ] Entering safepoint region: Cleanup
[2024-05-14T13:40:57.933+0530][93.014s][58931][59018][info ] Leaving safepoint region
[2024-05-14T13:40:57.992+0530][93.075s][58931][59018][info ] Total time for which application threads were stopped: 0.2260506 seconds, Stopping threads took: 0.0325589 seconds
[2024-05-14T13:40:59.064+0530][94.284s][58931][59018][info ] Application time: 1.0139509 seconds
[2024-05-14T13:40:59.345+0530][94.425s][58931][59018][info ] Entering safepoint region: Cleanup
[2024-05-14T13:40:59.542+0530][94.622s][58931][59018][info ] Leaving safepoint region
[2024-05-14T13:40:59.602+0530][94.688s][58931][59018][info ] Total time for which application threads were stopped: 0.2730772 seconds, Stopping threads took: 0.0979523 seconds
[2024-05-14T13:41:00.666+0530][95.768s][58931][59018][info ] Application time: 1.0080559 seconds
[2024-05-14T13:41:01.118+0530][96.203s][58931][59018][info ] Entering safepoint region: Cleanup
[2024-05-14T13:41:01.349+0530][96.442s][58931][59018][info ] Leaving safepoint region
[2024-05-14T13:41:01.486+0530][96.574s][58931][59018][info ] Total time for which application threads were stopped: 0.6628395 seconds, Stopping threads took: 0.3885562 seconds
[2024-05-14T13:41:02.614+0530][97.711s][58931][59018][info ] Application time: 1.0098360 seconds
[2024-05-14T13:41:02.956+0530][98.039s][58931][59018][info ] Entering safepoint region: Cleanup
[2024-05-14T13:41:03.060+0530][98.141s][58931][59018][info ] Leaving safepoint region
[2024-05-14T13:41:03.077+0530][98.147s][58931][59018][info ] Total time for which application threads were stopped: 0.3213287 seconds, Stopping threads took: 0.2821463 seconds
[2024-05-14T13:41:03.952+0530][99.031s][58931][59017][trace] CMS: promo attempt is safe: available(1363148800) >= av_promo(0), max_promo(141118400)
[2024-05-14T13:41:04.113+0530][99.207s][58931][59018][info ] Application time: 1.0139631 seconds
[2024-05-14T13:41:04.261+0530][99.344s][58931][59018][info ] Entering safepoint region: Cleanup
[2024-05-14T13:41:04.423+0530][99.512s][58931][59018][info ] Leaving safepoint region
[2024-05-14T13:41:04.490+0530][99.573s][58931][59018][info ] Total time for which application threads were stopped: 0.2719450 seconds, Stopping threads took: 0.1103117 seconds
[2024-05-14T13:41:05.607+0530][100.709s][58931][59018][info ] Application time: 1.0143773 seconds
[2024-05-14T13:41:06.592+0530][101.673s][58931][59018][info ] Entering safepoint region: Cleanup
[2024-05-14T13:41:06.788+0530][101.864s][58931][59018][info ] Leaving safepoint region
[2024-05-14T13:41:06.840+0530][101.922s][58931][59018][info ] Total time for which application threads were stopped: 1.1228149 seconds, Stopping threads took: 0.9620659 seconds
[2024-05-14T13:41:07.913+0530][103.000s][58931][59018][info ] Application time: 1.0119428 seconds
[2024-05-14T13:41:08.002+0530][103.089s][58931][59018][info ] Entering safepoint region: Cleanup
[2024-05-14T13:41:08.336+0530][103.416s][58931][59018][info ] Leaving safepoint region
[2024-05-14T13:41:08.387+0530][103.469s][58931][59018][info ] Total time for which application threads were stopped: 0.3924225 seconds, Stopping threads took: 0.0909218 seconds
[2024-05-14T13:41:09.458+0530][104.546s][58931][59018][info ] Application time: 1.0056257 seconds
[2024-05-14T13:41:09.679+0530][104.760s][58931][59018][info ] Entering safepoint region: Cleanup
[2024-05-14T13:41:09.819+0530][104.899s][58931][59018][info ] Leaving safepoint region
[2024-05-14T13:41:09.873+0530][104.959s][58931][59018][info ] Total time for which application threads were stopped: 0.3107609 seconds, Stopping threads took: 0.1723658 seconds
[2024-05-14T13:41:10.941+0530][106.052s][58931][59018][info ] Application time: 1.0167431 seconds
[2024-05-14T13:41:11.894+0530][106.976s][58931][59018][info ] Entering safepoint region: Cleanup
[2024-05-14T13:41:12.216+0530][107.303s][58931][59018][info ] Leaving safepoint region
[2024-05-14T13:41:12.254+0530][107.331s][58931][59018][info ] Total time for which application threads were stopped: 1.1909602 seconds, Stopping threads took: 0.8853170 seconds
[2024-05-14T13:41:13.318+0530][108.422s][58931][59018][info ] Application time: 1.0071434 seconds
[2024-05-14T13:41:13.710+0530][108.808s][58931][59018][info ] Entering safepoint region: Cleanup
[2024-05-14T13:41:13.861+0530][108.934s][58931][59018][info ] Leaving safepoint region
[2024-05-14T13:41:13.879+0530][108.949s][58931][59018][info ] Total time for which application threads were stopped: 0.4758929 seconds, Stopping threads took: 0.4004128 seconds
[2024-05-14T13:41:13.993+0530][109.090s][58931][59017][trace] CMS: promo attempt is safe: available(1363148800) >= av_promo(0), max_promo(141118400)
[2024-05-14T13:41:14.901+0530][109.986s][58931][59018][info ] Application time: 1.0060857 seconds
[2024-05-14T13:41:15.225+0530][110.308s][58931][59018][info ] Entering safepoint region: Cleanup
[2024-05-14T13:41:15.541+0530][110.635s][58931][59018][info ] Leaving safepoint region
[2024-05-14T13:41:15.633+0530][110.720s][58931][59018][info ] Total time for which application threads were stopped: 0.6306453 seconds, Stopping threads took: 0.2713610 seconds
[2024-05-14T13:41:16.738+0530][111.827s][58931][59018][info ] Application time: 1.0114523 seconds
[2024-05-14T13:41:16.895+0530][111.988s][58931][59018][info ] Entering safepoint region: Cleanup
[2024-05-14T13:41:17.278+0530][112.364s][58931][59018][info ] Leaving safepoint region
[2024-05-14T13:41:17.378+0530][112.457s][58931][59018][info ] Total time for which application threads were stopped: 0.5066095 seconds, Stopping threads took: 0.1187086 seconds
[2024-05-14T13:41:18.480+0530][113.588s][58931][59018][info ] Application time: 1.0218737 seconds
[2024-05-14T13:41:18.723+0530][113.810s][58931][59018][info ] Entering safepoint region: Cleanup
[2024-05-14T13:41:19.025+0530][114.113s][58931][59018][info ] Leaving safepoint region
[2024-05-14T13:41:19.129+0530][114.216s][58931][59018][info ] Total time for which application threads were stopped: 0.4676454 seconds, Stopping threads took: 0.1631334 seconds
[2024-05-14T13:41:20.219+0530][115.303s][58931][59018][info ] Application time: 1.0132186 seconds
[2024-05-14T13:41:21.005+0530][116.096s][58931][59018][info ] Entering safepoint region: Cleanup
[2024-05-14T13:41:21.273+0530][116.359s][58931][59018][info ] Leaving safepoint region
[2024-05-14T13:41:21.359+0530][116.450s][58931][59018][info ] Total time for which application threads were stopped: 1.0201859 seconds, Stopping threads took: 0.7617009 seconds
[2024-05-14T13:41:22.488+0530][117.577s][58931][59018][info ] Application time: 1.0120971 seconds
[2024-05-14T13:41:23.252+0530][118.350s][58931][59018][info ] Entering safepoint region: Cleanup
[2024-05-14T13:41:23.508+0530][118.582s][58931][59018][info ] Leaving safepoint region
[2024-05-14T13:41:23.705+0530][118.804s][58931][59018][info ] Total time for which application threads were stopped: 1.1214069 seconds, Stopping threads took: 0.7730264 seconds
[2024-05-14T13:41:24.105+0530][119.220s][58931][59017][trace] CMS: promo attempt is safe: available(1363148800) >= av_promo(0), max_promo(141118400)
[2024-05-14T13:41:24.808+0530][119.906s][58931][59018][info ] Application time: 1.0084469 seconds
[2024-05-14T13:41:26.004+0530][121.075s][58931][59018][info ] Entering safepoint region: Cleanup
[2024-05-14T13:41:26.017+0530][121.086s][58931][59018][info ] Leaving safepoint region
[2024-05-14T13:41:26.017+0530][121.086s][58931][59018][info ] Total time for which application threads were stopped: 1.0740257 seconds, Stopping threads took: 1.0662950 seconds
[2024-05-14T13:41:27.031+0530][122.137s][58931][59018][info ] Application time: 1.0054609 seconds
[2024-05-14T13:41:27.898+0530][122.968s][58931][59018][info ] Entering safepoint region: Cleanup
[2024-05-14T13:41:27.907+0530][122.976s][58931][59018][info ] Leaving safepoint region
[2024-05-14T13:41:27.907+0530][122.976s][58931][59018][info ] Total time for which application threads were stopped: 0.7506739 seconds, Stopping threads took: 0.7457132 seconds
[2024-05-14T13:41:28.927+0530][124.043s][58931][59018][info ] Application time: 1.0083385 seconds
[2024-05-14T13:41:29.289+0530][124.380s][58931][59018][info ] Entering safepoint region: Cleanup
[2024-05-14T13:41:29.337+0530][124.407s][58931][59018][info ] Leaving safepoint region
[2024-05-14T13:41:29.343+0530][124.411s][58931][59018][info ] Total time for which application threads were stopped: 0.2970088 seconds, Stopping threads took: 0.2826784 seconds
[2024-05-14T13:41:30.360+0530][125.432s][58931][59018][info ] Application time: 1.0076361 seconds
[2024-05-14T13:41:30.371+0530][125.441s][58931][59018][info ] Entering safepoint region: Cleanup
[2024-05-14T13:41:30.379+0530][125.448s][58931][59018][info ] Leaving safepoint region
[2024-05-14T13:41:30.379+0530][125.448s][58931][59018][info ] Total time for which application threads were stopped: 0.0103250 seconds, Stopping threads took: 0.0039017 seconds
[2024-05-14T13:41:31.412+0530][126.513s][58931][59018][info ] Application time: 1.0103526 seconds
[2024-05-14T13:41:31.610+0530][126.695s][58931][59018][info ] Entering safepoint region: Cleanup
[2024-05-14T13:41:31.946+0530][127.091s][58931][59018][info ] Leaving safepoint region
[2024-05-14T13:41:32.186+0530][127.273s][58931][59018][info ] Total time for which application threads were stopped: 0.5797014 seconds, Stopping threads took: 0.1299680 seconds
[2024-05-14T13:41:33.350+0530][128.441s][58931][59018][info ] Application time: 1.0147466 seconds
[2024-05-14T13:41:33.474+0530][128.559s][58931][59018][info ] Entering safepoint region: Cleanup
[2024-05-14T13:41:33.513+0530][128.584s][58931][59018][info ] Leaving safepoint region
[2024-05-14T13:41:33.518+0530][128.586s][58931][59018][info ] Total time for which application threads were stopped: 0.0891851 seconds, Stopping threads took: 0.0704327 seconds
[2024-05-14T13:41:34.247+0530][129.342s][58931][59017][trace] CMS: promo attempt is safe: available(1363148800) >= av_promo(0), max_promo(147829344)
[2024-05-14T13:41:34.539+0530][129.641s][58931][59018][info ] Application time: 1.0068990 seconds
[2024-05-14T13:41:34.683+0530][129.772s][58931][59018][info ] Entering safepoint region: Cleanup
[2024-05-14T13:41:35.018+0530][130.114s][58931][59018][info ] Leaving safepoint region
[2024-05-14T13:41:35.122+0530][130.208s][58931][59018][info ] Total time for which application threads were stopped: 0.4498904 seconds, Stopping threads took: 0.1466389 seconds
[2024-05-14T13:41:36.224+0530][131.332s][58931][59018][info ] Application time: 1.0183368 seconds
[2024-05-14T13:41:36.433+0530][131.527s][58931][59018][info ] Entering safepoint region: Cleanup
[2024-05-14T13:41:36.867+0530][131.956s][58931][59018][info ] Leaving safepoint region
[2024-05-14T13:41:37.015+0530][132.097s][58931][59018][info ] Total time for which application threads were stopped: 0.6009201 seconds, Stopping threads took: 0.1003038 seconds
[2024-05-14T13:41:38.149+0530][133.328s][58931][59018][info ] Application time: 1.0168793 seconds
[2024-05-14T13:41:38.387+0530][133.467s][58931][59018][info ] Entering safepoint region: Cleanup
[2024-05-14T13:41:38.567+0530][133.657s][58931][59018][info ] Leaving safepoint region
[2024-05-14T13:41:38.686+0530][133.794s][58931][59018][info ] Total time for which application threads were stopped: 0.2981851 seconds, Stopping threads took: 0.1257064 seconds
[2024-05-14T13:41:39.852+0530][135.040s][58931][59018][info ] Application time: 1.0203012 seconds
[2024-05-14T13:41:41.521+0530][136.608s][58931][59018][info ] Entering safepoint region: Cleanup
[2024-05-14T13:41:41.841+0530][136.932s][58931][59018][info ] Leaving safepoint region
[2024-05-14T13:41:41.959+0530][137.050s][58931][59018][info ] Total time for which application threads were stopped: 1.8304599 seconds, Stopping threads took: 1.5424117 seconds
[2024-05-14T13:41:43.110+0530][138.209s][58931][59018][info ] Application time: 1.0278414 seconds
[2024-05-14T13:41:43.360+0530][138.464s][58931][59018][info ] Entering safepoint region: Cleanup
[2024-05-14T13:41:43.758+0530][138.857s][58931][59018][info ] Leaving safepoint region
[2024-05-14T13:41:43.916+0530][139.002s][58931][59018][info ] Total time for which application threads were stopped: 0.6197654 seconds, Stopping threads took: 0.2290384 seconds
[2024-05-14T13:41:44.401+0530][139.519s][58931][59017][trace] CMS: promo attempt is safe: available(1363148800) >= av_promo(0), max_promo(147829344)
[2024-05-14T13:41:45.005+0530][140.140s][58931][59018][info ] Application time: 1.0147782 seconds
[2024-05-14T13:41:45.259+0530][140.341s][58931][59018][info ] Entering safepoint region: Cleanup
[2024-05-14T13:41:45.469+0530][140.560s][58931][59018][info ] Leaving safepoint region
[2024-05-14T13:41:45.549+0530][140.638s][58931][59018][info ] Total time for which application threads were stopped: 0.3430092 seconds, Stopping threads took: 0.1338351 seconds
[2024-05-14T13:41:46.657+0530][141.758s][58931][59018][info ] Application time: 1.0101528 seconds
[2024-05-14T13:41:46.805+0530][141.903s][58931][59018][info ] Entering safepoint region: Cleanup
[2024-05-14T13:41:46.939+0530][142.028s][58931][59018][info ] Leaving safepoint region
[2024-05-14T13:41:47.042+0530][142.124s][58931][59018][info ] Total time for which application threads were stopped: 0.2495856 seconds, Stopping threads took: 0.1318550 seconds
[2024-05-14T13:41:48.185+0530][143.263s][58931][59018][info ] Application time: 1.0201833 seconds
[2024-05-14T13:41:48.406+0530][143.495s][58931][59018][info ] Entering safepoint region: Cleanup
[2024-05-14T13:41:48.777+0530][143.870s][58931][59018][info ] Leaving safepoint region
[2024-05-14T13:41:49.003+0530][144.087s][58931][59018][info ] Total time for which application threads were stopped: 0.7841592 seconds, Stopping threads took: 0.2999633 seconds
[2024-05-14T13:41:50.115+0530][145.203s][58931][59018][info ] Application time: 1.0281688 seconds
[2024-05-14T13:41:50.821+0530][145.911s][58931][59018][info ] Entering safepoint region: Cleanup
[2024-05-14T13:41:51.231+0530][146.346s][58931][59018][info ] Leaving safepoint region
[2024-05-14T13:41:51.366+0530][146.451s][58931][59018][info ] Total time for which application threads were stopped: 1.1187798 seconds, Stopping threads took: 0.6738994 seconds
[2024-05-14T13:41:52.504+0530][147.610s][58931][59018][info ] Application time: 1.0247004 seconds
[2024-05-14T13:41:52.832+0530][147.904s][58931][59018][info ] Entering safepoint region: Cleanup
[2024-05-14T13:41:52.841+0530][147.909s][58931][59018][info ] Leaving safepoint region
[2024-05-14T13:41:52.841+0530][147.910s][58931][59018][info ] Total time for which application threads were stopped: 0.1424496 seconds, Stopping threads took: 0.1390770 seconds
[2024-05-14T13:41:53.868+0530][148.940s][58931][59018][info ] Application time: 1.0103133 seconds
[2024-05-14T13:41:54.026+0530][149.099s][58931][59018][info ] Entering safepoint region: Cleanup
[2024-05-14T13:41:54.397+0530][149.492s][58931][59018][info ] Leaving safepoint region
[2024-05-14T13:41:54.517+0530][149.599s][58931][59018][info ] Total time for which application threads were stopped: 0.6083330 seconds, Stopping threads took: 0.3297166 seconds
[2024-05-14T13:41:54.697+0530][149.810s][58931][59017][trace] CMS: promo attempt is safe: available(1363148800) >= av_promo(0), max_promo(147829344)
