[2024-05-14T13:37:00.675+0530][0.060s][58783][58866][debug] Minimum heap 1572864000  Initial heap 1572864000  Maximum heap 1572864000
[2024-05-14T13:37:00.675+0530][0.060s][58783][58866][trace] 1: Minimum young 209715200  Initial young 209715200  Maximum young 209715200
[2024-05-14T13:37:00.675+0530][0.061s][58783][58866][trace] Minimum old 65536  Initial old 1363148800  Maximum old 1363148800
[2024-05-14T13:37:00.676+0530][0.061s][58783][58866][trace] Trying to allocate at address 0x00000000a2400000 heap of size 0x5dc00000
[2024-05-14T13:37:01.649+0530][1.035s][58783][58866][info ] Using Concurrent Mark Sweep
[2024-05-14T13:37:01.651+0530][1.037s][58783][58866][info ] Heap address: 0x00000000a2400000, size: 1500 MB, Compressed Oops mode: 32-bit
[2024-05-14T13:37:02.719+0530][2.105s][58783][58870][info ] Application time: 0.1810971 seconds
[2024-05-14T13:37:02.720+0530][2.105s][58783][58870][info ] Entering safepoint region: Cleanup
[2024-05-14T13:37:02.721+0530][2.107s][58783][58870][info ] Leaving safepoint region
[2024-05-14T13:37:02.721+0530][2.107s][58783][58870][info ] Total time for which application threads were stopped: 0.0015658 seconds, Stopping threads took: 0.0002149 seconds
[2024-05-14T13:37:02.878+0530][2.263s][58783][58870][info ] Application time: 0.1561942 seconds
[2024-05-14T13:37:02.878+0530][2.263s][58783][58870][info ] Entering safepoint region: Deoptimize
[2024-05-14T13:37:02.879+0530][2.264s][58783][58870][info ] Leaving safepoint region
[2024-05-14T13:37:02.879+0530][2.264s][58783][58870][info ] Total time for which application threads were stopped: 0.0006361 seconds, Stopping threads took: 0.0001501 seconds
[2024-05-14T13:37:02.887+0530][2.272s][58783][58870][info ] Application time: 0.0081583 seconds
[2024-05-14T13:37:02.887+0530][2.273s][58783][58870][info ] Entering safepoint region: Deoptimize
[2024-05-14T13:37:02.887+0530][2.273s][58783][58870][info ] Leaving safepoint region
[2024-05-14T13:37:02.888+0530][2.273s][58783][58870][info ] Total time for which application threads were stopped: 0.0003442 seconds, Stopping threads took: 0.0001555 seconds
[2024-05-14T13:37:02.939+0530][2.325s][58783][58870][info ] Application time: 0.0517322 seconds
[2024-05-14T13:37:02.940+0530][2.325s][58783][58870][info ] Entering safepoint region: Deoptimize
[2024-05-14T13:37:02.940+0530][2.325s][58783][58870][info ] Leaving safepoint region
[2024-05-14T13:37:02.940+0530][2.326s][58783][58870][info ] Total time for which application threads were stopped: 0.0004151 seconds, Stopping threads took: 0.0001784 seconds
[2024-05-14T13:37:03.940+0530][3.326s][58783][58870][info ] Application time: 1.0001510 seconds
[2024-05-14T13:37:03.941+0530][3.326s][58783][58870][info ] Entering safepoint region: Cleanup
[2024-05-14T13:37:03.941+0530][3.326s][58783][58870][info ] Leaving safepoint region
[2024-05-14T13:37:03.941+0530][3.327s][58783][58870][info ] Total time for which application threads were stopped: 0.0004816 seconds, Stopping threads took: 0.0002643 seconds
[2024-05-14T13:37:04.311+0530][3.696s][58783][58870][info ] Application time: 0.3685948 seconds
[2024-05-14T13:37:04.311+0530][3.697s][58783][58870][info ] Entering safepoint region: Deoptimize
[2024-05-14T13:37:04.312+0530][3.697s][58783][58870][info ] Leaving safepoint region
[2024-05-14T13:37:04.312+0530][3.697s][58783][58870][info ] Total time for which application threads were stopped: 0.0006796 seconds, Stopping threads took: 0.0001486 seconds
[2024-05-14T13:37:04.334+0530][3.720s][58783][58870][info ] Application time: 0.0225333 seconds
[2024-05-14T13:37:04.335+0530][3.720s][58783][58870][info ] Entering safepoint region: Deoptimize
[2024-05-14T13:37:04.335+0530][3.720s][58783][58870][info ] Leaving safepoint region
[2024-05-14T13:37:04.335+0530][3.721s][58783][58870][info ] Total time for which application threads were stopped: 0.0004508 seconds, Stopping threads took: 0.0001431 seconds
[2024-05-14T13:37:04.597+0530][3.983s][58783][58870][info ] Application time: 0.2615342 seconds
[2024-05-14T13:37:04.598+0530][3.984s][58783][58870][info ] Entering safepoint region: Deoptimize
[2024-05-14T13:37:04.600+0530][3.985s][58783][58870][info ] Leaving safepoint region
[2024-05-14T13:37:04.600+0530][3.985s][58783][58870][info ] Total time for which application threads were stopped: 0.0016890 seconds, Stopping threads took: 0.0001841 seconds
[2024-05-14T13:37:04.843+0530][4.229s][58783][58870][info ] Application time: 0.2432665 seconds
[2024-05-14T13:37:04.844+0530][4.229s][58783][58870][info ] Entering safepoint region: Deoptimize
[2024-05-14T13:37:04.844+0530][4.229s][58783][58870][info ] Leaving safepoint region
[2024-05-14T13:37:04.844+0530][4.230s][58783][58870][info ] Total time for which application threads were stopped: 0.0005531 seconds, Stopping threads took: 0.0001961 seconds
[2024-05-14T13:37:04.865+0530][4.251s][58783][58870][info ] Application time: 0.0209901 seconds
[2024-05-14T13:37:04.866+0530][4.251s][58783][58870][info ] Entering safepoint region: Deoptimize
[2024-05-14T13:37:04.866+0530][4.251s][58783][58870][info ] Leaving safepoint region
[2024-05-14T13:37:04.866+0530][4.252s][58783][58870][info ] Total time for which application threads were stopped: 0.0005275 seconds, Stopping threads took: 0.0001738 seconds
[2024-05-14T13:37:04.867+0530][4.252s][58783][58870][info ] Application time: 0.0005066 seconds
[2024-05-14T13:37:04.867+0530][4.252s][58783][58870][info ] Entering safepoint region: Deoptimize
[2024-05-14T13:37:04.867+0530][4.253s][58783][58870][info ] Leaving safepoint region
[2024-05-14T13:37:04.868+0530][4.253s][58783][58870][info ] Total time for which application threads were stopped: 0.0005666 seconds, Stopping threads took: 0.0001421 seconds
[2024-05-14T13:37:04.989+0530][4.374s][58783][58870][info ] Application time: 0.1197288 seconds
[2024-05-14T13:37:04.989+0530][4.374s][58783][58870][info ] Entering safepoint region: Deoptimize
[2024-05-14T13:37:04.992+0530][4.377s][58783][58870][info ] Leaving safepoint region
[2024-05-14T13:37:04.992+0530][4.377s][58783][58870][info ] Total time for which application threads were stopped: 0.0029619 seconds, Stopping threads took: 0.0001638 seconds
[2024-05-14T13:37:05.059+0530][4.445s][58783][58870][info ] Application time: 0.0672456 seconds
[2024-05-14T13:37:05.060+0530][4.445s][58783][58870][info ] Entering safepoint region: Deoptimize
[2024-05-14T13:37:05.060+0530][4.445s][58783][58870][info ] Leaving safepoint region
[2024-05-14T13:37:05.060+0530][4.446s][58783][58870][info ] Total time for which application threads were stopped: 0.0005899 seconds, Stopping threads took: 0.0001888 seconds
[2024-05-14T13:37:05.206+0530][4.592s][58783][58870][info ] Application time: 0.1436711 seconds
[2024-05-14T13:37:05.207+0530][4.592s][58783][58870][info ] Entering safepoint region: Deoptimize
[2024-05-14T13:37:05.210+0530][4.596s][58783][58870][info ] Leaving safepoint region
[2024-05-14T13:37:05.210+0530][4.596s][58783][58870][info ] Total time for which application threads were stopped: 0.0037515 seconds, Stopping threads took: 0.0001766 seconds
[2024-05-14T13:37:05.777+0530][5.158s][58783][58870][info ] Application time: 0.5612459 seconds
[2024-05-14T13:37:05.779+0530][5.160s][58783][58870][info ] Entering safepoint region: Deoptimize
[2024-05-14T13:37:05.783+0530][5.166s][58783][58870][info ] Leaving safepoint region
[2024-05-14T13:37:05.786+0530][5.167s][58783][58870][info ] Total time for which application threads were stopped: 0.0073152 seconds, Stopping threads took: 0.0005533 seconds
[2024-05-14T13:37:05.924+0530][5.305s][58783][58870][info ] Application time: 0.1368620 seconds
[2024-05-14T13:37:05.924+0530][5.305s][58783][58870][info ] Entering safepoint region: CollectForMetadataAllocation
[2024-05-14T13:37:05.925+0530][5.307s][58783][58870][info ] Leaving safepoint region
[2024-05-14T13:37:05.926+0530][5.307s][58783][58870][info ] Total time for which application threads were stopped: 0.0014147 seconds, Stopping threads took: 0.0003757 seconds
[2024-05-14T13:37:06.166+0530][5.549s][58783][58870][info ] Application time: 0.2387001 seconds
[2024-05-14T13:37:06.170+0530][5.551s][58783][58870][info ] Entering safepoint region: CollectForMetadataAllocation
[2024-05-14T13:37:06.172+0530][5.553s][58783][58870][info ] Leaving safepoint region
[2024-05-14T13:37:06.172+0530][5.553s][58783][58870][info ] Total time for which application threads were stopped: 0.0025260 seconds, Stopping threads took: 0.0002510 seconds
[2024-05-14T13:37:06.383+0530][5.766s][58783][58870][info ] Application time: 0.2085197 seconds
[2024-05-14T13:37:06.387+0530][5.768s][58783][58870][info ] Entering safepoint region: CollectForMetadataAllocation
[2024-05-14T13:37:06.391+0530][5.772s][58783][58870][info ] Leaving safepoint region
[2024-05-14T13:37:06.391+0530][5.772s][58783][58870][info ] Total time for which application threads were stopped: 0.0045231 seconds, Stopping threads took: 0.0002094 seconds
[2024-05-14T13:37:06.392+0530][5.773s][58783][58870][info ] Application time: 0.0005967 seconds
[2024-05-14T13:37:06.398+0530][5.779s][58783][58870][info ] Entering safepoint region: CollectForMetadataAllocation
[2024-05-14T13:37:06.398+0530][5.779s][58783][58870][info ] Leaving safepoint region
[2024-05-14T13:37:06.398+0530][5.779s][58783][58870][info ] Total time for which application threads were stopped: 0.0057563 seconds, Stopping threads took: 0.0055451 seconds
[2024-05-14T13:37:06.681+0530][6.064s][58783][58870][info ] Application time: 0.2808364 seconds
[2024-05-14T13:37:06.685+0530][6.066s][58783][58870][info ] Entering safepoint region: CollectForMetadataAllocation
[2024-05-14T13:37:06.693+0530][6.076s][58783][58870][info ] Leaving safepoint region
[2024-05-14T13:37:06.696+0530][6.077s][58783][58870][info ] Total time for which application threads were stopped: 0.0122211 seconds, Stopping threads took: 0.0010883 seconds
[2024-05-14T13:37:06.831+0530][6.214s][58783][58870][info ] Application time: 0.1319545 seconds
[2024-05-14T13:37:06.834+0530][6.215s][58783][58870][info ] Entering safepoint region: CollectForMetadataAllocation
[2024-05-14T13:37:06.839+0530][6.220s][58783][58870][info ] Leaving safepoint region
[2024-05-14T13:37:06.839+0530][6.220s][58783][58870][info ] Total time for which application threads were stopped: 0.0052792 seconds, Stopping threads took: 0.0002916 seconds
[2024-05-14T13:37:06.841+0530][6.222s][58783][58870][info ] Application time: 0.0014611 seconds
[2024-05-14T13:37:06.862+0530][6.245s][58783][58870][info ] Entering safepoint region: CollectForMetadataAllocation
[2024-05-14T13:37:06.874+0530][6.255s][58783][58870][info ] Leaving safepoint region
[2024-05-14T13:37:06.874+0530][6.255s][58783][58870][info ] Total time for which application threads were stopped: 0.0328575 seconds, Stopping threads took: 0.0255382 seconds
[2024-05-14T13:37:07.157+0530][6.539s][58783][58870][info ] Application time: 0.2801631 seconds
[2024-05-14T13:37:07.160+0530][6.541s][58783][58870][info ] Entering safepoint region: CollectForMetadataAllocation
[2024-05-14T13:37:07.171+0530][6.553s][58783][58870][info ] Leaving safepoint region
[2024-05-14T13:37:07.173+0530][6.554s][58783][58870][info ] Total time for which application threads were stopped: 0.0129033 seconds, Stopping threads took: 0.0002697 seconds
[2024-05-14T13:37:07.174+0530][6.555s][58783][58870][info ] Application time: 0.0007991 seconds
[2024-05-14T13:37:07.183+0530][6.565s][58783][58870][info ] Entering safepoint region: CollectForMetadataAllocation
[2024-05-14T13:37:07.185+0530][6.566s][58783][58870][info ] Leaving safepoint region
[2024-05-14T13:37:07.185+0530][6.566s][58783][58870][info ] Total time for which application threads were stopped: 0.0111837 seconds, Stopping threads took: 0.0096008 seconds
[2024-05-14T13:37:07.604+0530][6.987s][58783][58870][info ] Application time: 0.4172506 seconds
[2024-05-14T13:37:07.608+0530][6.989s][58783][58870][info ] Entering safepoint region: CollectForMetadataAllocation
[2024-05-14T13:37:07.615+0530][6.996s][58783][58870][info ] Leaving safepoint region
[2024-05-14T13:37:07.615+0530][6.996s][58783][58870][info ] Total time for which application threads were stopped: 0.0076304 seconds, Stopping threads took: 0.0002235 seconds
[2024-05-14T13:37:07.617+0530][6.998s][58783][58870][info ] Application time: 0.0013646 seconds
[2024-05-14T13:37:07.631+0530][7.012s][58783][58870][info ] Entering safepoint region: CollectForMetadataAllocation
[2024-05-14T13:37:07.631+0530][7.012s][58783][58870][info ] Leaving safepoint region
[2024-05-14T13:37:07.631+0530][7.012s][58783][58870][info ] Total time for which application threads were stopped: 0.0141908 seconds, Stopping threads took: 0.0139407 seconds
[2024-05-14T13:37:07.910+0530][7.294s][58783][58870][info ] Application time: 0.2766327 seconds
[2024-05-14T13:37:07.915+0530][7.296s][58783][58870][info ] Entering safepoint region: CollectForMetadataAllocation
[2024-05-14T13:37:07.918+0530][7.299s][58783][58870][info ] Leaving safepoint region
[2024-05-14T13:37:07.918+0530][7.300s][58783][58870][info ] Total time for which application threads were stopped: 0.0036942 seconds, Stopping threads took: 0.0002910 seconds
[2024-05-14T13:37:07.919+0530][7.300s][58783][58870][info ] Application time: 0.0006065 seconds
[2024-05-14T13:37:07.921+0530][7.302s][58783][58870][info ] Entering safepoint region: CollectForMetadataAllocation
[2024-05-14T13:37:07.921+0530][7.302s][58783][58870][info ] Leaving safepoint region
[2024-05-14T13:37:07.922+0530][7.303s][58783][58870][info ] Total time for which application threads were stopped: 0.0020835 seconds, Stopping threads took: 0.0018358 seconds
[2024-05-14T13:37:08.128+0530][7.510s][58783][58870][info ] Application time: 0.2042156 seconds
[2024-05-14T13:37:08.133+0530][7.514s][58783][58870][info ] Entering safepoint region: Deoptimize
[2024-05-14T13:37:08.138+0530][7.519s][58783][58870][info ] Leaving safepoint region
[2024-05-14T13:37:08.138+0530][7.519s][58783][58870][info ] Total time for which application threads were stopped: 0.0076645 seconds, Stopping threads took: 0.0029500 seconds
[2024-05-14T13:37:08.167+0530][7.549s][58783][58870][info ] Application time: 0.0282053 seconds
[2024-05-14T13:37:08.174+0530][7.556s][58783][58870][info ] Entering safepoint region: CollectForMetadataAllocation
[2024-05-14T13:37:08.185+0530][7.566s][58783][58870][info ] Leaving safepoint region
[2024-05-14T13:37:08.185+0530][7.566s][58783][58870][info ] Total time for which application threads were stopped: 0.0158627 seconds, Stopping threads took: 0.0071643 seconds
[2024-05-14T13:37:08.464+0530][7.847s][58783][58870][info ] Application time: 0.2772468 seconds
[2024-05-14T13:37:08.468+0530][7.849s][58783][58870][info ] Entering safepoint region: CollectForMetadataAllocation
[2024-05-14T13:37:08.471+0530][7.852s][58783][58870][info ] Leaving safepoint region
[2024-05-14T13:37:08.471+0530][7.852s][58783][58870][info ] Total time for which application threads were stopped: 0.0029476 seconds, Stopping threads took: 0.0001773 seconds
[2024-05-14T13:37:08.924+0530][8.311s][58783][58870][info ] Application time: 0.4510534 seconds
[2024-05-14T13:37:08.939+0530][8.321s][58783][58870][info ] Entering safepoint region: Deoptimize
[2024-05-14T13:37:08.957+0530][8.342s][58783][58870][info ] Leaving safepoint region
[2024-05-14T13:37:08.967+0530][8.348s][58783][58870][info ] Total time for which application threads were stopped: 0.0326932 seconds, Stopping threads took: 0.0060336 seconds
[2024-05-14T13:37:09.974+0530][9.358s][58783][58870][info ] Application time: 1.0030192 seconds
[2024-05-14T13:37:09.981+0530][9.362s][58783][58870][info ] Entering safepoint region: Cleanup
[2024-05-14T13:37:09.988+0530][9.371s][58783][58870][info ] Leaving safepoint region
[2024-05-14T13:37:09.991+0530][9.372s][58783][58870][info ] Total time for which application threads were stopped: 0.0135278 seconds, Stopping threads took: 0.0042060 seconds
[2024-05-14T13:37:10.543+0530][9.926s][58783][58870][info ] Application time: 0.5493315 seconds
[2024-05-14T13:37:10.548+0530][9.930s][58783][58870][info ] Entering safepoint region: CollectForMetadataAllocation
[2024-05-14T13:37:10.564+0530][9.947s][58783][58870][info ] Leaving safepoint region
[2024-05-14T13:37:10.568+0530][9.950s][58783][58870][info ] Total time for which application threads were stopped: 0.0225825 seconds, Stopping threads took: 0.0028326 seconds
[2024-05-14T13:37:11.574+0530][10.956s][58783][58870][info ] Application time: 1.0038854 seconds
[2024-05-14T13:37:11.594+0530][10.975s][58783][58870][info ] Entering safepoint region: Cleanup
[2024-05-14T13:37:11.639+0530][11.022s][58783][58870][info ] Leaving safepoint region
[2024-05-14T13:37:11.643+0530][11.024s][58783][58870][info ] Total time for which application threads were stopped: 0.0667660 seconds, Stopping threads took: 0.0202749 seconds
[2024-05-14T13:37:11.769+0530][11.154s][58783][58869][trace] CMS: promo attempt is safe: available(1363148800) >= av_promo(0), max_promo(144415256)
[2024-05-14T13:37:11.786+0530][11.173s][58783][58870][info ] Application time: 0.1406243 seconds
[2024-05-14T13:37:11.814+0530][11.198s][58783][58870][info ] Entering safepoint region: CMS_Initial_Mark
[2024-05-14T13:37:11.853+0530][11.237s][58783][58870][trace] GC(0) eden 0x00000000a2400000-0x00000000aadb9a18-0x00000000ac400000(167772160)
[2024-05-14T13:37:11.861+0530][11.242s][58783][58870][trace] GC(0) _eden_chunk_index=0, _eden_chunk_capacity=11521
[2024-05-14T13:37:11.861+0530][11.242s][58783][58870][trace] GC(0) survivor 0x00000000ac400000-0x00000000ac400000-0x00000000ad800000(20971520)
[2024-05-14T13:37:11.861+0530][11.242s][58783][58870][trace] GC(0) _survivor_chunk_index=0, _survivor_chunk_capacity=10240
[2024-05-14T13:37:11.953+0530][11.336s][58783][58870][info ] GC(0) Pause Initial Mark 137M->137M(1480M) 102.813ms
[2024-05-14T13:37:11.958+0530][11.341s][58783][58870][info ] Leaving safepoint region
[2024-05-14T13:37:11.962+0530][11.344s][58783][58870][info ] Total time for which application threads were stopped: 0.1657418 seconds, Stopping threads took: 0.0272289 seconds
[2024-05-14T13:37:11.969+0530][11.350s][58783][58869][info ] GC(0) Concurrent Mark
[2024-05-14T13:37:12.005+0530][11.390s][58783][58869][info ] GC(0) Concurrent Mark 29.710ms
[2024-05-14T13:37:12.014+0530][11.399s][58783][58869][info ] GC(0) Concurrent Preclean
[2024-05-14T13:37:12.034+0530][11.418s][58783][58869][info ] GC(0) Concurrent Preclean 20.554ms
[2024-05-14T13:37:12.037+0530][11.418s][58783][58869][info ] GC(0) Concurrent Abortable Preclean
[2024-05-14T13:37:12.039+0530][11.420s][58783][58869][trace] CMS: promo attempt is safe: available(1363148800) >= av_promo(0), max_promo(144415256)
[2024-05-14T13:37:12.144+0530][11.527s][58783][58869][trace] CMS: promo attempt is safe: available(1363148800) >= av_promo(0), max_promo(144415256)
[2024-05-14T13:37:12.266+0530][11.649s][58783][58869][trace] CMS: promo attempt is safe: available(1363148800) >= av_promo(0), max_promo(144415256)
[2024-05-14T13:37:12.375+0530][11.759s][58783][58869][trace] CMS: promo attempt is safe: available(1363148800) >= av_promo(0), max_promo(144415256)
[2024-05-14T13:37:12.496+0530][11.887s][58783][58869][trace] CMS: promo attempt is safe: available(1363148800) >= av_promo(0), max_promo(144415256)
[2024-05-14T13:37:12.618+0530][12.002s][58783][58869][trace] CMS: promo attempt is safe: available(1363148800) >= av_promo(0), max_promo(144415256)
[2024-05-14T13:37:12.744+0530][12.127s][58783][58869][trace] CMS: promo attempt is safe: available(1363148800) >= av_promo(0), max_promo(147771840)
[2024-05-14T13:37:12.855+0530][12.241s][58783][58869][trace] CMS: promo attempt is safe: available(1363148800) >= av_promo(0), max_promo(147771840)
[2024-05-14T13:37:12.970+0530][12.353s][58783][58870][info ] Application time: 1.0037805 seconds
[2024-05-14T13:37:12.977+0530][12.361s][58783][58870][info ] Entering safepoint region: Cleanup
[2024-05-14T13:37:12.979+0530][12.361s][58783][58869][trace] CMS: promo attempt is safe: available(1363148800) >= av_promo(0), max_promo(147771840)
[2024-05-14T13:37:12.985+0530][12.366s][58783][58870][info ] Leaving safepoint region
[2024-05-14T13:37:12.986+0530][12.367s][58783][58870][info ] Total time for which application threads were stopped: 0.0103284 seconds, Stopping threads took: 0.0053426 seconds
[2024-05-14T13:37:12.988+0530][12.370s][58783][58870][info ] Application time: 0.0027010 seconds
[2024-05-14T13:37:13.038+0530][12.433s][58783][58870][info ] Entering safepoint region: CollectForMetadataAllocation
[2024-05-14T13:37:13.069+0530][12.456s][58783][58870][info ] Leaving safepoint region
[2024-05-14T13:37:13.084+0530][12.467s][58783][58870][info ] Total time for which application threads were stopped: 0.0953162 seconds, Stopping threads took: 0.0678134 seconds
[2024-05-14T13:37:13.088+0530][12.469s][58783][58869][trace] CMS: promo attempt is safe: available(1363148800) >= av_promo(0), max_promo(147771840)
[2024-05-14T13:37:13.200+0530][12.586s][58783][58869][trace] CMS: promo attempt is safe: available(1363148800) >= av_promo(0), max_promo(147771840)
[2024-05-14T13:37:13.319+0530][12.706s][58783][58869][trace] CMS: promo attempt is safe: available(1363148800) >= av_promo(0), max_promo(147771840)
[2024-05-14T13:37:13.443+0530][12.826s][58783][58869][trace] CMS: promo attempt is safe: available(1363148800) >= av_promo(0), max_promo(147771840)
[2024-05-14T13:37:13.556+0530][12.940s][58783][58869][trace] CMS: promo attempt is safe: available(1363148800) >= av_promo(0), max_promo(147771840)
[2024-05-14T13:37:13.671+0530][13.056s][58783][58869][trace] CMS: promo attempt is safe: available(1363148800) >= av_promo(0), max_promo(147771840)
[2024-05-14T13:37:13.786+0530][13.172s][58783][58869][trace] CMS: promo attempt is safe: available(1363148800) >= av_promo(0), max_promo(147771840)
[2024-05-14T13:37:13.908+0530][13.293s][58783][58869][trace] CMS: promo attempt is safe: available(1363148800) >= av_promo(0), max_promo(147771840)
[2024-05-14T13:37:14.021+0530][13.405s][58783][58869][trace] CMS: promo attempt is safe: available(1363148800) >= av_promo(0), max_promo(147771840)
[2024-05-14T13:37:14.096+0530][13.481s][58783][58870][info ] Application time: 1.0037566 seconds
[2024-05-14T13:37:14.104+0530][13.486s][58783][58870][info ] Entering safepoint region: Cleanup
[2024-05-14T13:37:14.120+0530][13.504s][58783][58870][info ] Leaving safepoint region
[2024-05-14T13:37:14.125+0530][13.506s][58783][58870][info ] Total time for which application threads were stopped: 0.0228417 seconds, Stopping threads took: 0.0024790 seconds
[2024-05-14T13:37:14.129+0530][13.511s][58783][58869][trace] CMS: promo attempt is safe: available(1363148800) >= av_promo(0), max_promo(147771840)
[2024-05-14T13:37:14.256+0530][13.643s][58783][58869][trace] CMS: promo attempt is safe: available(1363148800) >= av_promo(0), max_promo(147771840)
[2024-05-14T13:37:14.385+0530][13.771s][58783][58869][trace] CMS: promo attempt is safe: available(1363148800) >= av_promo(0), max_promo(147771840)
[2024-05-14T13:37:14.502+0530][13.885s][58783][58869][trace] CMS: promo attempt is safe: available(1363148800) >= av_promo(0), max_promo(147771840)
[2024-05-14T13:37:14.543+0530][13.926s][58783][58870][info ] Application time: 0.4154354 seconds
[2024-05-14T13:37:14.564+0530][13.947s][58783][58870][info ] Entering safepoint region: Deoptimize
[2024-05-14T13:37:14.590+0530][13.973s][58783][58870][info ] Leaving safepoint region
[2024-05-14T13:37:14.594+0530][13.975s][58783][58870][info ] Total time for which application threads were stopped: 0.0469810 seconds, Stopping threads took: 0.0221535 seconds
[2024-05-14T13:37:14.596+0530][13.977s][58783][58869][trace] CMS: promo attempt is safe: available(1363148800) >= av_promo(0), max_promo(147771840)
[2024-05-14T13:37:14.706+0530][14.089s][58783][58869][trace] CMS: promo attempt is safe: available(1363148800) >= av_promo(0), max_promo(147771840)
[2024-05-14T13:37:14.824+0530][14.207s][58783][58869][trace] CMS: promo attempt is safe: available(1363148800) >= av_promo(0), max_promo(147771840)
[2024-05-14T13:37:14.936+0530][14.318s][58783][58869][trace] CMS: promo attempt is safe: available(1363148800) >= av_promo(0), max_promo(147771840)
[2024-05-14T13:37:15.046+0530][14.430s][58783][58869][trace] CMS: promo attempt is safe: available(1363148800) >= av_promo(0), max_promo(147771840)
[2024-05-14T13:37:15.168+0530][14.552s][58783][58869][trace] CMS: promo attempt is safe: available(1363148800) >= av_promo(0), max_promo(147771840)
[2024-05-14T13:37:15.285+0530][14.669s][58783][58869][trace] CMS: promo attempt is safe: available(1363148800) >= av_promo(0), max_promo(147771840)
[2024-05-14T13:37:15.404+0530][14.788s][58783][58869][trace] CMS: promo attempt is safe: available(1363148800) >= av_promo(0), max_promo(147771840)
[2024-05-14T13:37:15.524+0530][14.908s][58783][58869][trace] CMS: promo attempt is safe: available(1363148800) >= av_promo(0), max_promo(147771840)
[2024-05-14T13:37:15.601+0530][14.994s][58783][58870][info ] Application time: 1.0031755 seconds
[2024-05-14T13:37:15.618+0530][15.001s][58783][58870][info ] Entering safepoint region: Cleanup
[2024-05-14T13:37:15.631+0530][15.015s][58783][58870][info ] Leaving safepoint region
[2024-05-14T13:37:15.636+0530][15.017s][58783][58869][trace] CMS: promo attempt is safe: available(1363148800) >= av_promo(0), max_promo(147771840)
[2024-05-14T13:37:15.637+0530][15.018s][58783][58870][info ] Total time for which application threads were stopped: 0.0204286 seconds, Stopping threads took: 0.0038894 seconds
[2024-05-14T13:37:15.750+0530][15.132s][58783][58869][trace] CMS: promo attempt is safe: available(1363148800) >= av_promo(0), max_promo(147771840)
[2024-05-14T13:37:15.862+0530][15.245s][58783][58869][trace] CMS: promo attempt is safe: available(1363148800) >= av_promo(0), max_promo(147771840)
[2024-05-14T13:37:15.980+0530][15.377s][58783][58869][trace] CMS: promo attempt is safe: available(1363148800) >= av_promo(0), max_promo(147771840)
[2024-05-14T13:37:16.108+0530][15.499s][58783][58869][trace] CMS: promo attempt is safe: available(1363148800) >= av_promo(0), max_promo(147771840)
[2024-05-14T13:37:16.243+0530][15.628s][58783][58869][trace] CMS: promo attempt is safe: available(1363148800) >= av_promo(0), max_promo(147771840)
[2024-05-14T13:37:16.361+0530][15.746s][58783][58869][trace] CMS: promo attempt is safe: available(1363148800) >= av_promo(0), max_promo(147771840)
[2024-05-14T13:37:16.480+0530][15.863s][58783][58869][trace] CMS: promo attempt is safe: available(1363148800) >= av_promo(0), max_promo(147771840)
[2024-05-14T13:37:16.595+0530][15.978s][58783][58869][trace] CMS: promo attempt is safe: available(1363148800) >= av_promo(0), max_promo(147771840)
[2024-05-14T13:37:16.643+0530][16.032s][58783][58870][info ] Application time: 1.0013919 seconds
[2024-05-14T13:37:16.662+0530][16.044s][58783][58870][info ] Entering safepoint region: Cleanup
[2024-05-14T13:37:16.670+0530][16.055s][58783][58870][info ] Leaving safepoint region
[2024-05-14T13:37:16.678+0530][16.059s][58783][58870][info ] Total time for which application threads were stopped: 0.0175183 seconds, Stopping threads took: 0.0026820 seconds
[2024-05-14T13:37:16.681+0530][16.062s][58783][58869][trace] CMS: promo attempt is safe: available(1363148800) >= av_promo(0), max_promo(147771840)
[2024-05-14T13:37:16.791+0530][16.174s][58783][58869][trace] CMS: promo attempt is safe: available(1363148800) >= av_promo(0), max_promo(147771840)
[2024-05-14T13:37:16.909+0530][16.293s][58783][58869][trace] CMS: promo attempt is safe: available(1363148800) >= av_promo(0), max_promo(147771840)
[2024-05-14T13:37:17.026+0530][16.412s][58783][58869][trace] CMS: promo attempt is safe: available(1363148800) >= av_promo(0), max_promo(147771840)
[2024-05-14T13:37:17.044+0530][16.428s][58783][58869][info ] GC(0) Concurrent Abortable Preclean 5006.402ms
[2024-05-14T13:37:17.053+0530][16.434s][58783][58870][info ] Application time: 0.3744919 seconds
[2024-05-14T13:37:17.111+0530][16.496s][58783][58870][info ] Entering safepoint region: CMS_Final_Remark
[2024-05-14T13:37:17.150+0530][16.534s][58783][58870][trace] GC(0) eden 0x00000000a2400000-0x00000000ab0ed1c0-0x00000000ac400000(167772160)
[2024-05-14T13:37:17.157+0530][16.538s][58783][58870][trace] GC(0) _eden_chunk_index=1, _eden_chunk_capacity=11521
[2024-05-14T13:37:17.157+0530][16.538s][58783][58870][trace] GC(0) _eden_chunk_array[0]=0x00000000ab0ed1c0
[2024-05-14T13:37:17.157+0530][16.538s][58783][58870][trace] GC(0) survivor 0x00000000ac400000-0x00000000ac400000-0x00000000ad800000(20971520)
[2024-05-14T13:37:17.157+0530][16.538s][58783][58870][trace] GC(0) _survivor_chunk_index=0, _survivor_chunk_capacity=10240
[2024-05-14T13:37:17.303+0530][16.687s][58783][58870][info ] GC(0) Pause Remark 140M->140M(1480M) 155.423ms
[2024-05-14T13:37:17.310+0530][16.691s][58783][58870][info ] Leaving safepoint region
[2024-05-14T13:37:17.310+0530][16.692s][58783][58870][info ] Total time for which application threads were stopped: 0.2576288 seconds, Stopping threads took: 0.0738312 seconds
[2024-05-14T13:37:17.313+0530][16.694s][58783][58869][info ] GC(0) Concurrent Sweep
[2024-05-14T13:37:17.314+0530][16.695s][58783][58869][info ] GC(0) Concurrent Sweep 1.225ms
[2024-05-14T13:37:17.315+0530][16.697s][58783][58869][info ] GC(0) Concurrent Reset
[2024-05-14T13:37:17.318+0530][16.699s][58783][58869][info ] GC(0) Concurrent Reset 2.746ms
[2024-05-14T13:37:17.324+0530][16.708s][58783][58869][info ] GC(0) Old: 0K->0K(1331200K)
[2024-05-14T13:37:21.340+0530][20.747s][58783][58870][info ] Application time: 4.0149147 seconds
[2024-05-14T13:37:21.664+0530][21.051s][58783][58870][info ] Entering safepoint region: Cleanup
[2024-05-14T13:37:21.753+0530][21.138s][58783][58870][info ] Leaving safepoint region
[2024-05-14T13:37:21.770+0530][21.152s][58783][58870][info ] Total time for which application threads were stopped: 0.3458062 seconds, Stopping threads took: 0.2641410 seconds
[2024-05-14T13:37:22.786+0530][22.171s][58783][58870][info ] Application time: 1.0099747 seconds
[2024-05-14T13:37:22.894+0530][22.294s][58783][58870][info ] Entering safepoint region: Cleanup
[2024-05-14T13:37:22.986+0530][22.373s][58783][58870][info ] Leaving safepoint region
[2024-05-14T13:37:23.035+0530][22.430s][58783][58870][info ] Total time for which application threads were stopped: 0.1557637 seconds, Stopping threads took: 0.0902319 seconds
[2024-05-14T13:37:27.341+0530][26.741s][58783][58869][trace] CMS: promo attempt is safe: available(1363148800) >= av_promo(0), max_promo(151128320)
[2024-05-14T13:37:31.146+0530][30.560s][58783][58870][info ] Application time: 8.0383435 seconds
[2024-05-14T13:37:31.482+0530][30.889s][58783][58870][info ] Entering safepoint region: Cleanup
[2024-05-14T13:37:31.676+0530][31.060s][58783][58870][info ] Leaving safepoint region
[2024-05-14T13:37:31.684+0530][31.084s][58783][58870][info ] Total time for which application threads were stopped: 0.4630318 seconds, Stopping threads took: 0.3505208 seconds
[2024-05-14T13:37:32.761+0530][32.153s][58783][58870][info ] Application time: 1.0142012 seconds
[2024-05-14T13:37:33.552+0530][32.948s][58783][58870][info ] Entering safepoint region: Cleanup
[2024-05-14T13:37:33.755+0530][33.140s][58783][58870][info ] Leaving safepoint region
[2024-05-14T13:37:33.778+0530][33.183s][58783][58870][info ] Total time for which application threads were stopped: 0.9540678 seconds, Stopping threads took: 0.8053941 seconds
[2024-05-14T13:37:34.842+0530][34.243s][58783][58870][info ] Application time: 1.0080374 seconds
[2024-05-14T13:37:35.142+0530][34.535s][58783][58870][info ] Entering safepoint region: Cleanup
[2024-05-14T13:37:35.286+0530][34.679s][58783][58870][info ] Leaving safepoint region
[2024-05-14T13:37:35.346+0530][34.740s][58783][58870][info ] Total time for which application threads were stopped: 0.4350983 seconds, Stopping threads took: 0.2674641 seconds
[2024-05-14T13:37:37.454+0530][36.879s][58783][58869][trace] CMS: promo attempt is safe: available(1363148800) >= av_promo(0), max_promo(151128320)
[2024-05-14T13:37:40.438+0530][39.848s][58783][58870][info ] Application time: 5.0334324 seconds
[2024-05-14T13:37:40.524+0530][39.907s][58783][58870][info ] Entering safepoint region: Cleanup
[2024-05-14T13:37:40.530+0530][39.911s][58783][58870][info ] Leaving safepoint region
[2024-05-14T13:37:40.531+0530][39.912s][58783][58870][info ] Total time for which application threads were stopped: 0.0066479 seconds, Stopping threads took: 0.0028466 seconds
[2024-05-14T13:37:43.569+0530][42.996s][58783][58870][info ] Application time: 3.0215934 seconds
[2024-05-14T13:37:45.252+0530][44.635s][58783][58870][info ] Entering safepoint region: Cleanup
[2024-05-14T13:37:45.256+0530][44.637s][58783][58870][info ] Leaving safepoint region
[2024-05-14T13:37:45.256+0530][44.638s][58783][58870][info ] Total time for which application threads were stopped: 1.5145147 seconds, Stopping threads took: 1.5120902 seconds
[2024-05-14T13:37:46.288+0530][45.752s][58783][58870][info ] Application time: 1.0131007 seconds
[2024-05-14T13:37:46.533+0530][45.997s][58783][58870][info ] Entering safepoint region: Cleanup
[2024-05-14T13:37:47.109+0530][46.527s][58783][58870][info ] Leaving safepoint region
[2024-05-14T13:37:47.263+0530][46.678s][58783][58870][info ] Total time for which application threads were stopped: 0.7580813 seconds, Stopping threads took: 0.1968076 seconds
[2024-05-14T13:37:47.644+0530][47.136s][58783][58869][trace] CMS: promo attempt is safe: available(1363148800) >= av_promo(0), max_promo(157839256)
[2024-05-14T13:37:48.456+0530][47.902s][58783][58870][info ] Application time: 1.0235480 seconds
[2024-05-14T13:37:48.730+0530][48.185s][58783][58870][info ] Entering safepoint region: Cleanup
[2024-05-14T13:37:48.976+0530][48.389s][58783][58870][info ] Leaving safepoint region
[2024-05-14T13:37:49.155+0530][48.571s][58783][58870][info ] Total time for which application threads were stopped: 0.5208020 seconds, Stopping threads took: 0.3125115 seconds
[2024-05-14T13:37:50.324+0530][49.803s][58783][58870][info ] Application time: 1.0193526 seconds
[2024-05-14T13:37:50.543+0530][49.927s][58783][58870][info ] Entering safepoint region: Cleanup
[2024-05-14T13:37:50.553+0530][49.934s][58783][58870][info ] Leaving safepoint region
[2024-05-14T13:37:50.553+0530][49.934s][58783][58870][info ] Total time for which application threads were stopped: 0.0697021 seconds, Stopping threads took: 0.0652330 seconds
[2024-05-14T13:37:50.971+0530][50.353s][58783][58870][info ] Application time: 0.4167352 seconds
[2024-05-14T13:37:50.972+0530][50.354s][58783][58870][info ] Entering safepoint region: Deoptimize
[2024-05-14T13:37:50.977+0530][50.358s][58783][58870][info ] Leaving safepoint region
[2024-05-14T13:37:50.977+0530][50.358s][58783][58870][info ] Total time for which application threads were stopped: 0.0048816 seconds, Stopping threads took: 0.0001836 seconds
[2024-05-14T13:37:51.990+0530][51.379s][58783][58870][info ] Application time: 1.0027838 seconds
[2024-05-14T13:37:52.004+0530][51.388s][58783][58870][info ] Entering safepoint region: Cleanup
[2024-05-14T13:37:52.172+0530][51.555s][58783][58870][info ] Leaving safepoint region
[2024-05-14T13:37:52.176+0530][51.557s][58783][58870][info ] Total time for which application threads were stopped: 0.1729424 seconds, Stopping threads took: 0.0079309 seconds
[2024-05-14T13:37:53.202+0530][52.660s][58783][58870][info ] Application time: 1.0062302 seconds
[2024-05-14T13:37:53.409+0530][52.813s][58783][58870][info ] Entering safepoint region: Cleanup
[2024-05-14T13:37:53.724+0530][53.106s][58783][58870][info ] Leaving safepoint region
[2024-05-14T13:37:53.727+0530][53.108s][58783][58870][info ] Total time for which application threads were stopped: 0.3556140 seconds, Stopping threads took: 0.1704692 seconds
[2024-05-14T13:37:54.751+0530][54.156s][58783][58870][info ] Application time: 1.0054067 seconds
[2024-05-14T13:37:55.136+0530][54.545s][58783][58870][info ] Entering safepoint region: Cleanup
[2024-05-14T13:37:55.565+0530][54.979s][58783][58870][info ] Leaving safepoint region
[2024-05-14T13:37:55.686+0530][55.112s][58783][58870][info ] Total time for which application threads were stopped: 0.7664617 seconds, Stopping threads took: 0.3224313 seconds
[2024-05-14T13:37:56.849+0530][56.329s][58783][58870][info ] Application time: 1.0231069 seconds
[2024-05-14T13:37:57.162+0530][56.546s][58783][58870][info ] Entering safepoint region: Cleanup
[2024-05-14T13:37:57.170+0530][56.551s][58783][58870][info ] Leaving safepoint region
[2024-05-14T13:37:57.171+0530][56.552s][58783][58870][info ] Total time for which application threads were stopped: 0.0396381 seconds, Stopping threads took: 0.0346458 seconds
[2024-05-14T13:37:57.607+0530][56.989s][58783][58870][info ] Application time: 0.4350103 seconds
[2024-05-14T13:37:57.608+0530][56.989s][58783][58870][info ] Entering safepoint region: GenCollectForAllocation
[2024-05-14T13:37:57.611+0530][56.992s][58783][58870][debug] GC(1) Heap before GC invocations=0 (full 1): par new generation   total 184320K, used 163840K [0x00000000a2400000, 0x00000000aec00000, 0x00000000aec00000)
[2024-05-14T13:37:57.611+0530][56.992s][58783][58870][debug] GC(1)   eden space 163840K, 100% used [0x00000000a2400000, 0x00000000ac400000, 0x00000000ac400000)
[2024-05-14T13:37:57.611+0530][56.992s][58783][58870][debug] GC(1)   from space 20480K,   0% used [0x00000000ac400000, 0x00000000ac400000, 0x00000000ad800000)
[2024-05-14T13:37:57.611+0530][56.992s][58783][58870][debug] GC(1)   to   space 20480K,   0% used [0x00000000ad800000, 0x00000000ad800000, 0x00000000aec00000)
[2024-05-14T13:37:57.612+0530][56.993s][58783][58870][debug] GC(1)  concurrent mark-sweep generation total 1331200K, used 0K [0x00000000aec00000, 0x0000000100000000, 0x0000000100000000)
[2024-05-14T13:37:57.612+0530][56.993s][58783][58870][debug] GC(1)  Metaspace       used 26386K, capacity 27025K, committed 27232K, reserved 1073152K
[2024-05-14T13:37:57.612+0530][56.993s][58783][58870][debug] GC(1)   class space    used 2985K, capacity 3220K, committed 3276K, reserved 1048576K
[2024-05-14T13:37:57.616+0530][56.997s][58783][58870][trace] CMS: promo attempt is safe: available(1363148800) >= av_promo(0), max_promo(167772160)
[2024-05-14T13:37:57.625+0530][57.006s][58783][58870][debug] GC(1) Desired survivor size 10485760 bytes, new threshold 1 (max threshold 1)
[2024-05-14T13:37:57.625+0530][57.007s][58783][58870][info ] GC(1) ParNew: 163840K->11423K(184320K)
[2024-05-14T13:37:57.626+0530][57.007s][58783][58870][info ] GC(1) CMS: 0K->0K(1331200K)
[2024-05-14T13:37:57.626+0530][57.007s][58783][58870][info ] GC(1) Pause Young (Allocation Failure) 160M->11M(1480M) 13.122ms
[2024-05-14T13:37:57.626+0530][57.007s][58783][58870][debug] GC(1) Heap after GC invocations=1 (full 1): par new generation   total 184320K, used 11423K [0x00000000a2400000, 0x00000000aec00000, 0x00000000aec00000)
[2024-05-14T13:37:57.626+0530][57.007s][58783][58870][debug] GC(1)   eden space 163840K,   0% used [0x00000000a2400000, 0x00000000a2400000, 0x00000000ac400000)
[2024-05-14T13:37:57.626+0530][57.007s][58783][58870][debug] GC(1)   from space 20480K,  55% used [0x00000000ad800000, 0x00000000ae327d40, 0x00000000aec00000)
[2024-05-14T13:37:57.626+0530][57.008s][58783][58870][debug] GC(1)   to   space 20480K,   0% used [0x00000000ac400000, 0x00000000ac400000, 0x00000000ad800000)
[2024-05-14T13:37:57.627+0530][57.008s][58783][58870][debug] GC(1)  concurrent mark-sweep generation total 1331200K, used 0K [0x00000000aec00000, 0x0000000100000000, 0x0000000100000000)
[2024-05-14T13:37:57.627+0530][57.008s][58783][58870][debug] GC(1)  Metaspace       used 26386K, capacity 27025K, committed 27232K, reserved 1073152K
[2024-05-14T13:37:57.627+0530][57.008s][58783][58870][debug] GC(1)   class space    used 2985K, capacity 3220K, committed 3276K, reserved 1048576K
[2024-05-14T13:37:57.627+0530][57.008s][58783][58870][info ] Leaving safepoint region
[2024-05-14T13:37:57.627+0530][57.008s][58783][58870][info ] Total time for which application threads were stopped: 0.0188047 seconds, Stopping threads took: 0.0001581 seconds
[2024-05-14T13:37:57.627+0530][57.008s][58783][58869][trace] CMS: promo attempt is safe: available(1363148800) >= av_promo(0), max_promo(16730720)
[2024-05-14T13:37:57.640+0530][57.023s][58783][58869][trace] CMS: promo attempt is safe: available(1363148800) >= av_promo(0), max_promo(22905400)
[2024-05-14T13:37:57.647+0530][57.030s][58783][58866][info ] Heap
[2024-05-14T13:37:57.806+0530][57.237s][58783][58866][info ]  par new generation   total 184320K, used 24072K [0x00000000a2400000, 0x00000000aec00000, 0x00000000aec00000)
[2024-05-14T13:37:58.066+0530][57.549s][58783][58866][info ]   eden space 163840K,   7% used [0x00000000a2400000, 0x00000000a305a4b8, 0x00000000ac400000)
[2024-05-14T13:37:58.197+0530][57.580s][58783][58866][info ]   from space 20480K,  55% used [0x00000000ad800000, 0x00000000ae327d40, 0x00000000aec00000)
[2024-05-14T13:37:58.200+0530][57.581s][58783][58866][info ]   to   space 20480K,   0% used [0x00000000ac400000, 0x00000000ac400000, 0x00000000ad800000)
[2024-05-14T13:37:58.201+0530][57.582s][58783][58866][info ]  concurrent mark-sweep generation total 1331200K, used 0K [0x00000000aec00000, 0x0000000100000000, 0x0000000100000000)
[2024-05-14T13:37:58.202+0530][57.583s][58783][58866][info ]  Metaspace       used 26389K, capacity 27025K, committed 27232K, reserved 1073152K
[2024-05-14T13:37:58.202+0530][57.583s][58783][58866][info ]   class space    used 2985K, capacity 3220K, committed 3276K, reserved 1048576K
[2024-05-14T13:37:58.205+0530][57.586s][58783][58866][debug] Accumulated young generation GC time 0.0102305 secs, 1 GC's, avg GC time 0.0102305
[2024-05-14T13:37:58.205+0530][57.586s][58783][58866][debug] Accumulated old generation GC time 0.0000000 secs, 0 GC's, avg GC time 0.0000000
[2024-05-14T13:37:58.206+0530][57.587s][58783][58870][info ] Application time: 0.5783606 seconds
[2024-05-14T13:37:58.207+0530][57.588s][58783][58870][info ] Entering safepoint region: Exit
